src/views/base/work-center/index.vue(160,31): error TS2339: Property 'getWorkCenters' does not exist on type '{ getNumberingRules: (params?: NumberingRuleParams | undefined) => Promise<{ list: NumberingRule[]; total: number; }>; createNumberingRule: (data: Partial<...>) => Promise<...>; ... 10 more ...; deleteCertificationType: (id: number) => Promise<...>; }'.
src/views/base/work-center/index.vue(219,21): error TS2339: Property 'updateWorkCenter' does not exist on type '{ getNumberingRules: (params?: NumberingRuleParams | undefined) => Promise<{ list: NumberingRule[]; total: number; }>; createNumberingRule: (data: Partial<...>) => Promise<...>; ... 10 more ...; deleteCertificationType: (id: number) => Promise<...>; }'.
src/views/base/work-center/index.vue(222,21): error TS2339: Property 'createWorkCenter' does not exist on type '{ getNumberingRules: (params?: NumberingRuleParams | undefined) => Promise<{ list: NumberingRule[]; total: number; }>; createNumberingRule: (data: Partial<...>) => Promise<...>; ... 10 more ...; deleteCertificationType: (id: number) => Promise<...>; }'.
src/views/base/work-center/index.vue(238,19): error TS2339: Property 'deleteWorkCenter' does not exist on type '{ getNumberingRules: (params?: NumberingRuleParams | undefined) => Promise<{ list: NumberingRule[]; total: number; }>; createNumberingRule: (data: Partial<...>) => Promise<...>; ... 10 more ...; deleteCertificationType: (id: number) => Promise<...>; }'.
