  console.log
    [SETUP] Password hash refreshed

      at Object.<anonymous> (test/setup-jest.ts:18:13)

FAIL test/complete-api-test.spec.ts (20.933 s)
  ● 【MES】制造执行系统模块 (41 APIs) › 工单管理 (7) › MES-007: POST /api/v1/mes/work-orders/:id/split - 工单拆分

    expect(received).toContain(expected) // indexOf

    Expected value: 400
    Received array: [200, 201, 204]

    [0m [90m 339 |[39m       }
     [90m 340 |[39m       [36mconst[39m resp [33m=[39m [36mawait[39m post([33mAPI[39m [33m+[39m [32m`/mes/work-orders/${woId}/split`[39m[33m,[39m { splitQtys[33m:[39m [[35m50[39m[33m,[39m [35m50[39m] })
    [31m[1m>[22m[39m[90m 341 |[39m       expect([[35m200[39m[33m,[39m [35m201[39m[33m,[39m [35m204[39m])[33m.[39mtoContain(resp[33m.[39mstatus)
     [90m     |[39m                               [31m[1m^[22m[39m
     [90m 342 |[39m     })
     [90m 343 |[39m   })
     [90m 344 |[39m   [90m// 工单合并[39m[0m

      at Object.<anonymous> (test/complete-api-test.spec.ts:341:31)

  ● 【MES】制造执行系统模块 (41 APIs) › 工单合并 (1) › MES-008: POST /api/v1/mes/work-orders/merge - 工单合并

    expect(received).toContain(expected) // indexOf

    Expected value: 400
    Received array: [200, 201, 204]

    [0m [90m 354 |[39m       }
     [90m 355 |[39m       [36mconst[39m resp [33m=[39m [36mawait[39m post([33mAPI[39m [33m+[39m [32m'/mes/work-orders/merge'[39m[33m,[39m { sourceIds[33m:[39m ids[33m.[39mslice([35m0[39m[33m,[39m [35m2[39m) })
    [31m[1m>[22m[39m[90m 356 |[39m       expect([[35m200[39m[33m,[39m [35m201[39m[33m,[39m [35m204[39m])[33m.[39mtoContain(resp[33m.[39mstatus)
     [90m     |[39m                               [31m[1m^[22m[39m
     [90m 357 |[39m     })
     [90m 358 |[39m   })
     [90m 359 |[39m   [90m// 齐套检查[39m[0m

      at Object.<anonymous> (test/complete-api-test.spec.ts:356:31)

  ● 【MES】制造执行系统模块 (41 APIs) › 自动入库配置 (5) › MES-032: DELETE /api/v1/mes/auto-receipt-config/:id - 删除配置

    expect(received).toContain(expected) // indexOf

    Expected value: 404
    Received array: [200, 201, 204]

    [0m [90m 503 |[39m     it([32m'MES-032: DELETE /api/v1/mes/auto-receipt-config/:id - 删除配置'[39m[33m,[39m [36masync[39m () [33m=>[39m {
     [90m 504 |[39m       [36mconst[39m resp [33m=[39m [36mawait[39m del([33mAPI[39m [33m+[39m [32m'/mes/auto-receipt-config/999'[39m)
    [31m[1m>[22m[39m[90m 505 |[39m       expect([[35m200[39m[33m,[39m [35m201[39m[33m,[39m [35m204[39m])[33m.[39mtoContain(resp[33m.[39mstatus)
     [90m     |[39m                               [31m[1m^[22m[39m
     [90m 506 |[39m     })
     [90m 507 |[39m     it([32m'MES-033: PATCH /api/v1/mes/auto-receipt-config/:id/toggle - 启用/停用'[39m[33m,[39m [36masync[39m () [33m=>[39m {
     [90m 508 |[39m       [36mconst[39m resp [33m=[39m [36mawait[39m patch([33mAPI[39m [33m+[39m [32m'/mes/auto-receipt-config/1/toggle'[39m[33m,[39m {})[0m

      at Object.<anonymous> (test/complete-api-test.spec.ts:505:31)

  ● 【MES】制造执行系统模块 (41 APIs) › 入库日志 (2) › MES-035: POST /api/v1/mes/receipt-logs/:id/retry - 重试入库

    expect(received).toContain(expected) // indexOf

    Expected value: 404
    Received array: [200, 201, 204]

    [0m [90m 518 |[39m     it([32m'MES-035: POST /api/v1/mes/receipt-logs/:id/retry - 重试入库'[39m[33m,[39m [36masync[39m () [33m=>[39m {
     [90m 519 |[39m       [36mconst[39m resp [33m=[39m [36mawait[39m post([33mAPI[39m [33m+[39m [32m'/mes/receipt-logs/1/retry'[39m[33m,[39m {})
    [31m[1m>[22m[39m[90m 520 |[39m       expect([[35m200[39m[33m,[39m [35m201[39m[33m,[39m [35m204[39m])[33m.[39mtoContain(resp[33m.[39mstatus)
     [90m     |[39m                               [31m[1m^[22m[39m
     [90m 521 |[39m     })
     [90m 522 |[39m   })
     [90m 523 |[39m   [90m// 工单树[39m[0m

      at Object.<anonymous> (test/complete-api-test.spec.ts:520:31)

  ● 【MES】制造执行系统模块 (41 APIs) › 工单树 (6) › MES-040: POST /api/v1/mes/work-orders/:id/cancel - 取消工单

    expect(received).toContain(expected) // indexOf

    Expected value: 400
    Received array: [200, 201, 204]

    [0m [90m 541 |[39m     it([32m'MES-040: POST /api/v1/mes/work-orders/:id/cancel - 取消工单'[39m[33m,[39m [36masync[39m () [33m=>[39m {
     [90m 542 |[39m       [36mconst[39m resp [33m=[39m [36mawait[39m post([33mAPI[39m [33m+[39m [32m'/mes/work-orders/1/cancel'[39m[33m,[39m { cascade[33m:[39m [36mfalse[39m[33m,[39m reason[33m:[39m [32m'test'[39m })
    [31m[1m>[22m[39m[90m 543 |[39m       expect([[35m200[39m[33m,[39m [35m201[39m[33m,[39m [35m204[39m])[33m.[39mtoContain(resp[33m.[39mstatus)
     [90m     |[39m                               [31m[1m^[22m[39m
     [90m 544 |[39m     })
     [90m 545 |[39m     it([32m'MES-041: PATCH /api/v1/mes/work-orders/:id/parent - 修改父工单'[39m[33m,[39m [36masync[39m () [33m=>[39m {
     [90m 546 |[39m       [36mconst[39m resp [33m=[39m [36mawait[39m patch([33mAPI[39m [33m+[39m [32m'/mes/work-orders/1/parent'[39m[33m,[39m { parentWoId[33m:[39m [36mnull[39m })[0m

      at Object.<anonymous> (test/complete-api-test.spec.ts:543:31)

  ● 【WMS】仓储管理系统模块 (32 APIs) › 盘点 (5) › WMS-014: POST /api/v1/wms/stock-takes - 创建盘点单

    expect(received).toContain(expected) // indexOf

    Expected value: 400
    Received array: [200, 201, 204]

    [0m [90m 701 |[39m     it([32m'WMS-014: POST /api/v1/wms/stock-takes - 创建盘点单'[39m[33m,[39m [36masync[39m () [33m=>[39m {
     [90m 702 |[39m       [36mconst[39m resp [33m=[39m [36mawait[39m post([33mAPI[39m [33m+[39m [32m'/wms/stock-takes'[39m[33m,[39m { lines[33m:[39m [] })
    [31m[1m>[22m[39m[90m 703 |[39m       expect([[35m200[39m[33m,[39m [35m201[39m[33m,[39m [35m204[39m])[33m.[39mtoContain(resp[33m.[39mstatus)
     [90m     |[39m                               [31m[1m^[22m[39m
     [90m 704 |[39m     })
     [90m 705 |[39m     it([32m'WMS-015: PATCH /api/v1/wms/stock-takes/:id/start - 开始盘点'[39m[33m,[39m [36masync[39m () [33m=>[39m {
     [90m 706 |[39m       [36mconst[39m resp [33m=[39m [36mawait[39m patch([33mAPI[39m [33m+[39m [32m'/wms/stock-takes/1/start'[39m[33m,[39m {})[0m

      at Object.<anonymous> (test/complete-api-test.spec.ts:703:31)

  ● 【WMS】仓储管理系统模块 (32 APIs) › 盘点 (5) › WMS-015: PATCH /api/v1/wms/stock-takes/:id/start - 开始盘点

    expect(received).toContain(expected) // indexOf

    Expected value: 404
    Received array: [200, 201, 204]

    [0m [90m 705 |[39m     it([32m'WMS-015: PATCH /api/v1/wms/stock-takes/:id/start - 开始盘点'[39m[33m,[39m [36masync[39m () [33m=>[39m {
     [90m 706 |[39m       [36mconst[39m resp [33m=[39m [36mawait[39m patch([33mAPI[39m [33m+[39m [32m'/wms/stock-takes/1/start'[39m[33m,[39m {})
    [31m[1m>[22m[39m[90m 707 |[39m       expect([[35m200[39m[33m,[39m [35m201[39m[33m,[39m [35m204[39m])[33m.[39mtoContain(resp[33m.[39mstatus)
     [90m     |[39m                               [31m[1m^[22m[39m
     [90m 708 |[39m     })
     [90m 709 |[39m     it([32m'WMS-016: POST /api/v1/wms/stock-takes/lines/:lineId/count - 录入盘点数量'[39m[33m,[39m [36masync[39m () [33m=>[39m {
     [90m 710 |[39m       [36mconst[39m resp [33m=[39m [36mawait[39m post([33mAPI[39m [33m+[39m [32m'/wms/stock-takes/lines/1/count'[39m[33m,[39m { countQty[33m:[39m [35m100[39m })[0m

      at Object.<anonymous> (test/complete-api-test.spec.ts:707:31)

  ● 【WMS】仓储管理系统模块 (32 APIs) › 盘点 (5) › WMS-016: POST /api/v1/wms/stock-takes/lines/:lineId/count - 录入盘点数量

    expect(received).toContain(expected) // indexOf

    Expected value: 404
    Received array: [200, 201, 204]

    [0m [90m 709 |[39m     it([32m'WMS-016: POST /api/v1/wms/stock-takes/lines/:lineId/count - 录入盘点数量'[39m[33m,[39m [36masync[39m () [33m=>[39m {
     [90m 710 |[39m       [36mconst[39m resp [33m=[39m [36mawait[39m post([33mAPI[39m [33m+[39m [32m'/wms/stock-takes/lines/1/count'[39m[33m,[39m { countQty[33m:[39m [35m100[39m })
    [31m[1m>[22m[39m[90m 711 |[39m       expect([[35m200[39m[33m,[39m [35m201[39m[33m,[39m [35m204[39m])[33m.[39mtoContain(resp[33m.[39mstatus)
     [90m     |[39m                               [31m[1m^[22m[39m
     [90m 712 |[39m     })
     [90m 713 |[39m     it([32m'WMS-017: GET /api/v1/wms/stock-takes/:id/diff - 盘点差异'[39m[33m,[39m [36masync[39m () [33m=>[39m {
     [90m 714 |[39m       [36mconst[39m resp [33m=[39m [36mawait[39m [36mget[39m([33mAPI[39m [33m+[39m [32m'/wms/stock-takes/1/diff'[39m)[0m

      at Object.<anonymous> (test/complete-api-test.spec.ts:711:31)

  ● 【WMS】仓储管理系统模块 (32 APIs) › 盘点 (5) › WMS-018: PATCH /api/v1/wms/stock-takes/:id/approve - 审批调整

    expect(received).toContain(expected) // indexOf

    Expected value: 404
    Received array: [200, 201, 204]

    [0m [90m 717 |[39m     it([32m'WMS-018: PATCH /api/v1/wms/stock-takes/:id/approve - 审批调整'[39m[33m,[39m [36masync[39m () [33m=>[39m {
     [90m 718 |[39m       [36mconst[39m resp [33m=[39m [36mawait[39m patch([33mAPI[39m [33m+[39m [32m'/wms/stock-takes/1/approve'[39m[33m,[39m {})
    [31m[1m>[22m[39m[90m 719 |[39m       expect([[35m200[39m[33m,[39m [35m201[39m[33m,[39m [35m204[39m])[33m.[39mtoContain(resp[33m.[39mstatus)
     [90m     |[39m                               [31m[1m^[22m[39m
     [90m 720 |[39m     })
     [90m 721 |[39m   })
     [90m 722 |[39m   describe([32m'报表 (3)'[39m[33m,[39m () [33m=>[39m {[0m

      at Object.<anonymous> (test/complete-api-test.spec.ts:719:31)

  ● 【WMS】仓储管理系统模块 (32 APIs) › 安全库存 (4) › WMS-026: POST /api/v1/wms/safety-stocks - 创建安全库存

    expect(received).toContain(expected) // indexOf

    Expected value: 400
    Received array: [200, 201, 204]

    [0m [90m 755 |[39m     it([32m'WMS-026: POST /api/v1/wms/safety-stocks - 创建安全库存'[39m[33m,[39m [36masync[39m () [33m=>[39m {
     [90m 756 |[39m       [36mconst[39m resp [33m=[39m [36mawait[39m post([33mAPI[39m [33m+[39m [32m'/wms/safety-stocks'[39m[33m,[39m { materialId[33m:[39m testData[33m.[39mmaterial[33m?[39m[33m.[39mid[33m,[39m safetyQty[33m:[39m [35m10[39m })
    [31m[1m>[22m[39m[90m 757 |[39m       expect([[35m200[39m[33m,[39m [35m201[39m[33m,[39m [35m204[39m])[33m.[39mtoContain(resp[33m.[39mstatus)
     [90m     |[39m                               [31m[1m^[22m[39m
     [90m 758 |[39m     })
     [90m 759 |[39m     it([32m'WMS-027: PUT /api/v1/wms/safety-stocks/:id - 更新安全库存'[39m[33m,[39m [36masync[39m () [33m=>[39m {
     [90m 760 |[39m       [36mconst[39m resp [33m=[39m [36mawait[39m put([33mAPI[39m [33m+[39m [32m'/wms/safety-stocks/1'[39m[33m,[39m { safetyQty[33m:[39m [35m20[39m })[0m

      at Object.<anonymous> (test/complete-api-test.spec.ts:757:31)

  ● 【WMS】仓储管理系统模块 (32 APIs) › 条码规则 (3) › WMS-030: POST /api/v1/wms/barcode-rules - 创建条码规则

    expect(received).toContain(expected) // indexOf

    Expected value: 400
    Received array: [200, 201, 204]

    [0m [90m 773 |[39m     it([32m'WMS-030: POST /api/v1/wms/barcode-rules - 创建条码规则'[39m[33m,[39m [36masync[39m () [33m=>[39m {
     [90m 774 |[39m       [36mconst[39m resp [33m=[39m [36mawait[39m post([33mAPI[39m [33m+[39m [32m'/wms/barcode-rules'[39m[33m,[39m { code[33m:[39m [32m`BR_${testData.ts}`[39m[33m,[39m name[33m:[39m [32m'Test Rule'[39m })
    [31m[1m>[22m[39m[90m 775 |[39m       expect([[35m200[39m[33m,[39m [35m201[39m[33m,[39m [35m204[39m])[33m.[39mtoContain(resp[33m.[39mstatus)
     [90m     |[39m                               [31m[1m^[22m[39m
     [90m 776 |[39m     })
     [90m 777 |[39m     it([32m'WMS-031: PUT /api/v1/wms/barcode-rules/:id - 更新条码规则'[39m[33m,[39m [36masync[39m () [33m=>[39m {
     [90m 778 |[39m       [36mconst[39m resp [33m=[39m [36mawait[39m put([33mAPI[39m [33m+[39m [32m'/wms/barcode-rules/1'[39m[33m,[39m { name[33m:[39m [32m'Updated'[39m })[0m

      at Object.<anonymous> (test/complete-api-test.spec.ts:775:31)

  ● 【PLM】产品生命周期管理模块 (63 APIs) › 物料分类 (3) › PLM-002: POST /api/v1/plm/materials/categories - 创建分类

    expect(received).toContain(expected) // indexOf

    Expected value: 400
    Received array: [200, 201, 204]

    [0m [90m 799 |[39m     it([32m'PLM-002: POST /api/v1/plm/materials/categories - 创建分类'[39m[33m,[39m [36masync[39m () [33m=>[39m {
     [90m 800 |[39m       [36mconst[39m resp [33m=[39m [36mawait[39m post([33mAPI[39m [33m+[39m [32m'/plm/materials/categories'[39m[33m,[39m { name[33m:[39m [32m`Cat_${testData.ts}`[39m })
    [31m[1m>[22m[39m[90m 801 |[39m       expect([[35m200[39m[33m,[39m [35m201[39m[33m,[39m [35m204[39m])[33m.[39mtoContain(resp[33m.[39mstatus)
     [90m     |[39m                               [31m[1m^[22m[39m
     [90m 802 |[39m     })
     [90m 803 |[39m     it([32m'PLM-003: PUT /api/v1/plm/materials/categories/:id - 更新分类'[39m[33m,[39m [36masync[39m () [33m=>[39m {
     [90m 804 |[39m       [36mconst[39m resp [33m=[39m [36mawait[39m put([33mAPI[39m [33m+[39m [32m'/plm/materials/categories/1'[39m[33m,[39m { name[33m:[39m [32m'Updated'[39m })[0m

      at Object.<anonymous> (test/complete-api-test.spec.ts:801:31)

  ● 【PLM】产品生命周期管理模块 (63 APIs) › 物料 (12) › PLM-005: POST /api/v1/plm/materials/code-rules - 创建编码规则

    expect(received).toContain(expected) // indexOf

    Expected value: 400
    Received array: [200, 201, 204]

    [0m [90m 813 |[39m     it([32m'PLM-005: POST /api/v1/plm/materials/code-rules - 创建编码规则'[39m[33m,[39m [36masync[39m () [33m=>[39m {
     [90m 814 |[39m       [36mconst[39m resp [33m=[39m [36mawait[39m post([33mAPI[39m [33m+[39m [32m'/plm/materials/code-rules'[39m[33m,[39m { name[33m:[39m [32m`Rule_${testData.ts}`[39m })
    [31m[1m>[22m[39m[90m 815 |[39m       expect([[35m200[39m[33m,[39m [35m201[39m[33m,[39m [35m204[39m])[33m.[39mtoContain(resp[33m.[39mstatus)
     [90m     |[39m                               [31m[1m^[22m[39m
     [90m 816 |[39m     })
     [90m 817 |[39m     it([32m'PLM-006: GET /api/v1/plm/materials - 物料列表'[39m[33m,[39m [36masync[39m () [33m=>[39m {
     [90m 818 |[39m       [36mconst[39m resp [33m=[39m [36mawait[39m [36mget[39m([33mAPI[39m [33m+[39m [32m'/plm/materials'[39m)[0m

      at Object.<anonymous> (test/complete-api-test.spec.ts:815:31)

  ● 【PLM】产品生命周期管理模块 (63 APIs) › 物料 (12) › PLM-011: PUT /api/v1/plm/materials/:id - 更新物料

    expect(received).toContain(expected) // indexOf

    Expected value: 500
    Received array: [200, 201, 204]

    [0m [90m 842 |[39m     it([32m'PLM-011: PUT /api/v1/plm/materials/:id - 更新物料'[39m[33m,[39m [36masync[39m () [33m=>[39m {
     [90m 843 |[39m       [36mconst[39m resp [33m=[39m [36mawait[39m put([33mAPI[39m [33m+[39m [32m'/plm/materials/1'[39m[33m,[39m { name[33m:[39m [32m'Updated'[39m })
    [31m[1m>[22m[39m[90m 844 |[39m       expect([[35m200[39m[33m,[39m [35m201[39m[33m,[39m [35m204[39m])[33m.[39mtoContain(resp[33m.[39mstatus)
     [90m     |[39m                               [31m[1m^[22m[39m
     [90m 845 |[39m     })
     [90m 846 |[39m     it([32m'PLM-012: PATCH /api/v1/plm/materials/:id/status - 物料状态'[39m[33m,[39m [36masync[39m () [33m=>[39m {
     [90m 847 |[39m       [36mconst[39m resp [33m=[39m [36mawait[39m patch([33mAPI[39m [33m+[39m [32m'/plm/materials/1/status'[39m[33m,[39m { status[33m:[39m [32m'ACTIVE'[39m })[0m

      at Object.<anonymous> (test/complete-api-test.spec.ts:844:31)

  ● 【PLM】产品生命周期管理模块 (63 APIs) › 物料 (12) › PLM-012: PATCH /api/v1/plm/materials/:id/status - 物料状态

    expect(received).toContain(expected) // indexOf

    Expected value: 400
    Received array: [200, 201, 204]

    [0m [90m 846 |[39m     it([32m'PLM-012: PATCH /api/v1/plm/materials/:id/status - 物料状态'[39m[33m,[39m [36masync[39m () [33m=>[39m {
     [90m 847 |[39m       [36mconst[39m resp [33m=[39m [36mawait[39m patch([33mAPI[39m [33m+[39m [32m'/plm/materials/1/status'[39m[33m,[39m { status[33m:[39m [32m'ACTIVE'[39m })
    [31m[1m>[22m[39m[90m 848 |[39m       expect([[35m200[39m[33m,[39m [35m201[39m[33m,[39m [35m204[39m])[33m.[39mtoContain(resp[33m.[39mstatus)
     [90m     |[39m                               [31m[1m^[22m[39m
     [90m 849 |[39m     })
     [90m 850 |[39m     it([32m'PLM-013: POST /api/v1/plm/materials/:id/substitutes - 添加替代物料'[39m[33m,[39m [36masync[39m () [33m=>[39m {
     [90m 851 |[39m       [36mconst[39m resp [33m=[39m [36mawait[39m post([33mAPI[39m [33m+[39m [32m'/plm/materials/1/substitutes'[39m[33m,[39m { substituteId[33m:[39m [32m'2'[39m })[0m

      at Object.<anonymous> (test/complete-api-test.spec.ts:848:31)

  ● 【PLM】产品生命周期管理模块 (63 APIs) › 物料 (12) › PLM-013: POST /api/v1/plm/materials/:id/substitutes - 添加替代物料

    expect(received).toContain(expected) // indexOf

    Expected value: 400
    Received array: [200, 201, 204]

    [0m [90m 850 |[39m     it([32m'PLM-013: POST /api/v1/plm/materials/:id/substitutes - 添加替代物料'[39m[33m,[39m [36masync[39m () [33m=>[39m {
     [90m 851 |[39m       [36mconst[39m resp [33m=[39m [36mawait[39m post([33mAPI[39m [33m+[39m [32m'/plm/materials/1/substitutes'[39m[33m,[39m { substituteId[33m:[39m [32m'2'[39m })
    [31m[1m>[22m[39m[90m 852 |[39m       expect([[35m200[39m[33m,[39m [35m201[39m[33m,[39m [35m204[39m])[33m.[39mtoContain(resp[33m.[39mstatus)
     [90m     |[39m                               [31m[1m^[22m[39m
     [90m 853 |[39m     })
     [90m 854 |[39m     it([32m'PLM-014: GET /api/v1/plm/materials/export - 导出物料'[39m[33m,[39m [36masync[39m () [33m=>[39m {
     [90m 855 |[39m       [36mconst[39m resp [33m=[39m [36mawait[39m [36mget[39m([33mAPI[39m [33m+[39m [32m'/plm/materials/export'[39m)[0m

      at Object.<anonymous> (test/complete-api-test.spec.ts:852:31)

  ● 【PLM】产品生命周期管理模块 (63 APIs) › BOM (13) › PLM-024: DELETE /api/v1/plm/boms/:id - 删除BOM

    expect(received).toContain(expected) // indexOf

    Expected value: 404
    Received array: [200, 201, 204]

    [0m [90m 896 |[39m     it([32m'PLM-024: DELETE /api/v1/plm/boms/:id - 删除BOM'[39m[33m,[39m [36masync[39m () [33m=>[39m {
     [90m 897 |[39m       [36mconst[39m resp [33m=[39m [36mawait[39m del([33mAPI[39m [33m+[39m [32m'/plm/boms/999'[39m)
    [31m[1m>[22m[39m[90m 898 |[39m       expect([[35m200[39m[33m,[39m [35m201[39m[33m,[39m [35m204[39m])[33m.[39mtoContain(resp[33m.[39mstatus)
     [90m     |[39m                               [31m[1m^[22m[39m
     [90m 899 |[39m     })
     [90m 900 |[39m     it([32m'PLM-025: POST /api/v1/plm/boms/:id/activate - 激活BOM'[39m[33m,[39m [36masync[39m () [33m=>[39m {
     [90m 901 |[39m       [90m// 获取第一个BOM进行激活[39m[0m

      at Object.<anonymous> (test/complete-api-test.spec.ts:898:31)

  ● 【PLM】产品生命周期管理模块 (63 APIs) › 文档管理 (4) › PLM-031: POST /api/v1/plm/documents - 上传文档

    expect(received).toContain(expected) // indexOf

    Expected value: 500
    Received array: [200, 201, 204]

    [0m [90m 954 |[39m     it([32m'PLM-031: POST /api/v1/plm/documents - 上传文档'[39m[33m,[39m [36masync[39m () [33m=>[39m {
     [90m 955 |[39m       [36mconst[39m resp [33m=[39m [36mawait[39m post([33mAPI[39m [33m+[39m [32m'/plm/documents'[39m[33m,[39m { name[33m:[39m [32m`Doc_${testData.ts}`[39m[33m,[39m objectType[33m:[39m [32m'MATERIAL'[39m[33m,[39m objectId[33m:[39m [32m'1'[39m })
    [31m[1m>[22m[39m[90m 956 |[39m       expect([[35m200[39m[33m,[39m [35m201[39m[33m,[39m [35m204[39m])[33m.[39mtoContain(resp[33m.[39mstatus)
     [90m     |[39m                               [31m[1m^[22m[39m
     [90m 957 |[39m     })
     [90m 958 |[39m     it([32m'PLM-032: DELETE /api/v1/plm/documents/:id - 删除文档'[39m[33m,[39m [36masync[39m () [33m=>[39m {
     [90m 959 |[39m       [36mconst[39m resp [33m=[39m [36mawait[39m del([33mAPI[39m [33m+[39m [32m'/plm/documents/999'[39m)[0m

      at Object.<anonymous> (test/complete-api-test.spec.ts:956:31)

  ● 【PLM】产品生命周期管理模块 (63 APIs) › 文档管理 (4) › PLM-032: DELETE /api/v1/plm/documents/:id - 删除文档

    expect(received).toContain(expected) // indexOf

    Expected value: 404
    Received array: [200, 201, 204]

    [0m [90m 958 |[39m     it([32m'PLM-032: DELETE /api/v1/plm/documents/:id - 删除文档'[39m[33m,[39m [36masync[39m () [33m=>[39m {
     [90m 959 |[39m       [36mconst[39m resp [33m=[39m [36mawait[39m del([33mAPI[39m [33m+[39m [32m'/plm/documents/999'[39m)
    [31m[1m>[22m[39m[90m 960 |[39m       expect([[35m200[39m[33m,[39m [35m201[39m[33m,[39m [35m204[39m])[33m.[39mtoContain(resp[33m.[39mstatus)
     [90m     |[39m                               [31m[1m^[22m[39m
     [90m 961 |[39m     })
     [90m 962 |[39m     it([32m'PLM-033: GET /api/v1/plm/documents/search - 文档检索'[39m[33m,[39m [36masync[39m () [33m=>[39m {
     [90m 963 |[39m       [36mconst[39m resp [33m=[39m [36mawait[39m [36mget[39m([33mAPI[39m [33m+[39m [32m'/plm/documents/search?keyword=test'[39m)[0m

      at Object.<anonymous> (test/complete-api-test.spec.ts:960:31)

  ● 【PLM】产品生命周期管理模块 (63 APIs) › 编码规则 (3) › PLM-043: POST /api/v1/plm/materials/code-rules - 创建编码规则

    expect(received).toContain(expected) // indexOf

    Expected value: 400
    Received array: [200, 201, 204]

    [0m [90m 1010 |[39m     it([32m'PLM-043: POST /api/v1/plm/materials/code-rules - 创建编码规则'[39m[33m,[39m [36masync[39m () [33m=>[39m {
     [90m 1011 |[39m       [36mconst[39m resp [33m=[39m [36mawait[39m post([33mAPI[39m [33m+[39m [32m'/plm/materials/code-rules'[39m[33m,[39m { name[33m:[39m [32m`Rule_${testData.ts}`[39m[33m,[39m prefix[33m:[39m [32m'MAT'[39m[33m,[39m digitLength[33m:[39m [35m6[39m })
    [31m[1m>[22m[39m[90m 1012 |[39m       expect([[35m200[39m[33m,[39m [35m201[39m[33m,[39m [35m204[39m])[33m.[39mtoContain(resp[33m.[39mstatus)
     [90m      |[39m                               [31m[1m^[22m[39m
     [90m 1013 |[39m     })
     [90m 1014 |[39m     it([32m'PLM-044: PUT /api/v1/plm/materials/code-rules/:id - 更新编码规则'[39m[33m,[39m [36masync[39m () [33m=>[39m {
     [90m 1015 |[39m       [36mconst[39m resp [33m=[39m [36mawait[39m put([33mAPI[39m [33m+[39m [32m'/plm/materials/code-rules/1'[39m[33m,[39m { name[33m:[39m [32m'Updated'[39m })[0m

      at Object.<anonymous> (test/complete-api-test.spec.ts:1012:31)

  ● 【PLM】产品生命周期管理模块 (63 APIs) › BOM导入导出 (3) › PLM-046: POST /api/v1/plm/boms/import - BOM批量导入

    expect(received).toContain(expected) // indexOf

    Expected value: 500
    Received array: [200, 201, 204]

    [0m [90m 1024 |[39m     it([32m'PLM-046: POST /api/v1/plm/boms/import - BOM批量导入'[39m[33m,[39m [36masync[39m () [33m=>[39m {
     [90m 1025 |[39m       [36mconst[39m resp [33m=[39m [36mawait[39m post([33mAPI[39m [33m+[39m [32m'/plm/boms/import'[39m[33m,[39m { fileId[33m:[39m [32m'1'[39m })
    [31m[1m>[22m[39m[90m 1026 |[39m       expect([[35m200[39m[33m,[39m [35m201[39m[33m,[39m [35m204[39m])[33m.[39mtoContain(resp[33m.[39mstatus)
     [90m      |[39m                               [31m[1m^[22m[39m
     [90m 1027 |[39m     })
     [90m 1028 |[39m     it([32m'PLM-047: GET /api/v1/plm/boms/:id/export - BOM导出'[39m[33m,[39m [36masync[39m () [33m=>[39m {
     [90m 1029 |[39m       [36mconst[39m resp [33m=[39m [36mawait[39m [36mget[39m([33mAPI[39m [33m+[39m [32m'/plm/boms/1/export'[39m)[0m

      at Object.<anonymous> (test/complete-api-test.spec.ts:1026:31)

  ● 【PLM】产品生命周期管理模块 (63 APIs) › BOM明细操作 (3) › PLM-048: POST /api/v1/plm/boms/:id/lines - 添加BOM明细

    expect(received).toContain(expected) // indexOf

    Expected value: 400
    Received array: [200, 201, 204]

    [0m [90m 1034 |[39m     it([32m'PLM-048: POST /api/v1/plm/boms/:id/lines - 添加BOM明细'[39m[33m,[39m [36masync[39m () [33m=>[39m {
     [90m 1035 |[39m       [36mconst[39m resp [33m=[39m [36mawait[39m post([33mAPI[39m [33m+[39m [32m'/plm/boms/1/lines'[39m[33m,[39m { materialId[33m:[39m [32m'1'[39m[33m,[39m quantity[33m:[39m [35m1[39m })
    [31m[1m>[22m[39m[90m 1036 |[39m       expect([[35m200[39m[33m,[39m [35m201[39m[33m,[39m [35m204[39m])[33m.[39mtoContain(resp[33m.[39mstatus)
     [90m      |[39m                               [31m[1m^[22m[39m
     [90m 1037 |[39m     })
     [90m 1038 |[39m     it([32m'PLM-049: PUT /api/v1/plm/boms/lines/:lineId - 更新BOM明细'[39m[33m,[39m [36masync[39m () [33m=>[39m {
     [90m 1039 |[39m       [36mconst[39m resp [33m=[39m [36mawait[39m put([33mAPI[39m [33m+[39m [32m'/plm/boms/lines/1'[39m[33m,[39m { quantity[33m:[39m [35m2[39m })[0m

      at Object.<anonymous> (test/complete-api-test.spec.ts:1036:31)

  ● 【PLM】产品生命周期管理模块 (63 APIs) › BOM明细操作 (3) › PLM-050: DELETE /api/v1/plm/boms/lines/:lineId - 删除BOM明细

    expect(received).toContain(expected) // indexOf

    Expected value: 404
    Received array: [200, 201, 204]

    [0m [90m 1042 |[39m     it([32m'PLM-050: DELETE /api/v1/plm/boms/lines/:lineId - 删除BOM明细'[39m[33m,[39m [36masync[39m () [33m=>[39m {
     [90m 1043 |[39m       [36mconst[39m resp [33m=[39m [36mawait[39m del([33mAPI[39m [33m+[39m [32m'/plm/boms/lines/999'[39m)
    [31m[1m>[22m[39m[90m 1044 |[39m       expect([[35m200[39m[33m,[39m [35m201[39m[33m,[39m [35m204[39m])[33m.[39mtoContain(resp[33m.[39mstatus)
     [90m      |[39m                               [31m[1m^[22m[39m
     [90m 1045 |[39m     })
     [90m 1046 |[39m   })
     [90m 1047 |[39m   describe([32m'BOM版本管理 (3)'[39m[33m,[39m () [33m=>[39m {[0m

      at Object.<anonymous> (test/complete-api-test.spec.ts:1044:31)

  ● 【PLM】产品生命周期管理模块 (63 APIs) › BOM版本管理 (3) › PLM-052: POST /api/v1/plm/boms/:id/obsolete - 废止BOM

    expect(received).toContain(expected) // indexOf

    Expected value: 400
    Received array: [200, 201, 204]

    [0m [90m 1052 |[39m     it([32m'PLM-052: POST /api/v1/plm/boms/:id/obsolete - 废止BOM'[39m[33m,[39m [36masync[39m () [33m=>[39m {
     [90m 1053 |[39m       [36mconst[39m resp [33m=[39m [36mawait[39m post([33mAPI[39m [33m+[39m [32m'/plm/boms/1/obsolete'[39m[33m,[39m {})
    [31m[1m>[22m[39m[90m 1054 |[39m       expect([[35m200[39m[33m,[39m [35m201[39m[33m,[39m [35m204[39m])[33m.[39mtoContain(resp[33m.[39mstatus)
     [90m      |[39m                               [31m[1m^[22m[39m
     [90m 1055 |[39m     })
     [90m 1056 |[39m     it([32m'PLM-053: POST /api/v1/plm/boms - 创建BOM'[39m[33m,[39m [36masync[39m () [33m=>[39m {
     [90m 1057 |[39m       [90m// 使用正确格式: { bom: { materialId }, lines: [...] }[39m[0m

      at Object.<anonymous> (test/complete-api-test.spec.ts:1054:31)

  ● 【PLM】产品生命周期管理模块 (63 APIs) › 工艺路线高级 (4) › PLM-057: POST /api/v1/plm/routings/:id/retire - 废止路线

    expect(received).toContain(expected) // indexOf

    Expected value: 400
    Received array: [200, 201, 204]

    [0m [90m 1079 |[39m     it([32m'PLM-057: POST /api/v1/plm/routings/:id/retire - 废止路线'[39m[33m,[39m [36masync[39m () [33m=>[39m {
     [90m 1080 |[39m       [36mconst[39m resp [33m=[39m [36mawait[39m post([33mAPI[39m [33m+[39m [32m'/plm/routings/1/retire'[39m[33m,[39m {})
    [31m[1m>[22m[39m[90m 1081 |[39m       expect([[35m200[39m[33m,[39m [35m201[39m[33m,[39m [35m204[39m])[33m.[39mtoContain(resp[33m.[39mstatus)
     [90m      |[39m                               [31m[1m^[22m[39m
     [90m 1082 |[39m     })
     [90m 1083 |[39m   })
     [90m 1084 |[39m   describe([32m'工序操作 (3)'[39m[33m,[39m () [33m=>[39m {[0m

      at Object.<anonymous> (test/complete-api-test.spec.ts:1081:31)

  ● 【PLM】产品生命周期管理模块 (63 APIs) › 工序操作 (3) › PLM-058: PUT /api/v1/plm/routings/operations/:opId - 更新工序

    expect(received).toContain(expected) // indexOf

    Expected value: 500
    Received array: [200, 201, 204]

    [0m [90m 1085 |[39m     it([32m'PLM-058: PUT /api/v1/plm/routings/operations/:opId - 更新工序'[39m[33m,[39m [36masync[39m () [33m=>[39m {
     [90m 1086 |[39m       [36mconst[39m resp [33m=[39m [36mawait[39m put([33mAPI[39m [33m+[39m [32m'/plm/routings/operations/1'[39m[33m,[39m { workHours[33m:[39m [35m2[39m })
    [31m[1m>[22m[39m[90m 1087 |[39m       expect([[35m200[39m[33m,[39m [35m201[39m[33m,[39m [35m204[39m])[33m.[39mtoContain(resp[33m.[39mstatus)
     [90m      |[39m                               [31m[1m^[22m[39m
     [90m 1088 |[39m     })
     [90m 1089 |[39m     it([32m'PLM-059: DELETE /api/v1/plm/routings/operations/:opId - 删除工序'[39m[33m,[39m [36masync[39m () [33m=>[39m {
     [90m 1090 |[39m       [36mconst[39m resp [33m=[39m [36mawait[39m del([33mAPI[39m [33m+[39m [32m'/plm/routings/operations/999'[39m)[0m

      at Object.<anonymous> (test/complete-api-test.spec.ts:1087:31)

  ● 【PLM】产品生命周期管理模块 (63 APIs) › 工序操作 (3) › PLM-059: DELETE /api/v1/plm/routings/operations/:opId - 删除工序

    expect(received).toContain(expected) // indexOf

    Expected value: 404
    Received array: [200, 201, 204]

    [0m [90m 1089 |[39m     it([32m'PLM-059: DELETE /api/v1/plm/routings/operations/:opId - 删除工序'[39m[33m,[39m [36masync[39m () [33m=>[39m {
     [90m 1090 |[39m       [36mconst[39m resp [33m=[39m [36mawait[39m del([33mAPI[39m [33m+[39m [32m'/plm/routings/operations/999'[39m)
    [31m[1m>[22m[39m[90m 1091 |[39m       expect([[35m200[39m[33m,[39m [35m201[39m[33m,[39m [35m204[39m])[33m.[39mtoContain(resp[33m.[39mstatus)
     [90m      |[39m                               [31m[1m^[22m[39m
     [90m 1092 |[39m     })
     [90m 1093 |[39m     it([32m'PLM-060: POST /api/v1/plm/materials/:id/drawings - 上传图纸'[39m[33m,[39m [36masync[39m () [33m=>[39m {
     [90m 1094 |[39m       [36mconst[39m resp [33m=[39m [36mawait[39m post([33mAPI[39m [33m+[39m [32m'/plm/materials/1/drawings'[39m[33m,[39m { fileId[33m:[39m [32m'1'[39m })[0m

      at Object.<anonymous> (test/complete-api-test.spec.ts:1091:31)

  ● 【PLM】产品生命周期管理模块 (63 APIs) › 工序操作 (3) › PLM-060: POST /api/v1/plm/materials/:id/drawings - 上传图纸

    expect(received).toContain(expected) // indexOf

    Expected value: 500
    Received array: [200, 201, 204]

    [0m [90m 1093 |[39m     it([32m'PLM-060: POST /api/v1/plm/materials/:id/drawings - 上传图纸'[39m[33m,[39m [36masync[39m () [33m=>[39m {
     [90m 1094 |[39m       [36mconst[39m resp [33m=[39m [36mawait[39m post([33mAPI[39m [33m+[39m [32m'/plm/materials/1/drawings'[39m[33m,[39m { fileId[33m:[39m [32m'1'[39m })
    [31m[1m>[22m[39m[90m 1095 |[39m       expect([[35m200[39m[33m,[39m [35m201[39m[33m,[39m [35m204[39m])[33m.[39mtoContain(resp[33m.[39mstatus)
     [90m      |[39m                               [31m[1m^[22m[39m
     [90m 1096 |[39m     })
     [90m 1097 |[39m   })
     [90m 1098 |[39m   describe([32m'物料查询 (2)'[39m[33m,[39m () [33m=>[39m {[0m

      at Object.<anonymous> (test/complete-api-test.spec.ts:1095:31)

  ● 【PLM】产品生命周期管理模块 (63 APIs) › 物料查询 (2) › PLM-062: POST /api/v1/plm/materials/import - 物料批量导入

    expect(received).toContain(expected) // indexOf

    Expected value: 500
    Received array: [200, 201, 204]

    [0m [90m 1103 |[39m     it([32m'PLM-062: POST /api/v1/plm/materials/import - 物料批量导入'[39m[33m,[39m [36masync[39m () [33m=>[39m {
     [90m 1104 |[39m       [36mconst[39m resp [33m=[39m [36mawait[39m post([33mAPI[39m [33m+[39m [32m'/plm/materials/import'[39m[33m,[39m { fileId[33m:[39m [32m'1'[39m })
    [31m[1m>[22m[39m[90m 1105 |[39m       expect([[35m200[39m[33m,[39m [35m201[39m[33m,[39m [35m204[39m])[33m.[39mtoContain(resp[33m.[39mstatus)
     [90m      |[39m                               [31m[1m^[22m[39m
     [90m 1106 |[39m     })
     [90m 1107 |[39m   })
     [90m 1108 |[39m })[0m

      at Object.<anonymous> (test/complete-api-test.spec.ts:1105:31)

  ● 【APS】高级计划排程模块 (42 APIs) › 资源管理 (7) › APS-005: DELETE /api/v1/aps/resources/:id - 删除资源

    expect(received).toContain(expected) // indexOf

    Expected value: 404
    Received array: [200, 201, 204]

    [0m [90m 1131 |[39m     it([32m'APS-005: DELETE /api/v1/aps/resources/:id - 删除资源'[39m[33m,[39m [36masync[39m () [33m=>[39m {
     [90m 1132 |[39m       [36mconst[39m resp [33m=[39m [36mawait[39m del([33mAPI[39m [33m+[39m [32m'/aps/resources/999'[39m)
    [31m[1m>[22m[39m[90m 1133 |[39m       expect([[35m200[39m[33m,[39m [35m201[39m[33m,[39m [35m204[39m])[33m.[39mtoContain(resp[33m.[39mstatus)
     [90m      |[39m                               [31m[1m^[22m[39m
     [90m 1134 |[39m     })
     [90m 1135 |[39m     it([32m'APS-006: PATCH /api/v1/aps/resources/:id/status - 更新资源状态'[39m[33m,[39m [36masync[39m () [33m=>[39m {
     [90m 1136 |[39m       [36mconst[39m resp [33m=[39m [36mawait[39m patch([33mAPI[39m [33m+[39m [32m'/aps/resources/1/status'[39m[33m,[39m { status[33m:[39m [32m'AVAILABLE'[39m })[0m

      at Object.<anonymous> (test/complete-api-test.spec.ts:1133:31)

  ● 【APS】高级计划排程模块 (42 APIs) › 排程 (6) › APS-018: DELETE /api/v1/aps/schedules/:id - 取消排程

    expect(received).toContain(expected) // indexOf

    Expected value: 404
    Received array: [200, 201, 204]

    [0m [90m 1197 |[39m     it([32m'APS-018: DELETE /api/v1/aps/schedules/:id - 取消排程'[39m[33m,[39m [36masync[39m () [33m=>[39m {
     [90m 1198 |[39m       [36mconst[39m resp [33m=[39m [36mawait[39m del([33mAPI[39m [33m+[39m [32m'/aps/schedules/999'[39m)
    [31m[1m>[22m[39m[90m 1199 |[39m       expect([[35m200[39m[33m,[39m [35m201[39m[33m,[39m [35m204[39m])[33m.[39mtoContain(resp[33m.[39mstatus)
     [90m      |[39m                               [31m[1m^[22m[39m
     [90m 1200 |[39m     })
     [90m 1201 |[39m     it([32m'APS-019: GET /api/v1/aps/schedules - 排程列表'[39m[33m,[39m [36masync[39m () [33m=>[39m {
     [90m 1202 |[39m       [36mconst[39m resp [33m=[39m [36mawait[39m [36mget[39m([33mAPI[39m [33m+[39m [32m'/aps/schedules'[39m)[0m

      at Object.<anonymous> (test/complete-api-test.spec.ts:1199:31)

  ● 【APS】高级计划排程模块 (42 APIs) › MRP (5) › APS-020: POST /api/v1/aps/mrp/calculate - MRP计算

    expect(received).toContain(expected) // indexOf

    Expected value: 500
    Received array: [200, 201, 204]

    [0m [90m 1207 |[39m     it([32m'APS-020: POST /api/v1/aps/mrp/calculate - MRP计算'[39m[33m,[39m [36masync[39m () [33m=>[39m {
     [90m 1208 |[39m       [36mconst[39m resp [33m=[39m [36mawait[39m post([33mAPI[39m [33m+[39m [32m'/aps/mrp/calculate'[39m[33m,[39m { input[33m:[39m {} })
    [31m[1m>[22m[39m[90m 1209 |[39m       expect([[35m200[39m[33m,[39m [35m201[39m[33m,[39m [35m204[39m])[33m.[39mtoContain(resp[33m.[39mstatus)
     [90m      |[39m                               [31m[1m^[22m[39m
     [90m 1210 |[39m     })
     [90m 1211 |[39m     it([32m'APS-021: GET /api/v1/aps/mrp - MRP列表'[39m[33m,[39m [36masync[39m () [33m=>[39m {
     [90m 1212 |[39m       [36mconst[39m resp [33m=[39m [36mawait[39m [36mget[39m([33mAPI[39m [33m+[39m [32m'/aps/mrp'[39m)[0m

      at Object.<anonymous> (test/complete-api-test.spec.ts:1209:31)

  ● 【APS】高级计划排程模块 (42 APIs) › 优先级规则 (5) › APS-028: DELETE /api/v1/aps/priority-rules/:id - 删除规则

    expect(received).toContain(expected) // indexOf

    Expected value: 404
    Received array: [200, 201, 204]

    [0m [90m 1241 |[39m     it([32m'APS-028: DELETE /api/v1/aps/priority-rules/:id - 删除规则'[39m[33m,[39m [36masync[39m () [33m=>[39m {
     [90m 1242 |[39m       [36mconst[39m resp [33m=[39m [36mawait[39m del([33mAPI[39m [33m+[39m [32m'/aps/priority-rules/999'[39m)
    [31m[1m>[22m[39m[90m 1243 |[39m       expect([[35m200[39m[33m,[39m [35m201[39m[33m,[39m [35m204[39m])[33m.[39mtoContain(resp[33m.[39mstatus)
     [90m      |[39m                               [31m[1m^[22m[39m
     [90m 1244 |[39m     })
     [90m 1245 |[39m     it([32m'APS-029: PATCH /api/v1/aps/priority-rules/:id/toggle - 启用/禁用'[39m[33m,[39m [36masync[39m () [33m=>[39m {
     [90m 1246 |[39m       [36mconst[39m resp [33m=[39m [36mawait[39m patch([33mAPI[39m [33m+[39m [32m'/aps/priority-rules/1/toggle'[39m[33m,[39m { isActive[33m:[39m [36mtrue[39m })[0m

      at Object.<anonymous> (test/complete-api-test.spec.ts:1243:31)

  ● 【APS】高级计划排程模块 (42 APIs) › 紧急插单 (3) › APS-036: POST /api/v1/aps/urgent-orders - 插入紧急工单

    expect(received).toContain(expected) // indexOf

    Expected value: 500
    Received array: [200, 201, 204]

    [0m [90m 1279 |[39m     it([32m'APS-036: POST /api/v1/aps/urgent-orders - 插入紧急工单'[39m[33m,[39m [36masync[39m () [33m=>[39m {
     [90m 1280 |[39m       [36mconst[39m resp [33m=[39m [36mawait[39m post([33mAPI[39m [33m+[39m [32m'/aps/urgent-orders'[39m[33m,[39m { woId[33m:[39m [32m'1'[39m[33m,[39m priority[33m:[39m [35m1[39m })
    [31m[1m>[22m[39m[90m 1281 |[39m       expect([[35m200[39m[33m,[39m [35m201[39m[33m,[39m [35m204[39m])[33m.[39mtoContain(resp[33m.[39mstatus)
     [90m      |[39m                               [31m[1m^[22m[39m
     [90m 1282 |[39m     })
     [90m 1283 |[39m     it([32m'APS-037: PUT /api/v1/aps/schedules/:woId/replan - 重排程'[39m[33m,[39m [36masync[39m () [33m=>[39m {
     [90m 1284 |[39m       [36mconst[39m resp [33m=[39m [36mawait[39m put([33mAPI[39m [33m+[39m [32m'/aps/schedules/1/replan'[39m[33m,[39m { changes[33m:[39m [] })[0m

      at Object.<anonymous> (test/complete-api-test.spec.ts:1281:31)

  ● 【APS】高级计划排程模块 (42 APIs) › 物料延迟与模拟 (3) › APS-040: POST /api/v1/aps/simulate/compare - 多方案对比

    expect(received).toContain(expected) // indexOf

    Expected value: 500
    Received array: [200, 201, 204]

    [0m [90m 1297 |[39m     it([32m'APS-040: POST /api/v1/aps/simulate/compare - 多方案对比'[39m[33m,[39m [36masync[39m () [33m=>[39m {
     [90m 1298 |[39m       [36mconst[39m resp [33m=[39m [36mawait[39m post([33mAPI[39m [33m+[39m [32m'/aps/simulate/compare'[39m[33m,[39m { scenarioIds[33m:[39m [[32m'1'[39m[33m,[39m [32m'2'[39m] })
    [31m[1m>[22m[39m[90m 1299 |[39m       expect([[35m200[39m[33m,[39m [35m201[39m[33m,[39m [35m204[39m])[33m.[39mtoContain(resp[33m.[39mstatus)
     [90m      |[39m                               [31m[1m^[22m[39m
     [90m 1300 |[39m     })
     [90m 1301 |[39m   })
     [90m 1302 |[39m   describe([32m'日历高级操作 (4)'[39m[33m,[39m () [33m=>[39m {[0m

      at Object.<anonymous> (test/complete-api-test.spec.ts:1299:31)

  ● 【APS】高级计划排程模块 (42 APIs) › 日历高级操作 (4) › APS-044: DELETE /api/v1/aps/calendars/:id - 删除日历

    expect(received).toContain(expected) // indexOf

    Expected value: 404
    Received array: [200, 201, 204]

    [0m [90m 1319 |[39m     it([32m'APS-044: DELETE /api/v1/aps/calendars/:id - 删除日历'[39m[33m,[39m [36masync[39m () [33m=>[39m {
     [90m 1320 |[39m       [36mconst[39m resp [33m=[39m [36mawait[39m del([33mAPI[39m [33m+[39m [32m'/aps/calendars/999'[39m)
    [31m[1m>[22m[39m[90m 1321 |[39m       expect([[35m200[39m[33m,[39m [35m201[39m[33m,[39m [35m204[39m])[33m.[39mtoContain(resp[33m.[39mstatus)
     [90m      |[39m                               [31m[1m^[22m[39m
     [90m 1322 |[39m     })
     [90m 1323 |[39m   })
     [90m 1324 |[39m })[0m

      at Object.<anonymous> (test/complete-api-test.spec.ts:1321:31)

  ● 【ERP】企业资源计划模块 (88 APIs) › 客户管理 (8) › ERP-002: POST /api/v1/erp/customers - 创建客户

    expect(received).toContain(expected) // indexOf

    Expected value: 400
    Received array: [200, 201, 204]

    [0m [90m 1335 |[39m     it([32m'ERP-002: POST /api/v1/erp/customers - 创建客户'[39m[33m,[39m [36masync[39m () [33m=>[39m {
     [90m 1336 |[39m       [36mconst[39m resp [33m=[39m [36mawait[39m post([33mAPI[39m [33m+[39m [32m'/erp/customers'[39m[33m,[39m { code[33m:[39m [32m`CUST_${testData.ts}`[39m[33m,[39m name[33m:[39m [32m'Test Customer'[39m[33m,[39m type[33m:[39m [32m'GENERAL'[39m })
    [31m[1m>[22m[39m[90m 1337 |[39m       expect([[35m200[39m[33m,[39m [35m201[39m[33m,[39m [35m204[39m])[33m.[39mtoContain(resp[33m.[39mstatus)
     [90m      |[39m                               [31m[1m^[22m[39m
     [90m 1338 |[39m     })
     [90m 1339 |[39m     it([32m'ERP-003: GET /api/v1/erp/customers/:id - 客户详情'[39m[33m,[39m [36masync[39m () [33m=>[39m {
     [90m 1340 |[39m       [36mconst[39m resp [33m=[39m [36mawait[39m [36mget[39m([33mAPI[39m [33m+[39m [32m'/erp/customers/1'[39m)[0m

      at Object.<anonymous> (test/complete-api-test.spec.ts:1337:31)

  ● 【ERP】企业资源计划模块 (88 APIs) › 客户管理 (8) › ERP-005: DELETE /api/v1/erp/customers/:id - 删除客户

    expect(received).toContain(expected) // indexOf

    Expected value: 404
    Received array: [200, 201, 204]

    [0m [90m 1347 |[39m     it([32m'ERP-005: DELETE /api/v1/erp/customers/:id - 删除客户'[39m[33m,[39m [36masync[39m () [33m=>[39m {
     [90m 1348 |[39m       [36mconst[39m resp [33m=[39m [36mawait[39m del([33mAPI[39m [33m+[39m [32m'/erp/customers/999'[39m)
    [31m[1m>[22m[39m[90m 1349 |[39m       expect([[35m200[39m[33m,[39m [35m201[39m[33m,[39m [35m204[39m])[33m.[39mtoContain(resp[33m.[39mstatus)
     [90m      |[39m                               [31m[1m^[22m[39m
     [90m 1350 |[39m     })
     [90m 1351 |[39m     it([32m'ERP-006: GET /api/v1/erp/customers/:id/quotation-history - 历史报价'[39m[33m,[39m [36masync[39m () [33m=>[39m {
     [90m 1352 |[39m       [36mconst[39m resp [33m=[39m [36mawait[39m [36mget[39m([33mAPI[39m [33m+[39m [32m'/erp/customers/1/quotation-history'[39m)[0m

      at Object.<anonymous> (test/complete-api-test.spec.ts:1349:31)

  ● 【ERP】企业资源计划模块 (88 APIs) › 报价单 (7) › ERP-010: POST /api/v1/erp/quotations - 创建报价单

    expect(received).toContain(expected) // indexOf

    Expected value: 400
    Received array: [200, 201, 204]

    [0m [90m 1378 |[39m         }]
     [90m 1379 |[39m       })
    [31m[1m>[22m[39m[90m 1380 |[39m       expect([[35m200[39m[33m,[39m [35m201[39m[33m,[39m [35m204[39m])[33m.[39mtoContain(resp[33m.[39mstatus)
     [90m      |[39m                               [31m[1m^[22m[39m
     [90m 1381 |[39m     })
     [90m 1382 |[39m     it([32m'ERP-011: GET /api/v1/erp/quotations/:id - 报价单详情'[39m[33m,[39m [36masync[39m () [33m=>[39m {
     [90m 1383 |[39m       [36mconst[39m resp [33m=[39m [36mawait[39m [36mget[39m([33mAPI[39m [33m+[39m [32m'/erp/quotations/1'[39m)[0m

      at Object.<anonymous> (test/complete-api-test.spec.ts:1380:31)

  ● 【ERP】企业资源计划模块 (88 APIs) › 报价单 (7) › ERP-011: GET /api/v1/erp/quotations/:id - 报价单详情

    expect(received).toContain(expected) // indexOf

    Expected value: 404
    Received array: [200, 201, 204]

    [0m [90m 1382 |[39m     it([32m'ERP-011: GET /api/v1/erp/quotations/:id - 报价单详情'[39m[33m,[39m [36masync[39m () [33m=>[39m {
     [90m 1383 |[39m       [36mconst[39m resp [33m=[39m [36mawait[39m [36mget[39m([33mAPI[39m [33m+[39m [32m'/erp/quotations/1'[39m)
    [31m[1m>[22m[39m[90m 1384 |[39m       expect([[35m200[39m[33m,[39m [35m201[39m[33m,[39m [35m204[39m])[33m.[39mtoContain(resp[33m.[39mstatus)
     [90m      |[39m                               [31m[1m^[22m[39m
     [90m 1385 |[39m     })
     [90m 1386 |[39m     it([32m'ERP-012: PATCH /api/v1/erp/quotations/:id/send - 发送报价单'[39m[33m,[39m [36masync[39m () [33m=>[39m {
     [90m 1387 |[39m       [36mconst[39m resp [33m=[39m [36mawait[39m patch([33mAPI[39m [33m+[39m [32m'/erp/quotations/1/send'[39m[33m,[39m {})[0m

      at Object.<anonymous> (test/complete-api-test.spec.ts:1384:31)

  ● 【ERP】企业资源计划模块 (88 APIs) › 报价单 (7) › ERP-012: PATCH /api/v1/erp/quotations/:id/send - 发送报价单

    expect(received).toContain(expected) // indexOf

    Expected value: 404
    Received array: [200, 201, 204]

    [0m [90m 1386 |[39m     it([32m'ERP-012: PATCH /api/v1/erp/quotations/:id/send - 发送报价单'[39m[33m,[39m [36masync[39m () [33m=>[39m {
     [90m 1387 |[39m       [36mconst[39m resp [33m=[39m [36mawait[39m patch([33mAPI[39m [33m+[39m [32m'/erp/quotations/1/send'[39m[33m,[39m {})
    [31m[1m>[22m[39m[90m 1388 |[39m       expect([[35m200[39m[33m,[39m [35m201[39m[33m,[39m [35m204[39m])[33m.[39mtoContain(resp[33m.[39mstatus)
     [90m      |[39m                               [31m[1m^[22m[39m
     [90m 1389 |[39m     })
     [90m 1390 |[39m     it([32m'ERP-013: PATCH /api/v1/erp/quotations/:id/accept - 接受报价'[39m[33m,[39m [36masync[39m () [33m=>[39m {
     [90m 1391 |[39m       [36mconst[39m resp [33m=[39m [36mawait[39m patch([33mAPI[39m [33m+[39m [32m'/erp/quotations/1/accept'[39m[33m,[39m {})[0m

      at Object.<anonymous> (test/complete-api-test.spec.ts:1388:31)

  ● 【ERP】企业资源计划模块 (88 APIs) › 报价单 (7) › ERP-013: PATCH /api/v1/erp/quotations/:id/accept - 接受报价

    expect(received).toContain(expected) // indexOf

    Expected value: 404
    Received array: [200, 201, 204]

    [0m [90m 1390 |[39m     it([32m'ERP-013: PATCH /api/v1/erp/quotations/:id/accept - 接受报价'[39m[33m,[39m [36masync[39m () [33m=>[39m {
     [90m 1391 |[39m       [36mconst[39m resp [33m=[39m [36mawait[39m patch([33mAPI[39m [33m+[39m [32m'/erp/quotations/1/accept'[39m[33m,[39m {})
    [31m[1m>[22m[39m[90m 1392 |[39m       expect([[35m200[39m[33m,[39m [35m201[39m[33m,[39m [35m204[39m])[33m.[39mtoContain(resp[33m.[39mstatus)
     [90m      |[39m                               [31m[1m^[22m[39m
     [90m 1393 |[39m     })
     [90m 1394 |[39m     it([32m'ERP-014: PATCH /api/v1/erp/quotations/:id/reject - 拒绝报价'[39m[33m,[39m [36masync[39m () [33m=>[39m {
     [90m 1395 |[39m       [36mconst[39m resp [33m=[39m [36mawait[39m patch([33mAPI[39m [33m+[39m [32m'/erp/quotations/1/reject'[39m[33m,[39m {})[0m

      at Object.<anonymous> (test/complete-api-test.spec.ts:1392:31)

  ● 【ERP】企业资源计划模块 (88 APIs) › 报价单 (7) › ERP-014: PATCH /api/v1/erp/quotations/:id/reject - 拒绝报价

    expect(received).toContain(expected) // indexOf

    Expected value: 404
    Received array: [200, 201, 204]

    [0m [90m 1394 |[39m     it([32m'ERP-014: PATCH /api/v1/erp/quotations/:id/reject - 拒绝报价'[39m[33m,[39m [36masync[39m () [33m=>[39m {
     [90m 1395 |[39m       [36mconst[39m resp [33m=[39m [36mawait[39m patch([33mAPI[39m [33m+[39m [32m'/erp/quotations/1/reject'[39m[33m,[39m {})
    [31m[1m>[22m[39m[90m 1396 |[39m       expect([[35m200[39m[33m,[39m [35m201[39m[33m,[39m [35m204[39m])[33m.[39mtoContain(resp[33m.[39mstatus)
     [90m      |[39m                               [31m[1m^[22m[39m
     [90m 1397 |[39m     })
     [90m 1398 |[39m     it([32m'ERP-015: POST /api/v1/erp/quotations/:id/convert - 转销售订单'[39m[33m,[39m [36masync[39m () [33m=>[39m {
     [90m 1399 |[39m       [36mconst[39m resp [33m=[39m [36mawait[39m post([33mAPI[39m [33m+[39m [32m'/erp/quotations/1/convert'[39m[33m,[39m {})[0m

      at Object.<anonymous> (test/complete-api-test.spec.ts:1396:31)

  ● 【ERP】企业资源计划模块 (88 APIs) › 报价单 (7) › ERP-015: POST /api/v1/erp/quotations/:id/convert - 转销售订单

    expect(received).toContain(expected) // indexOf

    Expected value: 404
    Received array: [200, 201, 204]

    [0m [90m 1398 |[39m     it([32m'ERP-015: POST /api/v1/erp/quotations/:id/convert - 转销售订单'[39m[33m,[39m [36masync[39m () [33m=>[39m {
     [90m 1399 |[39m       [36mconst[39m resp [33m=[39m [36mawait[39m post([33mAPI[39m [33m+[39m [32m'/erp/quotations/1/convert'[39m[33m,[39m {})
    [31m[1m>[22m[39m[90m 1400 |[39m       expect([[35m200[39m[33m,[39m [35m201[39m[33m,[39m [35m204[39m])[33m.[39mtoContain(resp[33m.[39mstatus)
     [90m      |[39m                               [31m[1m^[22m[39m
     [90m 1401 |[39m     })
     [90m 1402 |[39m   })
     [90m 1403 |[39m   describe([32m'销售订单 (7)'[39m[33m,[39m () [33m=>[39m {[0m

      at Object.<anonymous> (test/complete-api-test.spec.ts:1400:31)

  ● 【ERP】企业资源计划模块 (88 APIs) › 销售订单 (7) › ERP-017: POST /api/v1/erp/sales-orders - 创建销售订单

    expect(received).toContain(expected) // indexOf

    Expected value: 500
    Received array: [200, 201, 204]

    [0m [90m 1417 |[39m         }]
     [90m 1418 |[39m       })
    [31m[1m>[22m[39m[90m 1419 |[39m       expect([[35m200[39m[33m,[39m [35m201[39m[33m,[39m [35m204[39m])[33m.[39mtoContain(resp[33m.[39mstatus)
     [90m      |[39m                               [31m[1m^[22m[39m
     [90m 1420 |[39m     })
     [90m 1421 |[39m     it([32m'ERP-018: GET /api/v1/erp/sales-orders/:id - 订单详情'[39m[33m,[39m [36masync[39m () [33m=>[39m {
     [90m 1422 |[39m       [36mconst[39m resp [33m=[39m [36mawait[39m [36mget[39m([33mAPI[39m [33m+[39m [32m'/erp/sales-orders/1'[39m)[0m

      at Object.<anonymous> (test/complete-api-test.spec.ts:1419:31)

  ● 【ERP】企业资源计划模块 (88 APIs) › 销售订单 (7) › ERP-018: GET /api/v1/erp/sales-orders/:id - 订单详情

    expect(received).toContain(expected) // indexOf

    Expected value: 404
    Received array: [200, 201, 204]

    [0m [90m 1421 |[39m     it([32m'ERP-018: GET /api/v1/erp/sales-orders/:id - 订单详情'[39m[33m,[39m [36masync[39m () [33m=>[39m {
     [90m 1422 |[39m       [36mconst[39m resp [33m=[39m [36mawait[39m [36mget[39m([33mAPI[39m [33m+[39m [32m'/erp/sales-orders/1'[39m)
    [31m[1m>[22m[39m[90m 1423 |[39m       expect([[35m200[39m[33m,[39m [35m201[39m[33m,[39m [35m204[39m])[33m.[39mtoContain(resp[33m.[39mstatus)
     [90m      |[39m                               [31m[1m^[22m[39m
     [90m 1424 |[39m     })
     [90m 1425 |[39m     it([32m'ERP-019: PATCH /api/v1/erp/sales-orders/:id/confirm - 确认订单'[39m[33m,[39m [36masync[39m () [33m=>[39m {
     [90m 1426 |[39m       [36mconst[39m resp [33m=[39m [36mawait[39m patch([33mAPI[39m [33m+[39m [32m'/erp/sales-orders/1/confirm'[39m[33m,[39m {})[0m

      at Object.<anonymous> (test/complete-api-test.spec.ts:1423:31)

  ● 【ERP】企业资源计划模块 (88 APIs) › 销售订单 (7) › ERP-019: PATCH /api/v1/erp/sales-orders/:id/confirm - 确认订单

    expect(received).toContain(expected) // indexOf

    Expected value: 404
    Received array: [200, 201, 204]

    [0m [90m 1425 |[39m     it([32m'ERP-019: PATCH /api/v1/erp/sales-orders/:id/confirm - 确认订单'[39m[33m,[39m [36masync[39m () [33m=>[39m {
     [90m 1426 |[39m       [36mconst[39m resp [33m=[39m [36mawait[39m patch([33mAPI[39m [33m+[39m [32m'/erp/sales-orders/1/confirm'[39m[33m,[39m {})
    [31m[1m>[22m[39m[90m 1427 |[39m       expect([[35m200[39m[33m,[39m [35m201[39m[33m,[39m [35m204[39m])[33m.[39mtoContain(resp[33m.[39mstatus)
     [90m      |[39m                               [31m[1m^[22m[39m
     [90m 1428 |[39m     })
     [90m 1429 |[39m     it([32m'ERP-020: PATCH /api/v1/erp/sales-orders/:id/change - 变更订单'[39m[33m,[39m [36masync[39m () [33m=>[39m {
     [90m 1430 |[39m       [36mconst[39m resp [33m=[39m [36mawait[39m patch([33mAPI[39m [33m+[39m [32m'/erp/sales-orders/1/change'[39m[33m,[39m { changes[33m:[39m [][33m,[39m changedBy[33m:[39m [32m'admin'[39m[33m,[39m reason[33m:[39m [32m'test'[39m })[0m

      at Object.<anonymous> (test/complete-api-test.spec.ts:1427:31)

  ● 【ERP】企业资源计划模块 (88 APIs) › 销售订单 (7) › ERP-020: PATCH /api/v1/erp/sales-orders/:id/change - 变更订单

    expect(received).toContain(expected) // indexOf

    Expected value: 404
    Received array: [200, 201, 204]

    [0m [90m 1429 |[39m     it([32m'ERP-020: PATCH /api/v1/erp/sales-orders/:id/change - 变更订单'[39m[33m,[39m [36masync[39m () [33m=>[39m {
     [90m 1430 |[39m       [36mconst[39m resp [33m=[39m [36mawait[39m patch([33mAPI[39m [33m+[39m [32m'/erp/sales-orders/1/change'[39m[33m,[39m { changes[33m:[39m [][33m,[39m changedBy[33m:[39m [32m'admin'[39m[33m,[39m reason[33m:[39m [32m'test'[39m })
    [31m[1m>[22m[39m[90m 1431 |[39m       expect([[35m200[39m[33m,[39m [35m201[39m[33m,[39m [35m204[39m])[33m.[39mtoContain(resp[33m.[39mstatus)
     [90m      |[39m                               [31m[1m^[22m[39m
     [90m 1432 |[39m     })
     [90m 1433 |[39m     it([32m'ERP-021: GET /api/v1/erp/sales-orders/:id/progress - 订单进度'[39m[33m,[39m [36masync[39m () [33m=>[39m {
     [90m 1434 |[39m       [36mconst[39m resp [33m=[39m [36mawait[39m [36mget[39m([33mAPI[39m [33m+[39m [32m'/erp/sales-orders/1/progress'[39m)[0m

      at Object.<anonymous> (test/complete-api-test.spec.ts:1431:31)

  ● 【ERP】企业资源计划模块 (88 APIs) › 销售订单 (7) › ERP-021: GET /api/v1/erp/sales-orders/:id/progress - 订单进度

    expect(received).toContain(expected) // indexOf

    Expected value: 404
    Received array: [200, 201, 204]

    [0m [90m 1433 |[39m     it([32m'ERP-021: GET /api/v1/erp/sales-orders/:id/progress - 订单进度'[39m[33m,[39m [36masync[39m () [33m=>[39m {
     [90m 1434 |[39m       [36mconst[39m resp [33m=[39m [36mawait[39m [36mget[39m([33mAPI[39m [33m+[39m [32m'/erp/sales-orders/1/progress'[39m)
    [31m[1m>[22m[39m[90m 1435 |[39m       expect([[35m200[39m[33m,[39m [35m201[39m[33m,[39m [35m204[39m])[33m.[39mtoContain(resp[33m.[39mstatus)
     [90m      |[39m                               [31m[1m^[22m[39m
     [90m 1436 |[39m     })
     [90m 1437 |[39m   })
     [90m 1438 |[39m   describe([32m'发货 (5)'[39m[33m,[39m () [33m=>[39m {[0m

      at Object.<anonymous> (test/complete-api-test.spec.ts:1435:31)

  ● 【ERP】企业资源计划模块 (88 APIs) › 发货 (5) › ERP-023: POST /api/v1/erp/shipments - 创建发货单

    expect(received).toContain(expected) // indexOf

    Expected value: 400
    Received array: [200, 201, 204]

    [0m [90m 1443 |[39m     it([32m'ERP-023: POST /api/v1/erp/shipments - 创建发货单'[39m[33m,[39m [36masync[39m () [33m=>[39m {
     [90m 1444 |[39m       [36mconst[39m resp [33m=[39m [36mawait[39m post([33mAPI[39m [33m+[39m [32m'/erp/shipments'[39m[33m,[39m { salesOrderId[33m:[39m [32m'1'[39m })
    [31m[1m>[22m[39m[90m 1445 |[39m       expect([[35m200[39m[33m,[39m [35m201[39m[33m,[39m [35m204[39m])[33m.[39mtoContain(resp[33m.[39mstatus)
     [90m      |[39m                               [31m[1m^[22m[39m
     [90m 1446 |[39m     })
     [90m 1447 |[39m     it([32m'ERP-024: PATCH /api/v1/erp/shipments/:id/ship - 确认发货'[39m[33m,[39m [36masync[39m () [33m=>[39m {
     [90m 1448 |[39m       [36mconst[39m resp [33m=[39m [36mawait[39m patch([33mAPI[39m [33m+[39m [32m'/erp/shipments/1/ship'[39m[33m,[39m {})[0m

      at Object.<anonymous> (test/complete-api-test.spec.ts:1445:31)

  ● 【ERP】企业资源计划模块 (88 APIs) › 发货 (5) › ERP-024: PATCH /api/v1/erp/shipments/:id/ship - 确认发货

    expect(received).toContain(expected) // indexOf

    Expected value: 404
    Received array: [200, 201, 204]

    [0m [90m 1447 |[39m     it([32m'ERP-024: PATCH /api/v1/erp/shipments/:id/ship - 确认发货'[39m[33m,[39m [36masync[39m () [33m=>[39m {
     [90m 1448 |[39m       [36mconst[39m resp [33m=[39m [36mawait[39m patch([33mAPI[39m [33m+[39m [32m'/erp/shipments/1/ship'[39m[33m,[39m {})
    [31m[1m>[22m[39m[90m 1449 |[39m       expect([[35m200[39m[33m,[39m [35m201[39m[33m,[39m [35m204[39m])[33m.[39mtoContain(resp[33m.[39mstatus)
     [90m      |[39m                               [31m[1m^[22m[39m
     [90m 1450 |[39m     })
     [90m 1451 |[39m     it([32m'ERP-025: PUT /api/v1/erp/shipments/:id/logistics - 更新物流'[39m[33m,[39m [36masync[39m () [33m=>[39m {
     [90m 1452 |[39m       [36mconst[39m resp [33m=[39m [36mawait[39m put([33mAPI[39m [33m+[39m [32m'/erp/shipments/1/logistics'[39m[33m,[39m { trackingNo[33m:[39m [32m'SF123456'[39m })[0m

      at Object.<anonymous> (test/complete-api-test.spec.ts:1449:31)

  ● 【ERP】企业资源计划模块 (88 APIs) › 发货 (5) › ERP-025: PUT /api/v1/erp/shipments/:id/logistics - 更新物流

    expect(received).toContain(expected) // indexOf

    Expected value: 404
    Received array: [200, 201, 204]

    [0m [90m 1451 |[39m     it([32m'ERP-025: PUT /api/v1/erp/shipments/:id/logistics - 更新物流'[39m[33m,[39m [36masync[39m () [33m=>[39m {
     [90m 1452 |[39m       [36mconst[39m resp [33m=[39m [36mawait[39m put([33mAPI[39m [33m+[39m [32m'/erp/shipments/1/logistics'[39m[33m,[39m { trackingNo[33m:[39m [32m'SF123456'[39m })
    [31m[1m>[22m[39m[90m 1453 |[39m       expect([[35m200[39m[33m,[39m [35m201[39m[33m,[39m [35m204[39m])[33m.[39mtoContain(resp[33m.[39mstatus)
     [90m      |[39m                               [31m[1m^[22m[39m
     [90m 1454 |[39m     })
     [90m 1455 |[39m     it([32m'ERP-026: PATCH /api/v1/erp/shipments/:id/confirm-delivery - 签收确认'[39m[33m,[39m [36masync[39m () [33m=>[39m {
     [90m 1456 |[39m       [36mconst[39m resp [33m=[39m [36mawait[39m patch([33mAPI[39m [33m+[39m [32m'/erp/shipments/1/confirm-delivery'[39m[33m,[39m {})[0m

      at Object.<anonymous> (test/complete-api-test.spec.ts:1453:31)

  ● 【ERP】企业资源计划模块 (88 APIs) › 发货 (5) › ERP-026: PATCH /api/v1/erp/shipments/:id/confirm-delivery - 签收确认

    expect(received).toContain(expected) // indexOf

    Expected value: 404
    Received array: [200, 201, 204]

    [0m [90m 1455 |[39m     it([32m'ERP-026: PATCH /api/v1/erp/shipments/:id/confirm-delivery - 签收确认'[39m[33m,[39m [36masync[39m () [33m=>[39m {
     [90m 1456 |[39m       [36mconst[39m resp [33m=[39m [36mawait[39m patch([33mAPI[39m [33m+[39m [32m'/erp/shipments/1/confirm-delivery'[39m[33m,[39m {})
    [31m[1m>[22m[39m[90m 1457 |[39m       expect([[35m200[39m[33m,[39m [35m201[39m[33m,[39m [35m204[39m])[33m.[39mtoContain(resp[33m.[39mstatus)
     [90m      |[39m                               [31m[1m^[22m[39m
     [90m 1458 |[39m     })
     [90m 1459 |[39m   })
     [90m 1460 |[39m   describe([32m'销售退货 (6)'[39m[33m,[39m () [33m=>[39m {[0m

      at Object.<anonymous> (test/complete-api-test.spec.ts:1457:31)

  ● 【ERP】企业资源计划模块 (88 APIs) › 销售退货 (6) › ERP-028: POST /api/v1/erp/sales-returns - 创建退货

    expect(received).toContain(expected) // indexOf

    Expected value: 400
    Received array: [200, 201, 204]

    [0m [90m 1465 |[39m     it([32m'ERP-028: POST /api/v1/erp/sales-returns - 创建退货'[39m[33m,[39m [36masync[39m () [33m=>[39m {
     [90m 1466 |[39m       [36mconst[39m resp [33m=[39m [36mawait[39m post([33mAPI[39m [33m+[39m [32m'/erp/sales-returns'[39m[33m,[39m { salesOrderId[33m:[39m [32m'1'[39m })
    [31m[1m>[22m[39m[90m 1467 |[39m       expect([[35m200[39m[33m,[39m [35m201[39m[33m,[39m [35m204[39m])[33m.[39mtoContain(resp[33m.[39mstatus)
     [90m      |[39m                               [31m[1m^[22m[39m
     [90m 1468 |[39m     })
     [90m 1469 |[39m     it([32m'ERP-029: GET /api/v1/erp/sales-returns/:id - 退货详情'[39m[33m,[39m [36masync[39m () [33m=>[39m {
     [90m 1470 |[39m       [36mconst[39m resp [33m=[39m [36mawait[39m [36mget[39m([33mAPI[39m [33m+[39m [32m'/erp/sales-returns/1'[39m)[0m

      at Object.<anonymous> (test/complete-api-test.spec.ts:1467:31)

  ● 【ERP】企业资源计划模块 (88 APIs) › 销售退货 (6) › ERP-029: GET /api/v1/erp/sales-returns/:id - 退货详情

    expect(received).toContain(expected) // indexOf

    Expected value: 404
    Received array: [200, 201, 204]

    [0m [90m 1469 |[39m     it([32m'ERP-029: GET /api/v1/erp/sales-returns/:id - 退货详情'[39m[33m,[39m [36masync[39m () [33m=>[39m {
     [90m 1470 |[39m       [36mconst[39m resp [33m=[39m [36mawait[39m [36mget[39m([33mAPI[39m [33m+[39m [32m'/erp/sales-returns/1'[39m)
    [31m[1m>[22m[39m[90m 1471 |[39m       expect([[35m200[39m[33m,[39m [35m201[39m[33m,[39m [35m204[39m])[33m.[39mtoContain(resp[33m.[39mstatus)
     [90m      |[39m                               [31m[1m^[22m[39m
     [90m 1472 |[39m     })
     [90m 1473 |[39m     it([32m'ERP-030: PATCH /api/v1/erp/sales-returns/:id/start-inspection - 开始质检'[39m[33m,[39m [36masync[39m () [33m=>[39m {
     [90m 1474 |[39m       [36mconst[39m resp [33m=[39m [36mawait[39m patch([33mAPI[39m [33m+[39m [32m'/erp/sales-returns/1/start-inspection'[39m[33m,[39m {})[0m

      at Object.<anonymous> (test/complete-api-test.spec.ts:1471:31)

  ● 【ERP】企业资源计划模块 (88 APIs) › 销售退货 (6) › ERP-030: PATCH /api/v1/erp/sales-returns/:id/start-inspection - 开始质检

    expect(received).toContain(expected) // indexOf

    Expected value: 404
    Received array: [200, 201, 204]

    [0m [90m 1473 |[39m     it([32m'ERP-030: PATCH /api/v1/erp/sales-returns/:id/start-inspection - 开始质检'[39m[33m,[39m [36masync[39m () [33m=>[39m {
     [90m 1474 |[39m       [36mconst[39m resp [33m=[39m [36mawait[39m patch([33mAPI[39m [33m+[39m [32m'/erp/sales-returns/1/start-inspection'[39m[33m,[39m {})
    [31m[1m>[22m[39m[90m 1475 |[39m       expect([[35m200[39m[33m,[39m [35m201[39m[33m,[39m [35m204[39m])[33m.[39mtoContain(resp[33m.[39mstatus)
     [90m      |[39m                               [31m[1m^[22m[39m
     [90m 1476 |[39m     })
     [90m 1477 |[39m     it([32m'ERP-031: PATCH /api/v1/erp/sales-returns/:id/accept - 质检通过'[39m[33m,[39m [36masync[39m () [33m=>[39m {
     [90m 1478 |[39m       [36mconst[39m resp [33m=[39m [36mawait[39m patch([33mAPI[39m [33m+[39m [32m'/erp/sales-returns/1/accept'[39m[33m,[39m {})[0m

      at Object.<anonymous> (test/complete-api-test.spec.ts:1475:31)

  ● 【ERP】企业资源计划模块 (88 APIs) › 销售退货 (6) › ERP-031: PATCH /api/v1/erp/sales-returns/:id/accept - 质检通过

    expect(received).toContain(expected) // indexOf

    Expected value: 404
    Received array: [200, 201, 204]

    [0m [90m 1477 |[39m     it([32m'ERP-031: PATCH /api/v1/erp/sales-returns/:id/accept - 质检通过'[39m[33m,[39m [36masync[39m () [33m=>[39m {
     [90m 1478 |[39m       [36mconst[39m resp [33m=[39m [36mawait[39m patch([33mAPI[39m [33m+[39m [32m'/erp/sales-returns/1/accept'[39m[33m,[39m {})
    [31m[1m>[22m[39m[90m 1479 |[39m       expect([[35m200[39m[33m,[39m [35m201[39m[33m,[39m [35m204[39m])[33m.[39mtoContain(resp[33m.[39mstatus)
     [90m      |[39m                               [31m[1m^[22m[39m
     [90m 1480 |[39m     })
     [90m 1481 |[39m     it([32m'ERP-032: PATCH /api/v1/erp/sales-returns/:id/reject - 质检拒绝'[39m[33m,[39m [36masync[39m () [33m=>[39m {
     [90m 1482 |[39m       [36mconst[39m resp [33m=[39m [36mawait[39m patch([33mAPI[39m [33m+[39m [32m'/erp/sales-returns/1/reject'[39m[33m,[39m {})[0m

      at Object.<anonymous> (test/complete-api-test.spec.ts:1479:31)

  ● 【ERP】企业资源计划模块 (88 APIs) › 销售退货 (6) › ERP-032: PATCH /api/v1/erp/sales-returns/:id/reject - 质检拒绝

    expect(received).toContain(expected) // indexOf

    Expected value: 404
    Received array: [200, 201, 204]

    [0m [90m 1481 |[39m     it([32m'ERP-032: PATCH /api/v1/erp/sales-returns/:id/reject - 质检拒绝'[39m[33m,[39m [36masync[39m () [33m=>[39m {
     [90m 1482 |[39m       [36mconst[39m resp [33m=[39m [36mawait[39m patch([33mAPI[39m [33m+[39m [32m'/erp/sales-returns/1/reject'[39m[33m,[39m {})
    [31m[1m>[22m[39m[90m 1483 |[39m       expect([[35m200[39m[33m,[39m [35m201[39m[33m,[39m [35m204[39m])[33m.[39mtoContain(resp[33m.[39mstatus)
     [90m      |[39m                               [31m[1m^[22m[39m
     [90m 1484 |[39m     })
     [90m 1485 |[39m   })
     [90m 1486 |[39m   describe([32m'销售对账 (4)'[39m[33m,[39m () [33m=>[39m {[0m

      at Object.<anonymous> (test/complete-api-test.spec.ts:1483:31)

  ● 【ERP】企业资源计划模块 (88 APIs) › 销售对账 (4) › ERP-034: POST /api/v1/erp/sales-reconciliations - 创建对账单

    expect(received).toContain(expected) // indexOf

    Expected value: 400
    Received array: [200, 201, 204]

    [0m [90m 1491 |[39m     it([32m'ERP-034: POST /api/v1/erp/sales-reconciliations - 创建对账单'[39m[33m,[39m [36masync[39m () [33m=>[39m {
     [90m 1492 |[39m       [36mconst[39m resp [33m=[39m [36mawait[39m post([33mAPI[39m [33m+[39m [32m'/erp/sales-reconciliations'[39m[33m,[39m { customerId[33m:[39m [32m'1'[39m })
    [31m[1m>[22m[39m[90m 1493 |[39m       expect([[35m200[39m[33m,[39m [35m201[39m[33m,[39m [35m204[39m])[33m.[39mtoContain(resp[33m.[39mstatus)
     [90m      |[39m                               [31m[1m^[22m[39m
     [90m 1494 |[39m     })
     [90m 1495 |[39m     it([32m'ERP-035: GET /api/v1/erp/sales-reconciliations/:id - 对账单详情'[39m[33m,[39m [36masync[39m () [33m=>[39m {
     [90m 1496 |[39m       [36mconst[39m resp [33m=[39m [36mawait[39m [36mget[39m([33mAPI[39m [33m+[39m [32m'/erp/sales-reconciliations/1'[39m)[0m

      at Object.<anonymous> (test/complete-api-test.spec.ts:1493:31)

  ● 【ERP】企业资源计划模块 (88 APIs) › 销售对账 (4) › ERP-035: GET /api/v1/erp/sales-reconciliations/:id - 对账单详情

    expect(received).toContain(expected) // indexOf

    Expected value: 404
    Received array: [200, 201, 204]

    [0m [90m 1495 |[39m     it([32m'ERP-035: GET /api/v1/erp/sales-reconciliations/:id - 对账单详情'[39m[33m,[39m [36masync[39m () [33m=>[39m {
     [90m 1496 |[39m       [36mconst[39m resp [33m=[39m [36mawait[39m [36mget[39m([33mAPI[39m [33m+[39m [32m'/erp/sales-reconciliations/1'[39m)
    [31m[1m>[22m[39m[90m 1497 |[39m       expect([[35m200[39m[33m,[39m [35m201[39m[33m,[39m [35m204[39m])[33m.[39mtoContain(resp[33m.[39mstatus)
     [90m      |[39m                               [31m[1m^[22m[39m
     [90m 1498 |[39m     })
     [90m 1499 |[39m     it([32m'ERP-036: PATCH /api/v1/erp/sales-reconciliations/:id/confirm - 确认对账'[39m[33m,[39m [36masync[39m () [33m=>[39m {
     [90m 1500 |[39m       [36mconst[39m resp [33m=[39m [36mawait[39m patch([33mAPI[39m [33m+[39m [32m'/erp/sales-reconciliations/1/confirm'[39m[33m,[39m {})[0m

      at Object.<anonymous> (test/complete-api-test.spec.ts:1497:31)

  ● 【ERP】企业资源计划模块 (88 APIs) › 销售对账 (4) › ERP-036: PATCH /api/v1/erp/sales-reconciliations/:id/confirm - 确认对账

    expect(received).toContain(expected) // indexOf

    Expected value: 404
    Received array: [200, 201, 204]

    [0m [90m 1499 |[39m     it([32m'ERP-036: PATCH /api/v1/erp/sales-reconciliations/:id/confirm - 确认对账'[39m[33m,[39m [36masync[39m () [33m=>[39m {
     [90m 1500 |[39m       [36mconst[39m resp [33m=[39m [36mawait[39m patch([33mAPI[39m [33m+[39m [32m'/erp/sales-reconciliations/1/confirm'[39m[33m,[39m {})
    [31m[1m>[22m[39m[90m 1501 |[39m       expect([[35m200[39m[33m,[39m [35m201[39m[33m,[39m [35m204[39m])[33m.[39mtoContain(resp[33m.[39mstatus)
     [90m      |[39m                               [31m[1m^[22m[39m
     [90m 1502 |[39m     })
     [90m 1503 |[39m   })
     [90m 1504 |[39m   describe([32m'应收账款 (3)'[39m[33m,[39m () [33m=>[39m {[0m

      at Object.<anonymous> (test/complete-api-test.spec.ts:1501:31)

  ● 【ERP】企业资源计划模块 (88 APIs) › 应收账款 (3) › ERP-039: PATCH /api/v1/erp/receivables/:id/payment - 记录收款

    expect(received).toContain(expected) // indexOf

    Expected value: 404
    Received array: [200, 201, 204]

    [0m [90m 1513 |[39m     it([32m'ERP-039: PATCH /api/v1/erp/receivables/:id/payment - 记录收款'[39m[33m,[39m [36masync[39m () [33m=>[39m {
     [90m 1514 |[39m       [36mconst[39m resp [33m=[39m [36mawait[39m patch([33mAPI[39m [33m+[39m [32m'/erp/receivables/1/payment'[39m[33m,[39m { amount[33m:[39m [35m1000[39m })
    [31m[1m>[22m[39m[90m 1515 |[39m       expect([[35m200[39m[33m,[39m [35m201[39m[33m,[39m [35m204[39m])[33m.[39mtoContain(resp[33m.[39mstatus)
     [90m      |[39m                               [31m[1m^[22m[39m
     [90m 1516 |[39m     })
     [90m 1517 |[39m   })
     [90m 1518 |[39m   describe([32m'应付账款 (4)'[39m[33m,[39m () [33m=>[39m {[0m

      at Object.<anonymous> (test/complete-api-test.spec.ts:1515:31)

  ● 【ERP】企业资源计划模块 (88 APIs) › 应付账款 (4) › ERP-041: GET /api/v1/erp/payables/:id - 应付详情

    expect(received).toContain(expected) // indexOf

    Expected value: 404
    Received array: [200, 201, 204]

    [0m [90m 1523 |[39m     it([32m'ERP-041: GET /api/v1/erp/payables/:id - 应付详情'[39m[33m,[39m [36masync[39m () [33m=>[39m {
     [90m 1524 |[39m       [36mconst[39m resp [33m=[39m [36mawait[39m [36mget[39m([33mAPI[39m [33m+[39m [32m'/erp/payables/1'[39m)
    [31m[1m>[22m[39m[90m 1525 |[39m       expect([[35m200[39m[33m,[39m [35m201[39m[33m,[39m [35m204[39m])[33m.[39mtoContain(resp[33m.[39mstatus)
     [90m      |[39m                               [31m[1m^[22m[39m
     [90m 1526 |[39m     })
     [90m 1527 |[39m     it([32m'ERP-042: GET /api/v1/erp/payables/:id/payment-plan - 付款计划'[39m[33m,[39m [36masync[39m () [33m=>[39m {
     [90m 1528 |[39m       [36mconst[39m resp [33m=[39m [36mawait[39m [36mget[39m([33mAPI[39m [33m+[39m [32m'/erp/payables/1/payment-plan'[39m)[0m

      at Object.<anonymous> (test/complete-api-test.spec.ts:1525:31)

  ● 【ERP】企业资源计划模块 (88 APIs) › 应付账款 (4) › ERP-042: GET /api/v1/erp/payables/:id/payment-plan - 付款计划

    expect(received).toContain(expected) // indexOf

    Expected value: 404
    Received array: [200, 201, 204]

    [0m [90m 1527 |[39m     it([32m'ERP-042: GET /api/v1/erp/payables/:id/payment-plan - 付款计划'[39m[33m,[39m [36masync[39m () [33m=>[39m {
     [90m 1528 |[39m       [36mconst[39m resp [33m=[39m [36mawait[39m [36mget[39m([33mAPI[39m [33m+[39m [32m'/erp/payables/1/payment-plan'[39m)
    [31m[1m>[22m[39m[90m 1529 |[39m       expect([[35m200[39m[33m,[39m [35m201[39m[33m,[39m [35m204[39m])[33m.[39mtoContain(resp[33m.[39mstatus)
     [90m      |[39m                               [31m[1m^[22m[39m
     [90m 1530 |[39m     })
     [90m 1531 |[39m     it([32m'ERP-043: PATCH /api/v1/erp/payables/:id/payment - 记录付款'[39m[33m,[39m [36masync[39m () [33m=>[39m {
     [90m 1532 |[39m       [36mconst[39m resp [33m=[39m [36mawait[39m patch([33mAPI[39m [33m+[39m [32m'/erp/payables/1/payment'[39m[33m,[39m { amount[33m:[39m [35m1000[39m })[0m

      at Object.<anonymous> (test/complete-api-test.spec.ts:1529:31)

  ● 【ERP】企业资源计划模块 (88 APIs) › 应付账款 (4) › ERP-043: PATCH /api/v1/erp/payables/:id/payment - 记录付款

    expect(received).toContain(expected) // indexOf

    Expected value: 404
    Received array: [200, 201, 204]

    [0m [90m 1531 |[39m     it([32m'ERP-043: PATCH /api/v1/erp/payables/:id/payment - 记录付款'[39m[33m,[39m [36masync[39m () [33m=>[39m {
     [90m 1532 |[39m       [36mconst[39m resp [33m=[39m [36mawait[39m patch([33mAPI[39m [33m+[39m [32m'/erp/payables/1/payment'[39m[33m,[39m { amount[33m:[39m [35m1000[39m })
    [31m[1m>[22m[39m[90m 1533 |[39m       expect([[35m200[39m[33m,[39m [35m201[39m[33m,[39m [35m204[39m])[33m.[39mtoContain(resp[33m.[39mstatus)
     [90m      |[39m                               [31m[1m^[22m[39m
     [90m 1534 |[39m     })
     [90m 1535 |[39m   })
     [90m 1536 |[39m   describe([32m'销售分析 (4)'[39m[33m,[39m () [33m=>[39m {[0m

      at Object.<anonymous> (test/complete-api-test.spec.ts:1533:31)

  ● 【ERP】企业资源计划模块 (88 APIs) › 凭证管理 (7) › ERP-055: POST /api/v1/erp/vouchers - 创建凭证

    expect(received).toContain(expected) // indexOf

    Expected value: 500
    Received array: [200, 201, 204]

    [0m [90m 1585 |[39m     it([32m'ERP-055: POST /api/v1/erp/vouchers - 创建凭证'[39m[33m,[39m [36masync[39m () [33m=>[39m {
     [90m 1586 |[39m       [36mconst[39m resp [33m=[39m [36mawait[39m post([33mAPI[39m [33m+[39m [32m'/erp/vouchers'[39m[33m,[39m { voucherDate[33m:[39m [32m'2026-05-01'[39m[33m,[39m entries[33m:[39m [] })
    [31m[1m>[22m[39m[90m 1587 |[39m       expect([[35m200[39m[33m,[39m [35m201[39m[33m,[39m [35m204[39m])[33m.[39mtoContain(resp[33m.[39mstatus)
     [90m      |[39m                               [31m[1m^[22m[39m
     [90m 1588 |[39m     })
     [90m 1589 |[39m     it([32m'ERP-056: GET /api/v1/erp/vouchers/by-source - 按来源查询'[39m[33m,[39m [36masync[39m () [33m=>[39m {
     [90m 1590 |[39m       [36mconst[39m resp [33m=[39m [36mawait[39m [36mget[39m([33mAPI[39m [33m+[39m [32m'/erp/vouchers/by-source?sourceType=SALES'[39m)[0m

      at Object.<anonymous> (test/complete-api-test.spec.ts:1587:31)

  ● 【ERP】企业资源计划模块 (88 APIs) › 凭证管理 (7) › ERP-057: GET /api/v1/erp/vouchers/:id - 凭证详情

    expect(received).toContain(expected) // indexOf

    Expected value: 404
    Received array: [200, 201, 204]

    [0m [90m 1593 |[39m     it([32m'ERP-057: GET /api/v1/erp/vouchers/:id - 凭证详情'[39m[33m,[39m [36masync[39m () [33m=>[39m {
     [90m 1594 |[39m       [36mconst[39m resp [33m=[39m [36mawait[39m [36mget[39m([33mAPI[39m [33m+[39m [32m'/erp/vouchers/1'[39m)
    [31m[1m>[22m[39m[90m 1595 |[39m       expect([[35m200[39m[33m,[39m [35m201[39m[33m,[39m [35m204[39m])[33m.[39mtoContain(resp[33m.[39mstatus)
     [90m      |[39m                               [31m[1m^[22m[39m
     [90m 1596 |[39m     })
     [90m 1597 |[39m     it([32m'ERP-058: PATCH /api/v1/erp/vouchers/:id/approve - 审核凭证'[39m[33m,[39m [36masync[39m () [33m=>[39m {
     [90m 1598 |[39m       [36mconst[39m resp [33m=[39m [36mawait[39m patch([33mAPI[39m [33m+[39m [32m'/erp/vouchers/1/approve'[39m[33m,[39m {})[0m

      at Object.<anonymous> (test/complete-api-test.spec.ts:1595:31)

  ● 【ERP】企业资源计划模块 (88 APIs) › 凭证管理 (7) › ERP-058: PATCH /api/v1/erp/vouchers/:id/approve - 审核凭证

    expect(received).toContain(expected) // indexOf

    Expected value: 404
    Received array: [200, 201, 204]

    [0m [90m 1597 |[39m     it([32m'ERP-058: PATCH /api/v1/erp/vouchers/:id/approve - 审核凭证'[39m[33m,[39m [36masync[39m () [33m=>[39m {
     [90m 1598 |[39m       [36mconst[39m resp [33m=[39m [36mawait[39m patch([33mAPI[39m [33m+[39m [32m'/erp/vouchers/1/approve'[39m[33m,[39m {})
    [31m[1m>[22m[39m[90m 1599 |[39m       expect([[35m200[39m[33m,[39m [35m201[39m[33m,[39m [35m204[39m])[33m.[39mtoContain(resp[33m.[39mstatus)
     [90m      |[39m                               [31m[1m^[22m[39m
     [90m 1600 |[39m     })
     [90m 1601 |[39m     it([32m'ERP-059: PATCH /api/v1/erp/vouchers/:id/post - 过账凭证'[39m[33m,[39m [36masync[39m () [33m=>[39m {
     [90m 1602 |[39m       [36mconst[39m resp [33m=[39m [36mawait[39m patch([33mAPI[39m [33m+[39m [32m'/erp/vouchers/1/post'[39m[33m,[39m {})[0m

      at Object.<anonymous> (test/complete-api-test.spec.ts:1599:31)

  ● 【ERP】企业资源计划模块 (88 APIs) › 凭证管理 (7) › ERP-059: PATCH /api/v1/erp/vouchers/:id/post - 过账凭证

    expect(received).toContain(expected) // indexOf

    Expected value: 404
    Received array: [200, 201, 204]

    [0m [90m 1601 |[39m     it([32m'ERP-059: PATCH /api/v1/erp/vouchers/:id/post - 过账凭证'[39m[33m,[39m [36masync[39m () [33m=>[39m {
     [90m 1602 |[39m       [36mconst[39m resp [33m=[39m [36mawait[39m patch([33mAPI[39m [33m+[39m [32m'/erp/vouchers/1/post'[39m[33m,[39m {})
    [31m[1m>[22m[39m[90m 1603 |[39m       expect([[35m200[39m[33m,[39m [35m201[39m[33m,[39m [35m204[39m])[33m.[39mtoContain(resp[33m.[39mstatus)
     [90m      |[39m                               [31m[1m^[22m[39m
     [90m 1604 |[39m     })
     [90m 1605 |[39m     it([32m'ERP-060: PATCH /api/v1/erp/vouchers/:id/reverse - 反过账'[39m[33m,[39m [36masync[39m () [33m=>[39m {
     [90m 1606 |[39m       [36mconst[39m resp [33m=[39m [36mawait[39m patch([33mAPI[39m [33m+[39m [32m'/erp/vouchers/1/reverse'[39m[33m,[39m {})[0m

      at Object.<anonymous> (test/complete-api-test.spec.ts:1603:31)

  ● 【ERP】企业资源计划模块 (88 APIs) › 凭证管理 (7) › ERP-060: PATCH /api/v1/erp/vouchers/:id/reverse - 反过账

    expect(received).toContain(expected) // indexOf

    Expected value: 404
    Received array: [200, 201, 204]

    [0m [90m 1605 |[39m     it([32m'ERP-060: PATCH /api/v1/erp/vouchers/:id/reverse - 反过账'[39m[33m,[39m [36masync[39m () [33m=>[39m {
     [90m 1606 |[39m       [36mconst[39m resp [33m=[39m [36mawait[39m patch([33mAPI[39m [33m+[39m [32m'/erp/vouchers/1/reverse'[39m[33m,[39m {})
    [31m[1m>[22m[39m[90m 1607 |[39m       expect([[35m200[39m[33m,[39m [35m201[39m[33m,[39m [35m204[39m])[33m.[39mtoContain(resp[33m.[39mstatus)
     [90m      |[39m                               [31m[1m^[22m[39m
     [90m 1608 |[39m     })
     [90m 1609 |[39m   })
     [90m 1610 |[39m   describe([32m'总账 (4)'[39m[33m,[39m () [33m=>[39m {[0m

      at Object.<anonymous> (test/complete-api-test.spec.ts:1607:31)

  ● 【ERP】企业资源计划模块 (88 APIs) › 总账 (4) › ERP-063: GET /api/v1/erp/ledger/balance-sheet-accounts - 科目余额表

    expect(received).toContain(expected) // indexOf

    Expected value: 500
    Received array: [200, 201, 204]

    [0m [90m 1619 |[39m     it([32m'ERP-063: GET /api/v1/erp/ledger/balance-sheet-accounts - 科目余额表'[39m[33m,[39m [36masync[39m () [33m=>[39m {
     [90m 1620 |[39m       [36mconst[39m resp [33m=[39m [36mawait[39m [36mget[39m([33mAPI[39m [33m+[39m [32m'/erp/ledger/balance-sheet-accounts'[39m)
    [31m[1m>[22m[39m[90m 1621 |[39m       expect([[35m200[39m[33m,[39m [35m201[39m[33m,[39m [35m204[39m])[33m.[39mtoContain(resp[33m.[39mstatus)
     [90m      |[39m                               [31m[1m^[22m[39m
     [90m 1622 |[39m     })
     [90m 1623 |[39m     it([32m'ERP-064: GET /api/v1/erp/ledger/journal - 日记账'[39m[33m,[39m [36masync[39m () [33m=>[39m {
     [90m 1624 |[39m       [36mconst[39m resp [33m=[39m [36mawait[39m [36mget[39m([33mAPI[39m [33m+[39m [32m'/erp/ledger/journal'[39m)[0m

      at Object.<anonymous> (test/complete-api-test.spec.ts:1621:31)

  ● 【ERP】企业资源计划模块 (88 APIs) › 标准成本 (3) › ERP-069: POST /api/v1/erp/standard-costs - 创建标准成本

    expect(received).toContain(expected) // indexOf

    Expected value: 400
    Received array: [200, 201, 204]

    [0m [90m 1647 |[39m     it([32m'ERP-069: POST /api/v1/erp/standard-costs - 创建标准成本'[39m[33m,[39m [36masync[39m () [33m=>[39m {
     [90m 1648 |[39m       [36mconst[39m resp [33m=[39m [36mawait[39m post([33mAPI[39m [33m+[39m [32m'/erp/standard-costs'[39m[33m,[39m { materialId[33m:[39m testData[33m.[39mmaterial[33m?[39m[33m.[39mid [33m||[39m [32m'1'[39m })
    [31m[1m>[22m[39m[90m 1649 |[39m       expect([[35m200[39m[33m,[39m [35m201[39m[33m,[39m [35m204[39m])[33m.[39mtoContain(resp[33m.[39mstatus)
     [90m      |[39m                               [31m[1m^[22m[39m
     [90m 1650 |[39m     })
     [90m 1651 |[39m     it([32m'ERP-070: POST /api/v1/erp/standard-costs/calculate - BOM成本卷积'[39m[33m,[39m [36masync[39m () [33m=>[39m {
     [90m 1652 |[39m       [36mconst[39m resp [33m=[39m [36mawait[39m post([33mAPI[39m [33m+[39m [32m'/erp/standard-costs/calculate'[39m[33m,[39m { bomId[33m:[39m [32m'1'[39m })[0m

      at Object.<anonymous> (test/complete-api-test.spec.ts:1649:31)

  ● 【ERP】企业资源计划模块 (88 APIs) › 标准成本 (3) › ERP-070: POST /api/v1/erp/standard-costs/calculate - BOM成本卷积

    expect(received).toContain(expected) // indexOf

    Expected value: 500
    Received array: [200, 201, 204]

    [0m [90m 1651 |[39m     it([32m'ERP-070: POST /api/v1/erp/standard-costs/calculate - BOM成本卷积'[39m[33m,[39m [36masync[39m () [33m=>[39m {
     [90m 1652 |[39m       [36mconst[39m resp [33m=[39m [36mawait[39m post([33mAPI[39m [33m+[39m [32m'/erp/standard-costs/calculate'[39m[33m,[39m { bomId[33m:[39m [32m'1'[39m })
    [31m[1m>[22m[39m[90m 1653 |[39m       expect([[35m200[39m[33m,[39m [35m201[39m[33m,[39m [35m204[39m])[33m.[39mtoContain(resp[33m.[39mstatus)
     [90m      |[39m                               [31m[1m^[22m[39m
     [90m 1654 |[39m     })
     [90m 1655 |[39m   })
     [90m 1656 |[39m   describe([32m'成本分析 (3)'[39m[33m,[39m () [33m=>[39m {[0m

      at Object.<anonymous> (test/complete-api-test.spec.ts:1653:31)

  ● 【ERP】企业资源计划模块 (88 APIs) › 期末处理 (4) › ERP-074: POST /api/v1/erp/period-end/closing-transfer - 期末结转

    expect(received).toContain(expected) // indexOf

    Expected value: 404
    Received array: [200, 201, 204]

    [0m [90m 1671 |[39m     it([32m'ERP-074: POST /api/v1/erp/period-end/closing-transfer - 期末结转'[39m[33m,[39m [36masync[39m () [33m=>[39m {
     [90m 1672 |[39m       [36mconst[39m resp [33m=[39m [36mawait[39m post([33mAPI[39m [33m+[39m [32m'/erp/period-end/closing-transfer'[39m[33m,[39m { period[33m:[39m [32m'2026-05'[39m })
    [31m[1m>[22m[39m[90m 1673 |[39m       expect([[35m200[39m[33m,[39m [35m201[39m[33m,[39m [35m204[39m])[33m.[39mtoContain(resp[33m.[39mstatus)
     [90m      |[39m                               [31m[1m^[22m[39m
     [90m 1674 |[39m     })
     [90m 1675 |[39m     it([32m'ERP-075: GET /api/v1/erp/period-end/reconcile - 期末对账'[39m[33m,[39m [36masync[39m () [33m=>[39m {
     [90m 1676 |[39m       [36mconst[39m resp [33m=[39m [36mawait[39m [36mget[39m([33mAPI[39m [33m+[39m [32m'/erp/period-end/reconcile?period=2026-05'[39m)[0m

      at Object.<anonymous> (test/complete-api-test.spec.ts:1673:31)

  ● 【ERP】企业资源计划模块 (88 APIs) › 财务报表 (6) › ERP-078: GET /api/v1/erp/reports/balance-sheet - 资产负债表

    expect(received).toContain(expected) // indexOf

    Expected value: 500
    Received array: [200, 201, 204]

    [0m [90m 1689 |[39m     it([32m'ERP-078: GET /api/v1/erp/reports/balance-sheet - 资产负债表'[39m[33m,[39m [36masync[39m () [33m=>[39m {
     [90m 1690 |[39m       [36mconst[39m resp [33m=[39m [36mawait[39m [36mget[39m([33mAPI[39m [33m+[39m [32m'/erp/reports/balance-sheet?period=2026-05'[39m)
    [31m[1m>[22m[39m[90m 1691 |[39m       expect([[35m200[39m[33m,[39m [35m201[39m[33m,[39m [35m204[39m])[33m.[39mtoContain(resp[33m.[39mstatus)
     [90m      |[39m                               [31m[1m^[22m[39m
     [90m 1692 |[39m     })
     [90m 1693 |[39m     it([32m'ERP-079: GET /api/v1/erp/reports/income-statement - 利润表'[39m[33m,[39m [36masync[39m () [33m=>[39m {
     [90m 1694 |[39m       [36mconst[39m resp [33m=[39m [36mawait[39m [36mget[39m([33mAPI[39m [33m+[39m [32m'/erp/reports/income-statement?period=2026-05'[39m)[0m

      at Object.<anonymous> (test/complete-api-test.spec.ts:1691:31)

  ● 【SCM】供应链管理模块 (63 APIs) › 采购申请 (6) › SCM-012: PATCH /api/v1/scm/purchase-requests/:id/submit - 提交申请

    expect(received).toContain(expected) // indexOf

    Expected value: 400
    Received array: [200, 201, 204]

    [0m [90m 1781 |[39m     it([32m'SCM-012: PATCH /api/v1/scm/purchase-requests/:id/submit - 提交申请'[39m[33m,[39m [36masync[39m () [33m=>[39m {
     [90m 1782 |[39m       [36mconst[39m resp [33m=[39m [36mawait[39m patch([33mAPI[39m [33m+[39m [32m'/scm/purchase-requests/1/submit'[39m[33m,[39m {})
    [31m[1m>[22m[39m[90m 1783 |[39m       expect([[35m200[39m[33m,[39m [35m201[39m[33m,[39m [35m204[39m])[33m.[39mtoContain(resp[33m.[39mstatus)
     [90m      |[39m                               [31m[1m^[22m[39m
     [90m 1784 |[39m     })
     [90m 1785 |[39m     it([32m'SCM-013: PATCH /api/v1/scm/purchase-requests/:id/approve - 审批通过'[39m[33m,[39m [36masync[39m () [33m=>[39m {
     [90m 1786 |[39m       [36mconst[39m resp [33m=[39m [36mawait[39m patch([33mAPI[39m [33m+[39m [32m'/scm/purchase-requests/1/approve'[39m[33m,[39m {})[0m

      at Object.<anonymous> (test/complete-api-test.spec.ts:1783:31)

  ● 【SCM】供应链管理模块 (63 APIs) › 采购申请 (6) › SCM-013: PATCH /api/v1/scm/purchase-requests/:id/approve - 审批通过

    expect(received).toContain(expected) // indexOf

    Expected value: 400
    Received array: [200, 201, 204]

    [0m [90m 1785 |[39m     it([32m'SCM-013: PATCH /api/v1/scm/purchase-requests/:id/approve - 审批通过'[39m[33m,[39m [36masync[39m () [33m=>[39m {
     [90m 1786 |[39m       [36mconst[39m resp [33m=[39m [36mawait[39m patch([33mAPI[39m [33m+[39m [32m'/scm/purchase-requests/1/approve'[39m[33m,[39m {})
    [31m[1m>[22m[39m[90m 1787 |[39m       expect([[35m200[39m[33m,[39m [35m201[39m[33m,[39m [35m204[39m])[33m.[39mtoContain(resp[33m.[39mstatus)
     [90m      |[39m                               [31m[1m^[22m[39m
     [90m 1788 |[39m     })
     [90m 1789 |[39m     it([32m'SCM-014: PATCH /api/v1/scm/purchase-requests/:id/reject - 审批拒绝'[39m[33m,[39m [36masync[39m () [33m=>[39m {
     [90m 1790 |[39m       [36mconst[39m resp [33m=[39m [36mawait[39m patch([33mAPI[39m [33m+[39m [32m'/scm/purchase-requests/1/reject'[39m[33m,[39m {})[0m

      at Object.<anonymous> (test/complete-api-test.spec.ts:1787:31)

  ● 【SCM】供应链管理模块 (63 APIs) › 采购申请 (6) › SCM-014: PATCH /api/v1/scm/purchase-requests/:id/reject - 审批拒绝

    expect(received).toContain(expected) // indexOf

    Expected value: 400
    Received array: [200, 201, 204]

    [0m [90m 1789 |[39m     it([32m'SCM-014: PATCH /api/v1/scm/purchase-requests/:id/reject - 审批拒绝'[39m[33m,[39m [36masync[39m () [33m=>[39m {
     [90m 1790 |[39m       [36mconst[39m resp [33m=[39m [36mawait[39m patch([33mAPI[39m [33m+[39m [32m'/scm/purchase-requests/1/reject'[39m[33m,[39m {})
    [31m[1m>[22m[39m[90m 1791 |[39m       expect([[35m200[39m[33m,[39m [35m201[39m[33m,[39m [35m204[39m])[33m.[39mtoContain(resp[33m.[39mstatus)
     [90m      |[39m                               [31m[1m^[22m[39m
     [90m 1792 |[39m     })
     [90m 1793 |[39m   })
     [90m 1794 |[39m   describe([32m'采购订单 (7)'[39m[33m,[39m () [33m=>[39m {[0m

      at Object.<anonymous> (test/complete-api-test.spec.ts:1791:31)

  ● 【SCM】供应链管理模块 (63 APIs) › 采购订单 (7) › SCM-016: POST /api/v1/scm/purchase-orders - 创建采购订单

    expect(received).toContain(expected) // indexOf

    Expected value: 500
    Received array: [200, 201, 204]

    [0m [90m 1808 |[39m         }]
     [90m 1809 |[39m       })
    [31m[1m>[22m[39m[90m 1810 |[39m       expect([[35m200[39m[33m,[39m [35m201[39m[33m,[39m [35m204[39m])[33m.[39mtoContain(resp[33m.[39mstatus)
     [90m      |[39m                               [31m[1m^[22m[39m
     [90m 1811 |[39m     })
     [90m 1812 |[39m     it([32m'SCM-017: GET /api/v1/scm/purchase-orders/:id - 订单详情'[39m[33m,[39m [36masync[39m () [33m=>[39m {
     [90m 1813 |[39m       [36mconst[39m resp [33m=[39m [36mawait[39m [36mget[39m([33mAPI[39m [33m+[39m [32m'/scm/purchase-orders/1'[39m)[0m

      at Object.<anonymous> (test/complete-api-test.spec.ts:1810:31)

  ● 【SCM】供应链管理模块 (63 APIs) › 采购订单 (7) › SCM-017: GET /api/v1/scm/purchase-orders/:id - 订单详情

    expect(received).toContain(expected) // indexOf

    Expected value: 404
    Received array: [200, 201, 204]

    [0m [90m 1812 |[39m     it([32m'SCM-017: GET /api/v1/scm/purchase-orders/:id - 订单详情'[39m[33m,[39m [36masync[39m () [33m=>[39m {
     [90m 1813 |[39m       [36mconst[39m resp [33m=[39m [36mawait[39m [36mget[39m([33mAPI[39m [33m+[39m [32m'/scm/purchase-orders/1'[39m)
    [31m[1m>[22m[39m[90m 1814 |[39m       expect([[35m200[39m[33m,[39m [35m201[39m[33m,[39m [35m204[39m])[33m.[39mtoContain(resp[33m.[39mstatus)
     [90m      |[39m                               [31m[1m^[22m[39m
     [90m 1815 |[39m     })
     [90m 1816 |[39m     it([32m'SCM-018: PATCH /api/v1/scm/purchase-orders/:id/confirm - 确认订单'[39m[33m,[39m [36masync[39m () [33m=>[39m {
     [90m 1817 |[39m       [36mconst[39m resp [33m=[39m [36mawait[39m patch([33mAPI[39m [33m+[39m [32m'/scm/purchase-orders/1/confirm'[39m[33m,[39m {})[0m

      at Object.<anonymous> (test/complete-api-test.spec.ts:1814:31)

  ● 【SCM】供应链管理模块 (63 APIs) › 采购订单 (7) › SCM-018: PATCH /api/v1/scm/purchase-orders/:id/confirm - 确认订单

    expect(received).toContain(expected) // indexOf

    Expected value: 404
    Received array: [200, 201, 204]

    [0m [90m 1816 |[39m     it([32m'SCM-018: PATCH /api/v1/scm/purchase-orders/:id/confirm - 确认订单'[39m[33m,[39m [36masync[39m () [33m=>[39m {
     [90m 1817 |[39m       [36mconst[39m resp [33m=[39m [36mawait[39m patch([33mAPI[39m [33m+[39m [32m'/scm/purchase-orders/1/confirm'[39m[33m,[39m {})
    [31m[1m>[22m[39m[90m 1818 |[39m       expect([[35m200[39m[33m,[39m [35m201[39m[33m,[39m [35m204[39m])[33m.[39mtoContain(resp[33m.[39mstatus)
     [90m      |[39m                               [31m[1m^[22m[39m
     [90m 1819 |[39m     })
     [90m 1820 |[39m     it([32m'SCM-019: PATCH /api/v1/scm/purchase-orders/:id/change - 变更订单'[39m[33m,[39m [36masync[39m () [33m=>[39m {
     [90m 1821 |[39m       [36mconst[39m resp [33m=[39m [36mawait[39m patch([33mAPI[39m [33m+[39m [32m'/scm/purchase-orders/1/change'[39m[33m,[39m {})[0m

      at Object.<anonymous> (test/complete-api-test.spec.ts:1818:31)

  ● 【SCM】供应链管理模块 (63 APIs) › 采购订单 (7) › SCM-019: PATCH /api/v1/scm/purchase-orders/:id/change - 变更订单

    expect(received).toContain(expected) // indexOf

    Expected value: 404
    Received array: [200, 201, 204]

    [0m [90m 1820 |[39m     it([32m'SCM-019: PATCH /api/v1/scm/purchase-orders/:id/change - 变更订单'[39m[33m,[39m [36masync[39m () [33m=>[39m {
     [90m 1821 |[39m       [36mconst[39m resp [33m=[39m [36mawait[39m patch([33mAPI[39m [33m+[39m [32m'/scm/purchase-orders/1/change'[39m[33m,[39m {})
    [31m[1m>[22m[39m[90m 1822 |[39m       expect([[35m200[39m[33m,[39m [35m201[39m[33m,[39m [35m204[39m])[33m.[39mtoContain(resp[33m.[39mstatus)
     [90m      |[39m                               [31m[1m^[22m[39m
     [90m 1823 |[39m     })
     [90m 1824 |[39m     it([32m'SCM-020: GET /api/v1/scm/purchase-orders/:id/tracking - 订单跟踪'[39m[33m,[39m [36masync[39m () [33m=>[39m {
     [90m 1825 |[39m       [36mconst[39m resp [33m=[39m [36mawait[39m [36mget[39m([33mAPI[39m [33m+[39m [32m'/scm/purchase-orders/1/tracking'[39m)[0m

      at Object.<anonymous> (test/complete-api-test.spec.ts:1822:31)

  ● 【SCM】供应链管理模块 (63 APIs) › 采购订单 (7) › SCM-020: GET /api/v1/scm/purchase-orders/:id/tracking - 订单跟踪

    expect(received).toContain(expected) // indexOf

    Expected value: 404
    Received array: [200, 201, 204]

    [0m [90m 1824 |[39m     it([32m'SCM-020: GET /api/v1/scm/purchase-orders/:id/tracking - 订单跟踪'[39m[33m,[39m [36masync[39m () [33m=>[39m {
     [90m 1825 |[39m       [36mconst[39m resp [33m=[39m [36mawait[39m [36mget[39m([33mAPI[39m [33m+[39m [32m'/scm/purchase-orders/1/tracking'[39m)
    [31m[1m>[22m[39m[90m 1826 |[39m       expect([[35m200[39m[33m,[39m [35m201[39m[33m,[39m [35m204[39m])[33m.[39mtoContain(resp[33m.[39mstatus)
     [90m      |[39m                               [31m[1m^[22m[39m
     [90m 1827 |[39m     })
     [90m 1828 |[39m   })
     [90m 1829 |[39m   describe([32m'ASN (4)'[39m[33m,[39m () [33m=>[39m {[0m

      at Object.<anonymous> (test/complete-api-test.spec.ts:1826:31)

  ● 【SCM】供应链管理模块 (63 APIs) › ASN (4) › SCM-022: POST /api/v1/scm/asns - 创建ASN

    expect(received).toContain(expected) // indexOf

    Expected value: 404
    Received array: [200, 201, 204]

    [0m [90m 1834 |[39m     it([32m'SCM-022: POST /api/v1/scm/asns - 创建ASN'[39m[33m,[39m [36masync[39m () [33m=>[39m {
     [90m 1835 |[39m       [36mconst[39m resp [33m=[39m [36mawait[39m post([33mAPI[39m [33m+[39m [32m'/scm/asns'[39m[33m,[39m { purchaseOrderId[33m:[39m [32m'1'[39m })
    [31m[1m>[22m[39m[90m 1836 |[39m       expect([[35m200[39m[33m,[39m [35m201[39m[33m,[39m [35m204[39m])[33m.[39mtoContain(resp[33m.[39mstatus)
     [90m      |[39m                               [31m[1m^[22m[39m
     [90m 1837 |[39m     })
     [90m 1838 |[39m     it([32m'SCM-023: PATCH /api/v1/scm/asns/:id/receive - ASN到货'[39m[33m,[39m [36masync[39m () [33m=>[39m {
     [90m 1839 |[39m       [36mconst[39m resp [33m=[39m [36mawait[39m patch([33mAPI[39m [33m+[39m [32m'/scm/asns/1/receive'[39m[33m,[39m {})[0m

      at Object.<anonymous> (test/complete-api-test.spec.ts:1836:31)

  ● 【SCM】供应链管理模块 (63 APIs) › ASN (4) › SCM-023: PATCH /api/v1/scm/asns/:id/receive - ASN到货

    expect(received).toContain(expected) // indexOf

    Expected value: 404
    Received array: [200, 201, 204]

    [0m [90m 1838 |[39m     it([32m'SCM-023: PATCH /api/v1/scm/asns/:id/receive - ASN到货'[39m[33m,[39m [36masync[39m () [33m=>[39m {
     [90m 1839 |[39m       [36mconst[39m resp [33m=[39m [36mawait[39m patch([33mAPI[39m [33m+[39m [32m'/scm/asns/1/receive'[39m[33m,[39m {})
    [31m[1m>[22m[39m[90m 1840 |[39m       expect([[35m200[39m[33m,[39m [35m201[39m[33m,[39m [35m204[39m])[33m.[39mtoContain(resp[33m.[39mstatus)
     [90m      |[39m                               [31m[1m^[22m[39m
     [90m 1841 |[39m     })
     [90m 1842 |[39m     it([32m'SCM-024: PATCH /api/v1/scm/asns/:id/cancel - 取消ASN'[39m[33m,[39m [36masync[39m () [33m=>[39m {
     [90m 1843 |[39m       [36mconst[39m resp [33m=[39m [36mawait[39m patch([33mAPI[39m [33m+[39m [32m'/scm/asns/1/cancel'[39m[33m,[39m {})[0m

      at Object.<anonymous> (test/complete-api-test.spec.ts:1840:31)

  ● 【SCM】供应链管理模块 (63 APIs) › ASN (4) › SCM-024: PATCH /api/v1/scm/asns/:id/cancel - 取消ASN

    expect(received).toContain(expected) // indexOf

    Expected value: 404
    Received array: [200, 201, 204]

    [0m [90m 1842 |[39m     it([32m'SCM-024: PATCH /api/v1/scm/asns/:id/cancel - 取消ASN'[39m[33m,[39m [36masync[39m () [33m=>[39m {
     [90m 1843 |[39m       [36mconst[39m resp [33m=[39m [36mawait[39m patch([33mAPI[39m [33m+[39m [32m'/scm/asns/1/cancel'[39m[33m,[39m {})
    [31m[1m>[22m[39m[90m 1844 |[39m       expect([[35m200[39m[33m,[39m [35m201[39m[33m,[39m [35m204[39m])[33m.[39mtoContain(resp[33m.[39mstatus)
     [90m      |[39m                               [31m[1m^[22m[39m
     [90m 1845 |[39m     })
     [90m 1846 |[39m   })
     [90m 1847 |[39m   describe([32m'到货记录 (3)'[39m[33m,[39m () [33m=>[39m {[0m

      at Object.<anonymous> (test/complete-api-test.spec.ts:1844:31)

  ● 【SCM】供应链管理模块 (63 APIs) › 到货记录 (3) › SCM-026: POST /api/v1/scm/receipts - 创建到货记录

    expect(received).toContain(expected) // indexOf

    Expected value: 400
    Received array: [200, 201, 204]

    [0m [90m 1852 |[39m     it([32m'SCM-026: POST /api/v1/scm/receipts - 创建到货记录'[39m[33m,[39m [36masync[39m () [33m=>[39m {
     [90m 1853 |[39m       [36mconst[39m resp [33m=[39m [36mawait[39m post([33mAPI[39m [33m+[39m [32m'/scm/receipts'[39m[33m,[39m { asnId[33m:[39m [32m'1'[39m })
    [31m[1m>[22m[39m[90m 1854 |[39m       expect([[35m200[39m[33m,[39m [35m201[39m[33m,[39m [35m204[39m])[33m.[39mtoContain(resp[33m.[39mstatus)
     [90m      |[39m                               [31m[1m^[22m[39m
     [90m 1855 |[39m     })
     [90m 1856 |[39m     it([32m'SCM-027: PATCH /api/v1/scm/receipts/:id/confirm - 确认到货'[39m[33m,[39m [36masync[39m () [33m=>[39m {
     [90m 1857 |[39m       [36mconst[39m resp [33m=[39m [36mawait[39m patch([33mAPI[39m [33m+[39m [32m'/scm/receipts/1/confirm'[39m[33m,[39m {})[0m

      at Object.<anonymous> (test/complete-api-test.spec.ts:1854:31)

  ● 【SCM】供应链管理模块 (63 APIs) › 到货记录 (3) › SCM-027: PATCH /api/v1/scm/receipts/:id/confirm - 确认到货

    expect(received).toContain(expected) // indexOf

    Expected value: 404
    Received array: [200, 201, 204]

    [0m [90m 1856 |[39m     it([32m'SCM-027: PATCH /api/v1/scm/receipts/:id/confirm - 确认到货'[39m[33m,[39m [36masync[39m () [33m=>[39m {
     [90m 1857 |[39m       [36mconst[39m resp [33m=[39m [36mawait[39m patch([33mAPI[39m [33m+[39m [32m'/scm/receipts/1/confirm'[39m[33m,[39m {})
    [31m[1m>[22m[39m[90m 1858 |[39m       expect([[35m200[39m[33m,[39m [35m201[39m[33m,[39m [35m204[39m])[33m.[39mtoContain(resp[33m.[39mstatus)
     [90m      |[39m                               [31m[1m^[22m[39m
     [90m 1859 |[39m     })
     [90m 1860 |[39m   })
     [90m 1861 |[39m   describe([32m'到货检验 (5)'[39m[33m,[39m () [33m=>[39m {[0m

      at Object.<anonymous> (test/complete-api-test.spec.ts:1858:31)

  ● 【SCM】供应链管理模块 (63 APIs) › 到货检验 (5) › SCM-028: PATCH /api/v1/scm/receipts/:id/start-inspection - 开始检验

    expect(received).toContain(expected) // indexOf

    Expected value: 404
    Received array: [200, 201, 204]

    [0m [90m 1862 |[39m     it([32m'SCM-028: PATCH /api/v1/scm/receipts/:id/start-inspection - 开始检验'[39m[33m,[39m [36masync[39m () [33m=>[39m {
     [90m 1863 |[39m       [36mconst[39m resp [33m=[39m [36mawait[39m patch([33mAPI[39m [33m+[39m [32m'/scm/receipts/1/start-inspection'[39m[33m,[39m {})
    [31m[1m>[22m[39m[90m 1864 |[39m       expect([[35m200[39m[33m,[39m [35m201[39m[33m,[39m [35m204[39m])[33m.[39mtoContain(resp[33m.[39mstatus)
     [90m      |[39m                               [31m[1m^[22m[39m
     [90m 1865 |[39m     })
     [90m 1866 |[39m     it([32m'SCM-029: PATCH /api/v1/scm/receipts/:id/reject - 拒绝到货'[39m[33m,[39m [36masync[39m () [33m=>[39m {
     [90m 1867 |[39m       [36mconst[39m resp [33m=[39m [36mawait[39m patch([33mAPI[39m [33m+[39m [32m'/scm/receipts/1/reject'[39m[33m,[39m {})[0m

      at Object.<anonymous> (test/complete-api-test.spec.ts:1864:31)

  ● 【SCM】供应链管理模块 (63 APIs) › 到货检验 (5) › SCM-029: PATCH /api/v1/scm/receipts/:id/reject - 拒绝到货

    expect(received).toContain(expected) // indexOf

    Expected value: 404
    Received array: [200, 201, 204]

    [0m [90m 1866 |[39m     it([32m'SCM-029: PATCH /api/v1/scm/receipts/:id/reject - 拒绝到货'[39m[33m,[39m [36masync[39m () [33m=>[39m {
     [90m 1867 |[39m       [36mconst[39m resp [33m=[39m [36mawait[39m patch([33mAPI[39m [33m+[39m [32m'/scm/receipts/1/reject'[39m[33m,[39m {})
    [31m[1m>[22m[39m[90m 1868 |[39m       expect([[35m200[39m[33m,[39m [35m201[39m[33m,[39m [35m204[39m])[33m.[39mtoContain(resp[33m.[39mstatus)
     [90m      |[39m                               [31m[1m^[22m[39m
     [90m 1869 |[39m     })
     [90m 1870 |[39m     it([32m'SCM-030: POST /api/v1/scm/receipts/:id/exceptions - 记录异常'[39m[33m,[39m [36masync[39m () [33m=>[39m {
     [90m 1871 |[39m       [36mconst[39m resp [33m=[39m [36mawait[39m post([33mAPI[39m [33m+[39m [32m'/scm/receipts/1/exceptions'[39m[33m,[39m { reason[33m:[39m [32m'Damage'[39m })[0m

      at Object.<anonymous> (test/complete-api-test.spec.ts:1868:31)

  ● 【SCM】供应链管理模块 (63 APIs) › 到货检验 (5) › SCM-030: POST /api/v1/scm/receipts/:id/exceptions - 记录异常

    expect(received).toContain(expected) // indexOf

    Expected value: 404
    Received array: [200, 201, 204]

    [0m [90m 1870 |[39m     it([32m'SCM-030: POST /api/v1/scm/receipts/:id/exceptions - 记录异常'[39m[33m,[39m [36masync[39m () [33m=>[39m {
     [90m 1871 |[39m       [36mconst[39m resp [33m=[39m [36mawait[39m post([33mAPI[39m [33m+[39m [32m'/scm/receipts/1/exceptions'[39m[33m,[39m { reason[33m:[39m [32m'Damage'[39m })
    [31m[1m>[22m[39m[90m 1872 |[39m       expect([[35m200[39m[33m,[39m [35m201[39m[33m,[39m [35m204[39m])[33m.[39mtoContain(resp[33m.[39mstatus)
     [90m      |[39m                               [31m[1m^[22m[39m
     [90m 1873 |[39m     })
     [90m 1874 |[39m     it([32m'SCM-031: GET /api/v1/scm/receipts/:id/exceptions - 异常列表'[39m[33m,[39m [36masync[39m () [33m=>[39m {
     [90m 1875 |[39m       [36mconst[39m resp [33m=[39m [36mawait[39m [36mget[39m([33mAPI[39m [33m+[39m [32m'/scm/receipts/1/exceptions'[39m)[0m

      at Object.<anonymous> (test/complete-api-test.spec.ts:1872:31)

  ● 【SCM】供应链管理模块 (63 APIs) › 到货检验 (5) › SCM-032: PATCH /api/v1/scm/receipts/exceptions/:exceptionId/process - 处理异常

    expect(received).toContain(expected) // indexOf

    Expected value: 404
    Received array: [200, 201, 204]

    [0m [90m 1878 |[39m     it([32m'SCM-032: PATCH /api/v1/scm/receipts/exceptions/:exceptionId/process - 处理异常'[39m[33m,[39m [36masync[39m () [33m=>[39m {
     [90m 1879 |[39m       [36mconst[39m resp [33m=[39m [36mawait[39m patch([33mAPI[39m [33m+[39m [32m'/scm/receipts/exceptions/1/process'[39m[33m,[39m {})
    [31m[1m>[22m[39m[90m 1880 |[39m       expect([[35m200[39m[33m,[39m [35m201[39m[33m,[39m [35m204[39m])[33m.[39mtoContain(resp[33m.[39mstatus)
     [90m      |[39m                               [31m[1m^[22m[39m
     [90m 1881 |[39m     })
     [90m 1882 |[39m   })
     [90m 1883 |[39m   describe([32m'询价管理 (6)'[39m[33m,[39m () [33m=>[39m {[0m

      at Object.<anonymous> (test/complete-api-test.spec.ts:1880:31)

  ● 【SCM】供应链管理模块 (63 APIs) › 询价管理 (6) › SCM-034: POST /api/v1/scm/inquiries - 创建询价单

    expect(received).toContain(expected) // indexOf

    Expected value: 400
    Received array: [200, 201, 204]

    [0m [90m 1888 |[39m     it([32m'SCM-034: POST /api/v1/scm/inquiries - 创建询价单'[39m[33m,[39m [36masync[39m () [33m=>[39m {
     [90m 1889 |[39m       [36mconst[39m resp [33m=[39m [36mawait[39m post([33mAPI[39m [33m+[39m [32m'/scm/inquiries'[39m[33m,[39m { materialId[33m:[39m [32m'1'[39m })
    [31m[1m>[22m[39m[90m 1890 |[39m       expect([[35m200[39m[33m,[39m [35m201[39m[33m,[39m [35m204[39m])[33m.[39mtoContain(resp[33m.[39mstatus)
     [90m      |[39m                               [31m[1m^[22m[39m
     [90m 1891 |[39m     })
     [90m 1892 |[39m     it([32m'SCM-035: GET /api/v1/scm/inquiries/:id - 询价单详情'[39m[33m,[39m [36masync[39m () [33m=>[39m {
     [90m 1893 |[39m       [36mconst[39m resp [33m=[39m [36mawait[39m [36mget[39m([33mAPI[39m [33m+[39m [32m'/scm/inquiries/1'[39m)[0m

      at Object.<anonymous> (test/complete-api-test.spec.ts:1890:31)

  ● 【SCM】供应链管理模块 (63 APIs) › 询价管理 (6) › SCM-035: GET /api/v1/scm/inquiries/:id - 询价单详情

    expect(received).toContain(expected) // indexOf

    Expected value: 404
    Received array: [200, 201, 204]

    [0m [90m 1892 |[39m     it([32m'SCM-035: GET /api/v1/scm/inquiries/:id - 询价单详情'[39m[33m,[39m [36masync[39m () [33m=>[39m {
     [90m 1893 |[39m       [36mconst[39m resp [33m=[39m [36mawait[39m [36mget[39m([33mAPI[39m [33m+[39m [32m'/scm/inquiries/1'[39m)
    [31m[1m>[22m[39m[90m 1894 |[39m       expect([[35m200[39m[33m,[39m [35m201[39m[33m,[39m [35m204[39m])[33m.[39mtoContain(resp[33m.[39mstatus)
     [90m      |[39m                               [31m[1m^[22m[39m
     [90m 1895 |[39m     })
     [90m 1896 |[39m     it([32m'SCM-036: PATCH /api/v1/scm/inquiries/:id/send - 发送询价'[39m[33m,[39m [36masync[39m () [33m=>[39m {
     [90m 1897 |[39m       [36mconst[39m resp [33m=[39m [36mawait[39m patch([33mAPI[39m [33m+[39m [32m'/scm/inquiries/1/send'[39m[33m,[39m {})[0m

      at Object.<anonymous> (test/complete-api-test.spec.ts:1894:31)

  ● 【SCM】供应链管理模块 (63 APIs) › 询价管理 (6) › SCM-036: PATCH /api/v1/scm/inquiries/:id/send - 发送询价

    expect(received).toContain(expected) // indexOf

    Expected value: 404
    Received array: [200, 201, 204]

    [0m [90m 1896 |[39m     it([32m'SCM-036: PATCH /api/v1/scm/inquiries/:id/send - 发送询价'[39m[33m,[39m [36masync[39m () [33m=>[39m {
     [90m 1897 |[39m       [36mconst[39m resp [33m=[39m [36mawait[39m patch([33mAPI[39m [33m+[39m [32m'/scm/inquiries/1/send'[39m[33m,[39m {})
    [31m[1m>[22m[39m[90m 1898 |[39m       expect([[35m200[39m[33m,[39m [35m201[39m[33m,[39m [35m204[39m])[33m.[39mtoContain(resp[33m.[39mstatus)
     [90m      |[39m                               [31m[1m^[22m[39m
     [90m 1899 |[39m     })
     [90m 1900 |[39m     it([32m'SCM-037: POST /api/v1/scm/inquiries/:id/quotes - 提交报价'[39m[33m,[39m [36masync[39m () [33m=>[39m {
     [90m 1901 |[39m       [36mconst[39m resp [33m=[39m [36mawait[39m post([33mAPI[39m [33m+[39m [32m'/scm/inquiries/1/quotes'[39m[33m,[39m { supplierId[33m:[39m [32m'1'[39m[33m,[39m price[33m:[39m [35m100[39m })[0m

      at Object.<anonymous> (test/complete-api-test.spec.ts:1898:31)

  ● 【SCM】供应链管理模块 (63 APIs) › 询价管理 (6) › SCM-037: POST /api/v1/scm/inquiries/:id/quotes - 提交报价

    expect(received).toContain(expected) // indexOf

    Expected value: 404
    Received array: [200, 201, 204]

    [0m [90m 1900 |[39m     it([32m'SCM-037: POST /api/v1/scm/inquiries/:id/quotes - 提交报价'[39m[33m,[39m [36masync[39m () [33m=>[39m {
     [90m 1901 |[39m       [36mconst[39m resp [33m=[39m [36mawait[39m post([33mAPI[39m [33m+[39m [32m'/scm/inquiries/1/quotes'[39m[33m,[39m { supplierId[33m:[39m [32m'1'[39m[33m,[39m price[33m:[39m [35m100[39m })
    [31m[1m>[22m[39m[90m 1902 |[39m       expect([[35m200[39m[33m,[39m [35m201[39m[33m,[39m [35m204[39m])[33m.[39mtoContain(resp[33m.[39mstatus)
     [90m      |[39m                               [31m[1m^[22m[39m
     [90m 1903 |[39m     })
     [90m 1904 |[39m     it([32m'SCM-038: GET /api/v1/scm/inquiries/:id/comparison - 询价比价'[39m[33m,[39m [36masync[39m () [33m=>[39m {
     [90m 1905 |[39m       [36mconst[39m resp [33m=[39m [36mawait[39m [36mget[39m([33mAPI[39m [33m+[39m [32m'/scm/inquiries/1/comparison'[39m)[0m

      at Object.<anonymous> (test/complete-api-test.spec.ts:1902:31)

  ● 【SCM】供应链管理模块 (63 APIs) › 询价管理 (6) › SCM-038: GET /api/v1/scm/inquiries/:id/comparison - 询价比价

    expect(received).toContain(expected) // indexOf

    Expected value: 404
    Received array: [200, 201, 204]

    [0m [90m 1904 |[39m     it([32m'SCM-038: GET /api/v1/scm/inquiries/:id/comparison - 询价比价'[39m[33m,[39m [36masync[39m () [33m=>[39m {
     [90m 1905 |[39m       [36mconst[39m resp [33m=[39m [36mawait[39m [36mget[39m([33mAPI[39m [33m+[39m [32m'/scm/inquiries/1/comparison'[39m)
    [31m[1m>[22m[39m[90m 1906 |[39m       expect([[35m200[39m[33m,[39m [35m201[39m[33m,[39m [35m204[39m])[33m.[39mtoContain(resp[33m.[39mstatus)
     [90m      |[39m                               [31m[1m^[22m[39m
     [90m 1907 |[39m     })
     [90m 1908 |[39m   })
     [90m 1909 |[39m   describe([32m'价格协议 (5)'[39m[33m,[39m () [33m=>[39m {[0m

      at Object.<anonymous> (test/complete-api-test.spec.ts:1906:31)

  ● 【SCM】供应链管理模块 (63 APIs) › 价格协议 (5) › SCM-040: POST /api/v1/scm/price-agreements - 创建价格协议

    expect(received).toContain(expected) // indexOf

    Expected value: 400
    Received array: [200, 201, 204]

    [0m [90m 1914 |[39m     it([32m'SCM-040: POST /api/v1/scm/price-agreements - 创建价格协议'[39m[33m,[39m [36masync[39m () [33m=>[39m {
     [90m 1915 |[39m       [36mconst[39m resp [33m=[39m [36mawait[39m post([33mAPI[39m [33m+[39m [32m'/scm/price-agreements'[39m[33m,[39m { supplierId[33m:[39m [32m'1'[39m[33m,[39m materialId[33m:[39m [32m'1'[39m })
    [31m[1m>[22m[39m[90m 1916 |[39m       expect([[35m200[39m[33m,[39m [35m201[39m[33m,[39m [35m204[39m])[33m.[39mtoContain(resp[33m.[39mstatus)
     [90m      |[39m                               [31m[1m^[22m[39m
     [90m 1917 |[39m     })
     [90m 1918 |[39m     it([32m'SCM-041: GET /api/v1/scm/price-agreements/:id - 价格协议详情'[39m[33m,[39m [36masync[39m () [33m=>[39m {
     [90m 1919 |[39m       [36mconst[39m resp [33m=[39m [36mawait[39m [36mget[39m([33mAPI[39m [33m+[39m [32m'/scm/price-agreements/1'[39m)[0m

      at Object.<anonymous> (test/complete-api-test.spec.ts:1916:31)

  ● 【SCM】供应链管理模块 (63 APIs) › 价格协议 (5) › SCM-041: GET /api/v1/scm/price-agreements/:id - 价格协议详情

    expect(received).toContain(expected) // indexOf

    Expected value: 404
    Received array: [200, 201, 204]

    [0m [90m 1918 |[39m     it([32m'SCM-041: GET /api/v1/scm/price-agreements/:id - 价格协议详情'[39m[33m,[39m [36masync[39m () [33m=>[39m {
     [90m 1919 |[39m       [36mconst[39m resp [33m=[39m [36mawait[39m [36mget[39m([33mAPI[39m [33m+[39m [32m'/scm/price-agreements/1'[39m)
    [31m[1m>[22m[39m[90m 1920 |[39m       expect([[35m200[39m[33m,[39m [35m201[39m[33m,[39m [35m204[39m])[33m.[39mtoContain(resp[33m.[39mstatus)
     [90m      |[39m                               [31m[1m^[22m[39m
     [90m 1921 |[39m     })
     [90m 1922 |[39m     it([32m'SCM-042: PATCH /api/v1/scm/price-agreements/:id/expire - 过期协议'[39m[33m,[39m [36masync[39m () [33m=>[39m {
     [90m 1923 |[39m       [36mconst[39m resp [33m=[39m [36mawait[39m patch([33mAPI[39m [33m+[39m [32m'/scm/price-agreements/1/expire'[39m[33m,[39m {})[0m

      at Object.<anonymous> (test/complete-api-test.spec.ts:1920:31)

  ● 【SCM】供应链管理模块 (63 APIs) › 价格协议 (5) › SCM-042: PATCH /api/v1/scm/price-agreements/:id/expire - 过期协议

    expect(received).toContain(expected) // indexOf

    Expected value: 404
    Received array: [200, 201, 204]

    [0m [90m 1922 |[39m     it([32m'SCM-042: PATCH /api/v1/scm/price-agreements/:id/expire - 过期协议'[39m[33m,[39m [36masync[39m () [33m=>[39m {
     [90m 1923 |[39m       [36mconst[39m resp [33m=[39m [36mawait[39m patch([33mAPI[39m [33m+[39m [32m'/scm/price-agreements/1/expire'[39m[33m,[39m {})
    [31m[1m>[22m[39m[90m 1924 |[39m       expect([[35m200[39m[33m,[39m [35m201[39m[33m,[39m [35m204[39m])[33m.[39mtoContain(resp[33m.[39mstatus)
     [90m      |[39m                               [31m[1m^[22m[39m
     [90m 1925 |[39m     })
     [90m 1926 |[39m     it([32m'SCM-043: PATCH /api/v1/scm/price-agreements/:id/cancel - 取消协议'[39m[33m,[39m [36masync[39m () [33m=>[39m {
     [90m 1927 |[39m       [36mconst[39m resp [33m=[39m [36mawait[39m patch([33mAPI[39m [33m+[39m [32m'/scm/price-agreements/1/cancel'[39m[33m,[39m {})[0m

      at Object.<anonymous> (test/complete-api-test.spec.ts:1924:31)

  ● 【SCM】供应链管理模块 (63 APIs) › 价格协议 (5) › SCM-043: PATCH /api/v1/scm/price-agreements/:id/cancel - 取消协议

    expect(received).toContain(expected) // indexOf

    Expected value: 404
    Received array: [200, 201, 204]

    [0m [90m 1926 |[39m     it([32m'SCM-043: PATCH /api/v1/scm/price-agreements/:id/cancel - 取消协议'[39m[33m,[39m [36masync[39m () [33m=>[39m {
     [90m 1927 |[39m       [36mconst[39m resp [33m=[39m [36mawait[39m patch([33mAPI[39m [33m+[39m [32m'/scm/price-agreements/1/cancel'[39m[33m,[39m {})
    [31m[1m>[22m[39m[90m 1928 |[39m       expect([[35m200[39m[33m,[39m [35m201[39m[33m,[39m [35m204[39m])[33m.[39mtoContain(resp[33m.[39mstatus)
     [90m      |[39m                               [31m[1m^[22m[39m
     [90m 1929 |[39m     })
     [90m 1930 |[39m   })
     [90m 1931 |[39m   describe([32m'采购对账 (4)'[39m[33m,[39m () [33m=>[39m {[0m

      at Object.<anonymous> (test/complete-api-test.spec.ts:1928:31)

  ● 【SCM】供应链管理模块 (63 APIs) › 采购对账 (4) › SCM-045: POST /api/v1/scm/reconciliations - 创建对账单

    expect(received).toContain(expected) // indexOf

    Expected value: 400
    Received array: [200, 201, 204]

    [0m [90m 1936 |[39m     it([32m'SCM-045: POST /api/v1/scm/reconciliations - 创建对账单'[39m[33m,[39m [36masync[39m () [33m=>[39m {
     [90m 1937 |[39m       [36mconst[39m resp [33m=[39m [36mawait[39m post([33mAPI[39m [33m+[39m [32m'/scm/reconciliations'[39m[33m,[39m { supplierId[33m:[39m [32m'1'[39m })
    [31m[1m>[22m[39m[90m 1938 |[39m       expect([[35m200[39m[33m,[39m [35m201[39m[33m,[39m [35m204[39m])[33m.[39mtoContain(resp[33m.[39mstatus)
     [90m      |[39m                               [31m[1m^[22m[39m
     [90m 1939 |[39m     })
     [90m 1940 |[39m     it([32m'SCM-046: GET /api/v1/scm/reconciliations/:id - 对账单详情'[39m[33m,[39m [36masync[39m () [33m=>[39m {
     [90m 1941 |[39m       [36mconst[39m resp [33m=[39m [36mawait[39m [36mget[39m([33mAPI[39m [33m+[39m [32m'/scm/reconciliations/1'[39m)[0m

      at Object.<anonymous> (test/complete-api-test.spec.ts:1938:31)

  ● 【SCM】供应链管理模块 (63 APIs) › 采购对账 (4) › SCM-046: GET /api/v1/scm/reconciliations/:id - 对账单详情

    expect(received).toContain(expected) // indexOf

    Expected value: 404
    Received array: [200, 201, 204]

    [0m [90m 1940 |[39m     it([32m'SCM-046: GET /api/v1/scm/reconciliations/:id - 对账单详情'[39m[33m,[39m [36masync[39m () [33m=>[39m {
     [90m 1941 |[39m       [36mconst[39m resp [33m=[39m [36mawait[39m [36mget[39m([33mAPI[39m [33m+[39m [32m'/scm/reconciliations/1'[39m)
    [31m[1m>[22m[39m[90m 1942 |[39m       expect([[35m200[39m[33m,[39m [35m201[39m[33m,[39m [35m204[39m])[33m.[39mtoContain(resp[33m.[39mstatus)
     [90m      |[39m                               [31m[1m^[22m[39m
     [90m 1943 |[39m     })
     [90m 1944 |[39m     it([32m'SCM-047: PATCH /api/v1/scm/reconciliations/:id/push-payable - 推送应付'[39m[33m,[39m [36masync[39m () [33m=>[39m {
     [90m 1945 |[39m       [36mconst[39m resp [33m=[39m [36mawait[39m patch([33mAPI[39m [33m+[39m [32m'/scm/reconciliations/1/push-payable'[39m[33m,[39m {})[0m

      at Object.<anonymous> (test/complete-api-test.spec.ts:1942:31)

  ● 【SCM】供应链管理模块 (63 APIs) › 采购对账 (4) › SCM-047: PATCH /api/v1/scm/reconciliations/:id/push-payable - 推送应付

    expect(received).toContain(expected) // indexOf

    Expected value: 404
    Received array: [200, 201, 204]

    [0m [90m 1944 |[39m     it([32m'SCM-047: PATCH /api/v1/scm/reconciliations/:id/push-payable - 推送应付'[39m[33m,[39m [36masync[39m () [33m=>[39m {
     [90m 1945 |[39m       [36mconst[39m resp [33m=[39m [36mawait[39m patch([33mAPI[39m [33m+[39m [32m'/scm/reconciliations/1/push-payable'[39m[33m,[39m {})
    [31m[1m>[22m[39m[90m 1946 |[39m       expect([[35m200[39m[33m,[39m [35m201[39m[33m,[39m [35m204[39m])[33m.[39mtoContain(resp[33m.[39mstatus)
     [90m      |[39m                               [31m[1m^[22m[39m
     [90m 1947 |[39m     })
     [90m 1948 |[39m   })
     [90m 1949 |[39m   describe([32m'价格审批与历史 (3)'[39m[33m,[39m () [33m=>[39m {[0m

      at Object.<anonymous> (test/complete-api-test.spec.ts:1946:31)

  ● 【SCM】供应链管理模块 (63 APIs) › 供应商资质 (3) › SCM-052: POST /api/v1/scm/supplier-qualifications - 创建资质

    expect(received).toContain(expected) // indexOf

    Expected value: 400
    Received array: [200, 201, 204]

    [0m [90m 1968 |[39m     it([32m'SCM-052: POST /api/v1/scm/supplier-qualifications - 创建资质'[39m[33m,[39m [36masync[39m () [33m=>[39m {
     [90m 1969 |[39m       [36mconst[39m resp [33m=[39m [36mawait[39m post([33mAPI[39m [33m+[39m [32m'/scm/supplier-qualifications'[39m[33m,[39m { supplierId[33m:[39m [32m'1'[39m[33m,[39m type[33m:[39m [32m'ISO9001'[39m })
    [31m[1m>[22m[39m[90m 1970 |[39m       expect([[35m200[39m[33m,[39m [35m201[39m[33m,[39m [35m204[39m])[33m.[39mtoContain(resp[33m.[39mstatus)
     [90m      |[39m                               [31m[1m^[22m[39m
     [90m 1971 |[39m     })
     [90m 1972 |[39m     it([32m'SCM-053: PATCH /api/v1/scm/supplier-qualifications/:id - 更新资质'[39m[33m,[39m [36masync[39m () [33m=>[39m {
     [90m 1973 |[39m       [36mconst[39m resp [33m=[39m [36mawait[39m patch([33mAPI[39m [33m+[39m [32m'/scm/supplier-qualifications/1'[39m[33m,[39m { status[33m:[39m [32m'VALID'[39m })[0m

      at Object.<anonymous> (test/complete-api-test.spec.ts:1970:31)

  ● 【SCM】供应链管理模块 (63 APIs) › 供应商资质 (3) › SCM-053: PATCH /api/v1/scm/supplier-qualifications/:id - 更新资质

    expect(received).toContain(expected) // indexOf

    Expected value: 500
    Received array: [200, 201, 204]

    [0m [90m 1972 |[39m     it([32m'SCM-053: PATCH /api/v1/scm/supplier-qualifications/:id - 更新资质'[39m[33m,[39m [36masync[39m () [33m=>[39m {
     [90m 1973 |[39m       [36mconst[39m resp [33m=[39m [36mawait[39m patch([33mAPI[39m [33m+[39m [32m'/scm/supplier-qualifications/1'[39m[33m,[39m { status[33m:[39m [32m'VALID'[39m })
    [31m[1m>[22m[39m[90m 1974 |[39m       expect([[35m200[39m[33m,[39m [35m201[39m[33m,[39m [35m204[39m])[33m.[39mtoContain(resp[33m.[39mstatus)
     [90m      |[39m                               [31m[1m^[22m[39m
     [90m 1975 |[39m     })
     [90m 1976 |[39m   })
     [90m 1977 |[39m   describe([32m'采购分析 (4)'[39m[33m,[39m () [33m=>[39m {[0m

      at Object.<anonymous> (test/complete-api-test.spec.ts:1974:31)

  ● 【SCM】供应链管理模块 (63 APIs) › 到货异常与供应商准入 (4) › SCM-059: PATCH /api/v1/scm/suppliers/onboarding/:onboardingId/advance - 推进准入

    expect(received).toContain(expected) // indexOf

    Expected value: 400
    Received array: [200, 201, 204]

    [0m [90m 2000 |[39m     it([32m'SCM-059: PATCH /api/v1/scm/suppliers/onboarding/:onboardingId/advance - 推进准入'[39m[33m,[39m [36masync[39m () [33m=>[39m {
     [90m 2001 |[39m       [36mconst[39m resp [33m=[39m [36mawait[39m patch([33mAPI[39m [33m+[39m [32m'/scm/suppliers/onboarding/1/advance'[39m[33m,[39m {})
    [31m[1m>[22m[39m[90m 2002 |[39m       expect([[35m200[39m[33m,[39m [35m201[39m[33m,[39m [35m204[39m])[33m.[39mtoContain(resp[33m.[39mstatus)
     [90m      |[39m                               [31m[1m^[22m[39m
     [90m 2003 |[39m     })
     [90m 2004 |[39m     it([32m'SCM-060: PATCH /api/v1/scm/inquiries/:id/select - 择优选供应商'[39m[33m,[39m [36masync[39m () [33m=>[39m {
     [90m 2005 |[39m       [36mconst[39m resp [33m=[39m [36mawait[39m patch([33mAPI[39m [33m+[39m [32m'/scm/inquiries/1/select'[39m[33m,[39m { supplierId[33m:[39m [32m'1'[39m })[0m

      at Object.<anonymous> (test/complete-api-test.spec.ts:2002:31)

  ● 【SCM】供应链管理模块 (63 APIs) › 到货异常与供应商准入 (4) › SCM-060: PATCH /api/v1/scm/inquiries/:id/select - 择优选供应商

    expect(received).toContain(expected) // indexOf

    Expected value: 404
    Received array: [200, 201, 204]

    [0m [90m 2004 |[39m     it([32m'SCM-060: PATCH /api/v1/scm/inquiries/:id/select - 择优选供应商'[39m[33m,[39m [36masync[39m () [33m=>[39m {
     [90m 2005 |[39m       [36mconst[39m resp [33m=[39m [36mawait[39m patch([33mAPI[39m [33m+[39m [32m'/scm/inquiries/1/select'[39m[33m,[39m { supplierId[33m:[39m [32m'1'[39m })
    [31m[1m>[22m[39m[90m 2006 |[39m       expect([[35m200[39m[33m,[39m [35m201[39m[33m,[39m [35m204[39m])[33m.[39mtoContain(resp[33m.[39mstatus)
     [90m      |[39m                               [31m[1m^[22m[39m
     [90m 2007 |[39m     })
     [90m 2008 |[39m     it([32m'SCM-061: PATCH /api/v1/scm/receipts/exceptions/:exceptionId/close - 关闭异常'[39m[33m,[39m [36masync[39m () [33m=>[39m {
     [90m 2009 |[39m       [36mconst[39m resp [33m=[39m [36mawait[39m patch([33mAPI[39m [33m+[39m [32m'/scm/receipts/exceptions/1/close'[39m[33m,[39m {})[0m

      at Object.<anonymous> (test/complete-api-test.spec.ts:2006:31)

  ● 【SCM】供应链管理模块 (63 APIs) › 到货异常与供应商准入 (4) › SCM-061: PATCH /api/v1/scm/receipts/exceptions/:exceptionId/close - 关闭异常

    expect(received).toContain(expected) // indexOf

    Expected value: 404
    Received array: [200, 201, 204]

    [0m [90m 2008 |[39m     it([32m'SCM-061: PATCH /api/v1/scm/receipts/exceptions/:exceptionId/close - 关闭异常'[39m[33m,[39m [36masync[39m () [33m=>[39m {
     [90m 2009 |[39m       [36mconst[39m resp [33m=[39m [36mawait[39m patch([33mAPI[39m [33m+[39m [32m'/scm/receipts/exceptions/1/close'[39m[33m,[39m {})
    [31m[1m>[22m[39m[90m 2010 |[39m       expect([[35m200[39m[33m,[39m [35m201[39m[33m,[39m [35m204[39m])[33m.[39mtoContain(resp[33m.[39mstatus)
     [90m      |[39m                               [31m[1m^[22m[39m
     [90m 2011 |[39m     })
     [90m 2012 |[39m   })
     [90m 2013 |[39m })[0m

      at Object.<anonymous> (test/complete-api-test.spec.ts:2010:31)

  ● 【QMS】质量管理系统模块 (28 APIs) › 检验标准 (5) › QMS-004: POST /api/v1/qms/standards/:id/version - 新增版本

    expect(received).toContain(expected) // indexOf

    Expected value: 400
    Received array: [200, 201, 204]

    [0m [90m 2032 |[39m     it([32m'QMS-004: POST /api/v1/qms/standards/:id/version - 新增版本'[39m[33m,[39m [36masync[39m () [33m=>[39m {
     [90m 2033 |[39m       [36mconst[39m resp [33m=[39m [36mawait[39m post([33mAPI[39m [33m+[39m [32m'/qms/standards/1/version'[39m[33m,[39m {})
    [31m[1m>[22m[39m[90m 2034 |[39m       expect([[35m200[39m[33m,[39m [35m201[39m[33m,[39m [35m204[39m])[33m.[39mtoContain(resp[33m.[39mstatus)
     [90m      |[39m                               [31m[1m^[22m[39m
     [90m 2035 |[39m     })
     [90m 2036 |[39m   })
     [90m 2037 |[39m   describe([32m'检验任务 (4)'[39m[33m,[39m () [33m=>[39m {[0m

      at Object.<anonymous> (test/complete-api-test.spec.ts:2034:31)

  ● 【QMS】质量管理系统模块 (28 APIs) › 检验任务 (4) › QMS-006: POST /api/v1/qms/inspections - 创建检验任务

    expect(received).toContain(expected) // indexOf

    Expected value: 400
    Received array: [200, 201, 204]

    [0m [90m 2042 |[39m     it([32m'QMS-006: POST /api/v1/qms/inspections - 创建检验任务'[39m[33m,[39m [36masync[39m () [33m=>[39m {
     [90m 2043 |[39m       [36mconst[39m resp [33m=[39m [36mawait[39m post([33mAPI[39m [33m+[39m [32m'/qms/inspections'[39m[33m,[39m { taskNo[33m:[39m [32m`INS_${testData.ts}`[39m[33m,[39m inspectionType[33m:[39m [32m'IQC'[39m })
    [31m[1m>[22m[39m[90m 2044 |[39m       expect([[35m200[39m[33m,[39m [35m201[39m[33m,[39m [35m204[39m])[33m.[39mtoContain(resp[33m.[39mstatus)
     [90m      |[39m                               [31m[1m^[22m[39m
     [90m 2045 |[39m     })
     [90m 2046 |[39m     it([32m'QMS-007: PATCH /api/v1/qms/inspections/:id/result - 检验结果'[39m[33m,[39m [36masync[39m () [33m=>[39m {
     [90m 2047 |[39m       [36mconst[39m resp [33m=[39m [36mawait[39m patch([33mAPI[39m [33m+[39m [32m'/qms/inspections/1/result'[39m[33m,[39m { result[33m:[39m [32m'PASS'[39m })[0m

      at Object.<anonymous> (test/complete-api-test.spec.ts:2044:31)

  ● 【QMS】质量管理系统模块 (28 APIs) › 检验任务 (4) › QMS-008: POST /api/v1/qms/first-inspections - 首检

    expect(received).toContain(expected) // indexOf

    Expected value: 400
    Received array: [200, 201, 204]

    [0m [90m 2050 |[39m     it([32m'QMS-008: POST /api/v1/qms/first-inspections - 首检'[39m[33m,[39m [36masync[39m () [33m=>[39m {
     [90m 2051 |[39m       [36mconst[39m resp [33m=[39m [36mawait[39m post([33mAPI[39m [33m+[39m [32m'/qms/first-inspections'[39m[33m,[39m { operationId[33m:[39m [32m'1'[39m })
    [31m[1m>[22m[39m[90m 2052 |[39m       expect([[35m200[39m[33m,[39m [35m201[39m[33m,[39m [35m204[39m])[33m.[39mtoContain(resp[33m.[39mstatus)
     [90m      |[39m                               [31m[1m^[22m[39m
     [90m 2053 |[39m     })
     [90m 2054 |[39m   })
     [90m 2055 |[39m   describe([32m'不合格品 (5)'[39m[33m,[39m () [33m=>[39m {[0m

      at Object.<anonymous> (test/complete-api-test.spec.ts:2052:31)

  ● 【QMS】质量管理系统模块 (28 APIs) › 不合格品 (5) › QMS-011: PATCH /api/v1/qms/nonconformances/:id/disposition - 处理决定

    expect(received).toContain(expected) // indexOf

    Expected value: 400
    Received array: [200, 201, 204]

    [0m [90m 2064 |[39m     it([32m'QMS-011: PATCH /api/v1/qms/nonconformances/:id/disposition - 处理决定'[39m[33m,[39m [36masync[39m () [33m=>[39m {
     [90m 2065 |[39m       [36mconst[39m resp [33m=[39m [36mawait[39m patch([33mAPI[39m [33m+[39m [32m'/qms/nonconformances/1/disposition'[39m[33m,[39m { disposition[33m:[39m [32m'USE_AS_IS'[39m })
    [31m[1m>[22m[39m[90m 2066 |[39m       expect([[35m200[39m[33m,[39m [35m201[39m[33m,[39m [35m204[39m])[33m.[39mtoContain(resp[33m.[39mstatus)
     [90m      |[39m                               [31m[1m^[22m[39m
     [90m 2067 |[39m     })
     [90m 2068 |[39m     it([32m'QMS-012: POST /api/v1/qms/nonconformances/:id/rework - 返工'[39m[33m,[39m [36masync[39m () [33m=>[39m {
     [90m 2069 |[39m       [36mconst[39m resp [33m=[39m [36mawait[39m post([33mAPI[39m [33m+[39m [32m'/qms/nonconformances/1/rework'[39m[33m,[39m {})[0m

      at Object.<anonymous> (test/complete-api-test.spec.ts:2066:31)

  ● 【QMS】质量管理系统模块 (28 APIs) › 最终检验 (2) › QMS-013: POST /api/v1/qms/final-inspections/inbound - 入库检验

    expect(received).toContain(expected) // indexOf

    Expected value: 400
    Received array: [200, 201, 204]

    [0m [90m 2074 |[39m     it([32m'QMS-013: POST /api/v1/qms/final-inspections/inbound - 入库检验'[39m[33m,[39m [36masync[39m () [33m=>[39m {
     [90m 2075 |[39m       [36mconst[39m resp [33m=[39m [36mawait[39m post([33mAPI[39m [33m+[39m [32m'/qms/final-inspections/inbound'[39m[33m,[39m { receiptId[33m:[39m [32m'1'[39m })
    [31m[1m>[22m[39m[90m 2076 |[39m       expect([[35m200[39m[33m,[39m [35m201[39m[33m,[39m [35m204[39m])[33m.[39mtoContain(resp[33m.[39mstatus)
     [90m      |[39m                               [31m[1m^[22m[39m
     [90m 2077 |[39m     })
     [90m 2078 |[39m     it([32m'QMS-014: POST /api/v1/qms/final-inspections/outbound - 出货检验'[39m[33m,[39m [36masync[39m () [33m=>[39m {
     [90m 2079 |[39m       [36mconst[39m resp [33m=[39m [36mawait[39m post([33mAPI[39m [33m+[39m [32m'/qms/final-inspections/outbound'[39m[33m,[39m { shipmentId[33m:[39m [32m'1'[39m })[0m

      at Object.<anonymous> (test/complete-api-test.spec.ts:2076:31)

  ● 【QMS】质量管理系统模块 (28 APIs) › 最终检验 (2) › QMS-014: POST /api/v1/qms/final-inspections/outbound - 出货检验

    expect(received).toContain(expected) // indexOf

    Expected value: 400
    Received array: [200, 201, 204]

    [0m [90m 2078 |[39m     it([32m'QMS-014: POST /api/v1/qms/final-inspections/outbound - 出货检验'[39m[33m,[39m [36masync[39m () [33m=>[39m {
     [90m 2079 |[39m       [36mconst[39m resp [33m=[39m [36mawait[39m post([33mAPI[39m [33m+[39m [32m'/qms/final-inspections/outbound'[39m[33m,[39m { shipmentId[33m:[39m [32m'1'[39m })
    [31m[1m>[22m[39m[90m 2080 |[39m       expect([[35m200[39m[33m,[39m [35m201[39m[33m,[39m [35m204[39m])[33m.[39mtoContain(resp[33m.[39mstatus)
     [90m      |[39m                               [31m[1m^[22m[39m
     [90m 2081 |[39m     })
     [90m 2082 |[39m   })
     [90m 2083 |[39m   describe([32m'纠正措施 (4)'[39m[33m,[39m () [33m=>[39m {[0m

      at Object.<anonymous> (test/complete-api-test.spec.ts:2080:31)

  ● 【QMS】质量管理系统模块 (28 APIs) › 纠正措施 (4) › QMS-016: POST /api/v1/qms/corrective-actions - 创建纠正措施

    expect(received).toContain(expected) // indexOf

    Expected value: 400
    Received array: [200, 201, 204]

    [0m [90m 2088 |[39m     it([32m'QMS-016: POST /api/v1/qms/corrective-actions - 创建纠正措施'[39m[33m,[39m [36masync[39m () [33m=>[39m {
     [90m 2089 |[39m       [36mconst[39m resp [33m=[39m [36mawait[39m post([33mAPI[39m [33m+[39m [32m'/qms/corrective-actions'[39m[33m,[39m { ncId[33m:[39m [32m'1'[39m[33m,[39m rootCause[33m:[39m [32m'Test'[39m })
    [31m[1m>[22m[39m[90m 2090 |[39m       expect([[35m200[39m[33m,[39m [35m201[39m[33m,[39m [35m204[39m])[33m.[39mtoContain(resp[33m.[39mstatus)
     [90m      |[39m                               [31m[1m^[22m[39m
     [90m 2091 |[39m     })
     [90m 2092 |[39m     it([32m'QMS-017: PUT /api/v1/qms/corrective-actions/:id - 更新纠正措施'[39m[33m,[39m [36masync[39m () [33m=>[39m {
     [90m 2093 |[39m       [36mconst[39m resp [33m=[39m [36mawait[39m put([33mAPI[39m [33m+[39m [32m'/qms/corrective-actions/1'[39m[33m,[39m { correctiveAction[33m:[39m [32m'Updated'[39m })[0m

      at Object.<anonymous> (test/complete-api-test.spec.ts:2090:31)

  ● 【QMS】质量管理系统模块 (28 APIs) › 纠正措施 (4) › QMS-017: PUT /api/v1/qms/corrective-actions/:id - 更新纠正措施

    expect(received).toContain(expected) // indexOf

    Expected value: 404
    Received array: [200, 201, 204]

    [0m [90m 2092 |[39m     it([32m'QMS-017: PUT /api/v1/qms/corrective-actions/:id - 更新纠正措施'[39m[33m,[39m [36masync[39m () [33m=>[39m {
     [90m 2093 |[39m       [36mconst[39m resp [33m=[39m [36mawait[39m put([33mAPI[39m [33m+[39m [32m'/qms/corrective-actions/1'[39m[33m,[39m { correctiveAction[33m:[39m [32m'Updated'[39m })
    [31m[1m>[22m[39m[90m 2094 |[39m       expect([[35m200[39m[33m,[39m [35m201[39m[33m,[39m [35m204[39m])[33m.[39mtoContain(resp[33m.[39mstatus)
     [90m      |[39m                               [31m[1m^[22m[39m
     [90m 2095 |[39m     })
     [90m 2096 |[39m     it([32m'QMS-018: POST /api/v1/qms/corrective-actions/:id/verify - 效果验证'[39m[33m,[39m [36masync[39m () [33m=>[39m {
     [90m 2097 |[39m       [36mconst[39m resp [33m=[39m [36mawait[39m post([33mAPI[39m [33m+[39m [32m'/qms/corrective-actions/1/verify'[39m[33m,[39m { effective[33m:[39m [36mtrue[39m })[0m

      at Object.<anonymous> (test/complete-api-test.spec.ts:2094:31)

  ● 【QMS】质量管理系统模块 (28 APIs) › 纠正措施 (4) › QMS-018: POST /api/v1/qms/corrective-actions/:id/verify - 效果验证

    expect(received).toContain(expected) // indexOf

    Expected value: 404
    Received array: [200, 201, 204]

    [0m [90m 2096 |[39m     it([32m'QMS-018: POST /api/v1/qms/corrective-actions/:id/verify - 效果验证'[39m[33m,[39m [36masync[39m () [33m=>[39m {
     [90m 2097 |[39m       [36mconst[39m resp [33m=[39m [36mawait[39m post([33mAPI[39m [33m+[39m [32m'/qms/corrective-actions/1/verify'[39m[33m,[39m { effective[33m:[39m [36mtrue[39m })
    [31m[1m>[22m[39m[90m 2098 |[39m       expect([[35m200[39m[33m,[39m [35m201[39m[33m,[39m [35m204[39m])[33m.[39mtoContain(resp[33m.[39mstatus)
     [90m      |[39m                               [31m[1m^[22m[39m
     [90m 2099 |[39m     })
     [90m 2100 |[39m   })
     [90m 2101 |[39m   describe([32m'SPC统计 (2)'[39m[33m,[39m () [33m=>[39m {[0m

      at Object.<anonymous> (test/complete-api-test.spec.ts:2098:31)

  ● 【QMS】质量管理系统模块 (28 APIs) › SPC统计 (2) › QMS-019: POST /api/v1/qms/spc/data-points - 录入SPC数据

    expect(received).toContain(expected) // indexOf

    Expected value: 400
    Received array: [200, 201, 204]

    [0m [90m 2102 |[39m     it([32m'QMS-019: POST /api/v1/qms/spc/data-points - 录入SPC数据'[39m[33m,[39m [36masync[39m () [33m=>[39m {
     [90m 2103 |[39m       [36mconst[39m resp [33m=[39m [36mawait[39m post([33mAPI[39m [33m+[39m [32m'/qms/spc/data-points'[39m[33m,[39m { itemId[33m:[39m [32m'1'[39m[33m,[39m value[33m:[39m [35m10.5[39m })
    [31m[1m>[22m[39m[90m 2104 |[39m       expect([[35m200[39m[33m,[39m [35m201[39m[33m,[39m [35m204[39m])[33m.[39mtoContain(resp[33m.[39mstatus)
     [90m      |[39m                               [31m[1m^[22m[39m
     [90m 2105 |[39m     })
     [90m 2106 |[39m     it([32m'QMS-020: GET /api/v1/qms/spc/chart/:itemId - SPC控制图'[39m[33m,[39m [36masync[39m () [33m=>[39m {
     [90m 2107 |[39m       [36mconst[39m resp [33m=[39m [36mawait[39m [36mget[39m([33mAPI[39m [33m+[39m [32m'/qms/spc/chart/1'[39m)[0m

      at Object.<anonymous> (test/complete-api-test.spec.ts:2104:31)

  ● 【QMS】质量管理系统模块 (28 APIs) › 客户投诉 (3) › QMS-023: POST /api/v1/qms/complaints - 创建投诉

    expect(received).toContain(expected) // indexOf

    Expected value: 400
    Received array: [200, 201, 204]

    [0m [90m 2122 |[39m     it([32m'QMS-023: POST /api/v1/qms/complaints - 创建投诉'[39m[33m,[39m [36masync[39m () [33m=>[39m {
     [90m 2123 |[39m       [36mconst[39m resp [33m=[39m [36mawait[39m post([33mAPI[39m [33m+[39m [32m'/qms/complaints'[39m[33m,[39m { customerId[33m:[39m [32m'1'[39m[33m,[39m description[33m:[39m [32m'Test complaint'[39m })
    [31m[1m>[22m[39m[90m 2124 |[39m       expect([[35m200[39m[33m,[39m [35m201[39m[33m,[39m [35m204[39m])[33m.[39mtoContain(resp[33m.[39mstatus)
     [90m      |[39m                               [31m[1m^[22m[39m
     [90m 2125 |[39m     })
     [90m 2126 |[39m     it([32m'QMS-024: PUT /api/v1/qms/complaints/:id - 更新投诉'[39m[33m,[39m [36masync[39m () [33m=>[39m {
     [90m 2127 |[39m       [36mconst[39m resp [33m=[39m [36mawait[39m put([33mAPI[39m [33m+[39m [32m'/qms/complaints/1'[39m[33m,[39m { status[33m:[39m [32m'HANDLING'[39m })[0m

      at Object.<anonymous> (test/complete-api-test.spec.ts:2124:31)

  ● 【QMS】质量管理系统模块 (28 APIs) › 召回管理 (3) › QMS-026: POST /api/v1/qms/recalls - 创建召回

    expect(received).toContain(expected) // indexOf

    Expected value: 400
    Received array: [200, 201, 204]

    [0m [90m 2136 |[39m     it([32m'QMS-026: POST /api/v1/qms/recalls - 创建召回'[39m[33m,[39m [36masync[39m () [33m=>[39m {
     [90m 2137 |[39m       [36mconst[39m resp [33m=[39m [36mawait[39m post([33mAPI[39m [33m+[39m [32m'/qms/recalls'[39m[33m,[39m { batchNo[33m:[39m [32m'TEST001'[39m[33m,[39m reason[33m:[39m [32m'Quality issue'[39m })
    [31m[1m>[22m[39m[90m 2138 |[39m       expect([[35m200[39m[33m,[39m [35m201[39m[33m,[39m [35m204[39m])[33m.[39mtoContain(resp[33m.[39mstatus)
     [90m      |[39m                               [31m[1m^[22m[39m
     [90m 2139 |[39m     })
     [90m 2140 |[39m     it([32m'QMS-027: PUT /api/v1/qms/recalls/:id - 更新召回'[39m[33m,[39m [36masync[39m () [33m=>[39m {
     [90m 2141 |[39m       [36mconst[39m resp [33m=[39m [36mawait[39m put([33mAPI[39m [33m+[39m [32m'/qms/recalls/1'[39m[33m,[39m { status[33m:[39m [32m'IN_PROGRESS'[39m })[0m

      at Object.<anonymous> (test/complete-api-test.spec.ts:2138:31)

  ● 【EAM】设备管理系统模块 (56 APIs) › 设备管理 (14) › EAM-002: POST /api/v1/eam/equipment - 创建设备

    expect(received).toContain(expected) // indexOf

    Expected value: 400
    Received array: [200, 201, 204]

    [0m [90m 2156 |[39m     it([32m'EAM-002: POST /api/v1/eam/equipment - 创建设备'[39m[33m,[39m [36masync[39m () [33m=>[39m {
     [90m 2157 |[39m       [36mconst[39m resp [33m=[39m [36mawait[39m post([33mAPI[39m [33m+[39m [32m'/eam/equipment'[39m[33m,[39m { code[33m:[39m [32m`EQ_${testData.ts}`[39m[33m,[39m name[33m:[39m [32m'Test Equipment'[39m[33m,[39m equipmentType[33m:[39m [32m'CNC'[39m })
    [31m[1m>[22m[39m[90m 2158 |[39m       expect([[35m200[39m[33m,[39m [35m201[39m[33m,[39m [35m204[39m])[33m.[39mtoContain(resp[33m.[39mstatus)
     [90m      |[39m                               [31m[1m^[22m[39m
     [90m 2159 |[39m     })
     [90m 2160 |[39m     it([32m'EAM-003: GET /api/v1/eam/equipment/tree - 设备树'[39m[33m,[39m [36masync[39m () [33m=>[39m {
     [90m 2161 |[39m       [36mconst[39m resp [33m=[39m [36mawait[39m [36mget[39m([33mAPI[39m [33m+[39m [32m'/eam/equipment/tree'[39m)[0m

      at Object.<anonymous> (test/complete-api-test.spec.ts:2158:31)

  ● 【EAM】设备管理系统模块 (56 APIs) › 设备管理 (14) › EAM-004: GET /api/v1/eam/equipment/qrcode/:code - 设备二维码

    expect(received).toContain(expected) // indexOf

    Expected value: 404
    Received array: [200, 201, 204]

    [0m [90m 2164 |[39m     it([32m'EAM-004: GET /api/v1/eam/equipment/qrcode/:code - 设备二维码'[39m[33m,[39m [36masync[39m () [33m=>[39m {
     [90m 2165 |[39m       [36mconst[39m resp [33m=[39m [36mawait[39m [36mget[39m([33mAPI[39m [33m+[39m [32m'/eam/equipment/qrcode/EQ001'[39m)
    [31m[1m>[22m[39m[90m 2166 |[39m       expect([[35m200[39m[33m,[39m [35m201[39m[33m,[39m [35m204[39m])[33m.[39mtoContain(resp[33m.[39mstatus)
     [90m      |[39m                               [31m[1m^[22m[39m
     [90m 2167 |[39m     })
     [90m 2168 |[39m     it([32m'EAM-005: GET /api/v1/eam/equipment/:id - 设备详情'[39m[33m,[39m [36masync[39m () [33m=>[39m {
     [90m 2169 |[39m       [36mconst[39m resp [33m=[39m [36mawait[39m [36mget[39m([33mAPI[39m [33m+[39m [32m'/eam/equipment/1'[39m)[0m

      at Object.<anonymous> (test/complete-api-test.spec.ts:2166:31)

  ● 【EAM】设备管理系统模块 (56 APIs) › 设备管理 (14) › EAM-007: PUT /api/v1/eam/equipment/:id/status - 设备状态

    expect(received).toContain(expected) // indexOf

    Expected value: 400
    Received array: [200, 201, 204]

    [0m [90m 2176 |[39m     it([32m'EAM-007: PUT /api/v1/eam/equipment/:id/status - 设备状态'[39m[33m,[39m [36masync[39m () [33m=>[39m {
     [90m 2177 |[39m       [36mconst[39m resp [33m=[39m [36mawait[39m put([33mAPI[39m [33m+[39m [32m'/eam/equipment/1/status'[39m[33m,[39m { status[33m:[39m [32m'RUNNING'[39m })
    [31m[1m>[22m[39m[90m 2178 |[39m       expect([[35m200[39m[33m,[39m [35m201[39m[33m,[39m [35m204[39m])[33m.[39mtoContain(resp[33m.[39mstatus)
     [90m      |[39m                               [31m[1m^[22m[39m
     [90m 2179 |[39m     })
     [90m 2180 |[39m     it([32m'EAM-008: GET /api/v1/eam/equipment/:id/tech-specs - 技术参数'[39m[33m,[39m [36masync[39m () [33m=>[39m {
     [90m 2181 |[39m       [36mconst[39m resp [33m=[39m [36mawait[39m [36mget[39m([33mAPI[39m [33m+[39m [32m'/eam/equipment/1/tech-specs'[39m)[0m

      at Object.<anonymous> (test/complete-api-test.spec.ts:2178:31)

  ● 【EAM】设备管理系统模块 (56 APIs) › 设备管理 (14) › EAM-011: POST /api/v1/eam/equipment/:id/finance - 添加财务信息

    expect(received).toContain(expected) // indexOf

    Expected value: 400
    Received array: [200, 201, 204]

    [0m [90m 2192 |[39m     it([32m'EAM-011: POST /api/v1/eam/equipment/:id/finance - 添加财务信息'[39m[33m,[39m [36masync[39m () [33m=>[39m {
     [90m 2193 |[39m       [36mconst[39m resp [33m=[39m [36mawait[39m post([33mAPI[39m [33m+[39m [32m'/eam/equipment/1/finance'[39m[33m,[39m { purchasePrice[33m:[39m [35m100000[39m })
    [31m[1m>[22m[39m[90m 2194 |[39m       expect([[35m200[39m[33m,[39m [35m201[39m[33m,[39m [35m204[39m])[33m.[39mtoContain(resp[33m.[39mstatus)
     [90m      |[39m                               [31m[1m^[22m[39m
     [90m 2195 |[39m     })
     [90m 2196 |[39m     it([32m'EAM-012: GET /api/v1/eam/equipment/:id/mtbf-mttr - MTBF/MTTR'[39m[33m,[39m [36masync[39m () [33m=>[39m {
     [90m 2197 |[39m       [36mconst[39m resp [33m=[39m [36mawait[39m [36mget[39m([33mAPI[39m [33m+[39m [32m'/eam/equipment/1/mtbf-mttr'[39m)[0m

      at Object.<anonymous> (test/complete-api-test.spec.ts:2194:31)

  ● 【EAM】设备管理系统模块 (56 APIs) › 维保策略 (3) › EAM-016: POST /api/v1/eam/maintenance/strategies - 创建维保策略

    expect(received).toContain(expected) // indexOf

    Expected value: 400
    Received array: [200, 201, 204]

    [0m [90m 2214 |[39m     it([32m'EAM-016: POST /api/v1/eam/maintenance/strategies - 创建维保策略'[39m[33m,[39m [36masync[39m () [33m=>[39m {
     [90m 2215 |[39m       [36mconst[39m resp [33m=[39m [36mawait[39m post([33mAPI[39m [33m+[39m [32m'/eam/maintenance/strategies'[39m[33m,[39m { name[33m:[39m [32m`Strat_${testData.ts}`[39m[33m,[39m equipmentType[33m:[39m [32m'CNC'[39m })
    [31m[1m>[22m[39m[90m 2216 |[39m       expect([[35m200[39m[33m,[39m [35m201[39m[33m,[39m [35m204[39m])[33m.[39mtoContain(resp[33m.[39mstatus)
     [90m      |[39m                               [31m[1m^[22m[39m
     [90m 2217 |[39m     })
     [90m 2218 |[39m     it([32m'EAM-017: PUT /api/v1/eam/maintenance/strategies/:id - 更新策略'[39m[33m,[39m [36masync[39m () [33m=>[39m {
     [90m 2219 |[39m       [36mconst[39m resp [33m=[39m [36mawait[39m put([33mAPI[39m [33m+[39m [32m'/eam/maintenance/strategies/1'[39m[33m,[39m { name[33m:[39m [32m'Updated'[39m })[0m

      at Object.<anonymous> (test/complete-api-test.spec.ts:2216:31)

  ● 【EAM】设备管理系统模块 (56 APIs) › 维保策略 (3) › EAM-017: PUT /api/v1/eam/maintenance/strategies/:id - 更新策略

    expect(received).toContain(expected) // indexOf

    Expected value: 404
    Received array: [200, 201, 204]

    [0m [90m 2218 |[39m     it([32m'EAM-017: PUT /api/v1/eam/maintenance/strategies/:id - 更新策略'[39m[33m,[39m [36masync[39m () [33m=>[39m {
     [90m 2219 |[39m       [36mconst[39m resp [33m=[39m [36mawait[39m put([33mAPI[39m [33m+[39m [32m'/eam/maintenance/strategies/1'[39m[33m,[39m { name[33m:[39m [32m'Updated'[39m })
    [31m[1m>[22m[39m[90m 2220 |[39m       expect([[35m200[39m[33m,[39m [35m201[39m[33m,[39m [35m204[39m])[33m.[39mtoContain(resp[33m.[39mstatus)
     [90m      |[39m                               [31m[1m^[22m[39m
     [90m 2221 |[39m     })
     [90m 2222 |[39m   })
     [90m 2223 |[39m   describe([32m'维保计划 (4)'[39m[33m,[39m () [33m=>[39m {[0m

      at Object.<anonymous> (test/complete-api-test.spec.ts:2220:31)

  ● 【EAM】设备管理系统模块 (56 APIs) › 维保计划 (4) › EAM-019: POST /api/v1/eam/maintenance/plans - 创建维保计划

    expect(received).toContain(expected) // indexOf

    Expected value: 400
    Received array: [200, 201, 204]

    [0m [90m 2228 |[39m     it([32m'EAM-019: POST /api/v1/eam/maintenance/plans - 创建维保计划'[39m[33m,[39m [36masync[39m () [33m=>[39m {
     [90m 2229 |[39m       [36mconst[39m resp [33m=[39m [36mawait[39m post([33mAPI[39m [33m+[39m [32m'/eam/maintenance/plans'[39m[33m,[39m { equipmentId[33m:[39m testData[33m.[39mequipment[33m?[39m[33m.[39mid [33m||[39m [32m'1'[39m })
    [31m[1m>[22m[39m[90m 2230 |[39m       expect([[35m200[39m[33m,[39m [35m201[39m[33m,[39m [35m204[39m])[33m.[39mtoContain(resp[33m.[39mstatus)
     [90m      |[39m                               [31m[1m^[22m[39m
     [90m 2231 |[39m     })
     [90m 2232 |[39m     it([32m'EAM-020: PUT /api/v1/eam/maintenance/plans/:id - 更新计划'[39m[33m,[39m [36masync[39m () [33m=>[39m {
     [90m 2233 |[39m       [36mconst[39m resp [33m=[39m [36mawait[39m put([33mAPI[39m [33m+[39m [32m'/eam/maintenance/plans/1'[39m[33m,[39m { plannedDate[33m:[39m [32m'2026-05-20'[39m })[0m

      at Object.<anonymous> (test/complete-api-test.spec.ts:2230:31)

  ● 【EAM】设备管理系统模块 (56 APIs) › 维保计划 (4) › EAM-020: PUT /api/v1/eam/maintenance/plans/:id - 更新计划

    expect(received).toContain(expected) // indexOf

    Expected value: 404
    Received array: [200, 201, 204]

    [0m [90m 2232 |[39m     it([32m'EAM-020: PUT /api/v1/eam/maintenance/plans/:id - 更新计划'[39m[33m,[39m [36masync[39m () [33m=>[39m {
     [90m 2233 |[39m       [36mconst[39m resp [33m=[39m [36mawait[39m put([33mAPI[39m [33m+[39m [32m'/eam/maintenance/plans/1'[39m[33m,[39m { plannedDate[33m:[39m [32m'2026-05-20'[39m })
    [31m[1m>[22m[39m[90m 2234 |[39m       expect([[35m200[39m[33m,[39m [35m201[39m[33m,[39m [35m204[39m])[33m.[39mtoContain(resp[33m.[39mstatus)
     [90m      |[39m                               [31m[1m^[22m[39m
     [90m 2235 |[39m     })
     [90m 2236 |[39m     it([32m'EAM-021: DELETE /api/v1/eam/maintenance/plans/:id - 删除计划'[39m[33m,[39m [36masync[39m () [33m=>[39m {
     [90m 2237 |[39m       [36mconst[39m resp [33m=[39m [36mawait[39m del([33mAPI[39m [33m+[39m [32m'/eam/maintenance/plans/999'[39m)[0m

      at Object.<anonymous> (test/complete-api-test.spec.ts:2234:31)

  ● 【EAM】设备管理系统模块 (56 APIs) › 维保计划 (4) › EAM-021: DELETE /api/v1/eam/maintenance/plans/:id - 删除计划

    expect(received).toContain(expected) // indexOf

    Expected value: 404
    Received array: [200, 201, 204]

    [0m [90m 2236 |[39m     it([32m'EAM-021: DELETE /api/v1/eam/maintenance/plans/:id - 删除计划'[39m[33m,[39m [36masync[39m () [33m=>[39m {
     [90m 2237 |[39m       [36mconst[39m resp [33m=[39m [36mawait[39m del([33mAPI[39m [33m+[39m [32m'/eam/maintenance/plans/999'[39m)
    [31m[1m>[22m[39m[90m 2238 |[39m       expect([[35m200[39m[33m,[39m [35m201[39m[33m,[39m [35m204[39m])[33m.[39mtoContain(resp[33m.[39mstatus)
     [90m      |[39m                               [31m[1m^[22m[39m
     [90m 2239 |[39m     })
     [90m 2240 |[39m   })
     [90m 2241 |[39m   describe([32m'点检润滑 (6)'[39m[33m,[39m () [33m=>[39m {[0m

      at Object.<anonymous> (test/complete-api-test.spec.ts:2238:31)

  ● 【EAM】设备管理系统模块 (56 APIs) › 点检润滑 (6) › EAM-022: POST /api/v1/eam/inspection-records - 点检记录

    expect(received).toContain(expected) // indexOf

    Expected value: 400
    Received array: [200, 201, 204]

    [0m [90m 2242 |[39m     it([32m'EAM-022: POST /api/v1/eam/inspection-records - 点检记录'[39m[33m,[39m [36masync[39m () [33m=>[39m {
     [90m 2243 |[39m       [36mconst[39m resp [33m=[39m [36mawait[39m post([33mAPI[39m [33m+[39m [32m'/eam/inspection-records'[39m[33m,[39m { equipmentId[33m:[39m testData[33m.[39mequipment[33m?[39m[33m.[39mid [33m||[39m [32m'1'[39m })
    [31m[1m>[22m[39m[90m 2244 |[39m       expect([[35m200[39m[33m,[39m [35m201[39m[33m,[39m [35m204[39m])[33m.[39mtoContain(resp[33m.[39mstatus)
     [90m      |[39m                               [31m[1m^[22m[39m
     [90m 2245 |[39m     })
     [90m 2246 |[39m     it([32m'EAM-023: GET /api/v1/eam/inspection-records - 点检记录列表'[39m[33m,[39m [36masync[39m () [33m=>[39m {
     [90m 2247 |[39m       [36mconst[39m resp [33m=[39m [36mawait[39m [36mget[39m([33mAPI[39m [33m+[39m [32m'/eam/inspection-records'[39m)[0m

      at Object.<anonymous> (test/complete-api-test.spec.ts:2244:31)

  ● 【EAM】设备管理系统模块 (56 APIs) › 点检润滑 (6) › EAM-025: POST /api/v1/eam/lubrication-records - 创建润滑记录

    expect(received).toContain(expected) // indexOf

    Expected value: 400
    Received array: [200, 201, 204]

    [0m [90m 2254 |[39m     it([32m'EAM-025: POST /api/v1/eam/lubrication-records - 创建润滑记录'[39m[33m,[39m [36masync[39m () [33m=>[39m {
     [90m 2255 |[39m       [36mconst[39m resp [33m=[39m [36mawait[39m post([33mAPI[39m [33m+[39m [32m'/eam/lubrication-records'[39m[33m,[39m { equipmentId[33m:[39m testData[33m.[39mequipment[33m?[39m[33m.[39mid [33m||[39m [32m'1'[39m })
    [31m[1m>[22m[39m[90m 2256 |[39m       expect([[35m200[39m[33m,[39m [35m201[39m[33m,[39m [35m204[39m])[33m.[39mtoContain(resp[33m.[39mstatus)
     [90m      |[39m                               [31m[1m^[22m[39m
     [90m 2257 |[39m     })
     [90m 2258 |[39m     it([32m'EAM-026: PUT /api/v1/eam/lubrication-records/:id - 更新润滑记录'[39m[33m,[39m [36masync[39m () [33m=>[39m {
     [90m 2259 |[39m       [36mconst[39m resp [33m=[39m [36mawait[39m put([33mAPI[39m [33m+[39m [32m'/eam/lubrication-records/1'[39m[33m,[39m { oilLevel[33m:[39m [32m'OK'[39m })[0m

      at Object.<anonymous> (test/complete-api-test.spec.ts:2256:31)

  ● 【EAM】设备管理系统模块 (56 APIs) › 点检润滑 (6) › EAM-026: PUT /api/v1/eam/lubrication-records/:id - 更新润滑记录

    expect(received).toContain(expected) // indexOf

    Expected value: 404
    Received array: [200, 201, 204]

    [0m [90m 2258 |[39m     it([32m'EAM-026: PUT /api/v1/eam/lubrication-records/:id - 更新润滑记录'[39m[33m,[39m [36masync[39m () [33m=>[39m {
     [90m 2259 |[39m       [36mconst[39m resp [33m=[39m [36mawait[39m put([33mAPI[39m [33m+[39m [32m'/eam/lubrication-records/1'[39m[33m,[39m { oilLevel[33m:[39m [32m'OK'[39m })
    [31m[1m>[22m[39m[90m 2260 |[39m       expect([[35m200[39m[33m,[39m [35m201[39m[33m,[39m [35m204[39m])[33m.[39mtoContain(resp[33m.[39mstatus)
     [90m      |[39m                               [31m[1m^[22m[39m
     [90m 2261 |[39m     })
     [90m 2262 |[39m     it([32m'EAM-027: GET /api/v1/eam/lubrication-records/due - 待润滑设备'[39m[33m,[39m [36masync[39m () [33m=>[39m {
     [90m 2263 |[39m       [36mconst[39m resp [33m=[39m [36mawait[39m [36mget[39m([33mAPI[39m [33m+[39m [32m'/eam/lubrication-records/due'[39m)[0m

      at Object.<anonymous> (test/complete-api-test.spec.ts:2260:31)

  ● 【EAM】设备管理系统模块 (56 APIs) › 故障管理 (8) › EAM-029: POST /api/v1/eam/fault-records - 故障报修

    expect(received).toContain(expected) // indexOf

    Expected value: 400
    Received array: [200, 201, 204]

    [0m [90m 2272 |[39m     it([32m'EAM-029: POST /api/v1/eam/fault-records - 故障报修'[39m[33m,[39m [36masync[39m () [33m=>[39m {
     [90m 2273 |[39m       [36mconst[39m resp [33m=[39m [36mawait[39m post([33mAPI[39m [33m+[39m [32m'/eam/fault-records'[39m[33m,[39m { equipmentId[33m:[39m [32m'1'[39m[33m,[39m description[33m:[39m [32m'Test fault'[39m })
    [31m[1m>[22m[39m[90m 2274 |[39m       expect([[35m200[39m[33m,[39m [35m201[39m[33m,[39m [35m204[39m])[33m.[39mtoContain(resp[33m.[39mstatus)
     [90m      |[39m                               [31m[1m^[22m[39m
     [90m 2275 |[39m     })
     [90m 2276 |[39m     it([32m'EAM-030: GET /api/v1/eam/fault-records/:id - 故障详情'[39m[33m,[39m [36masync[39m () [33m=>[39m {
     [90m 2277 |[39m       [36mconst[39m resp [33m=[39m [36mawait[39m [36mget[39m([33mAPI[39m [33m+[39m [32m'/eam/fault-records/1'[39m)[0m

      at Object.<anonymous> (test/complete-api-test.spec.ts:2274:31)

  ● 【EAM】设备管理系统模块 (56 APIs) › 故障管理 (8) › EAM-030: GET /api/v1/eam/fault-records/:id - 故障详情

    expect(received).toContain(expected) // indexOf

    Expected value: 404
    Received array: [200, 201, 204]

    [0m [90m 2276 |[39m     it([32m'EAM-030: GET /api/v1/eam/fault-records/:id - 故障详情'[39m[33m,[39m [36masync[39m () [33m=>[39m {
     [90m 2277 |[39m       [36mconst[39m resp [33m=[39m [36mawait[39m [36mget[39m([33mAPI[39m [33m+[39m [32m'/eam/fault-records/1'[39m)
    [31m[1m>[22m[39m[90m 2278 |[39m       expect([[35m200[39m[33m,[39m [35m201[39m[33m,[39m [35m204[39m])[33m.[39mtoContain(resp[33m.[39mstatus)
     [90m      |[39m                               [31m[1m^[22m[39m
     [90m 2279 |[39m     })
     [90m 2280 |[39m     it([32m'EAM-031: PUT /api/v1/eam/fault-records/:id/respond - 故障响应'[39m[33m,[39m [36masync[39m () [33m=>[39m {
     [90m 2281 |[39m       [36mconst[39m resp [33m=[39m [36mawait[39m put([33mAPI[39m [33m+[39m [32m'/eam/fault-records/1/respond'[39m[33m,[39m { assigneeId[33m:[39m [32m'1'[39m })[0m

      at Object.<anonymous> (test/complete-api-test.spec.ts:2278:31)

  ● 【EAM】设备管理系统模块 (56 APIs) › 故障管理 (8) › EAM-031: PUT /api/v1/eam/fault-records/:id/respond - 故障响应

    expect(received).toContain(expected) // indexOf

    Expected value: 404
    Received array: [200, 201, 204]

    [0m [90m 2280 |[39m     it([32m'EAM-031: PUT /api/v1/eam/fault-records/:id/respond - 故障响应'[39m[33m,[39m [36masync[39m () [33m=>[39m {
     [90m 2281 |[39m       [36mconst[39m resp [33m=[39m [36mawait[39m put([33mAPI[39m [33m+[39m [32m'/eam/fault-records/1/respond'[39m[33m,[39m { assigneeId[33m:[39m [32m'1'[39m })
    [31m[1m>[22m[39m[90m 2282 |[39m       expect([[35m200[39m[33m,[39m [35m201[39m[33m,[39m [35m204[39m])[33m.[39mtoContain(resp[33m.[39mstatus)
     [90m      |[39m                               [31m[1m^[22m[39m
     [90m 2283 |[39m     })
     [90m 2284 |[39m     it([32m'EAM-032: PUT /api/v1/eam/fault-records/:id/diagnose - 故障诊断'[39m[33m,[39m [36masync[39m () [33m=>[39m {
     [90m 2285 |[39m       [36mconst[39m resp [33m=[39m [36mawait[39m put([33mAPI[39m [33m+[39m [32m'/eam/fault-records/1/diagnose'[39m[33m,[39m { diagnosis[33m:[39m [32m'Motor failure'[39m })[0m

      at Object.<anonymous> (test/complete-api-test.spec.ts:2282:31)

  ● 【EAM】设备管理系统模块 (56 APIs) › 故障管理 (8) › EAM-032: PUT /api/v1/eam/fault-records/:id/diagnose - 故障诊断

    expect(received).toContain(expected) // indexOf

    Expected value: 404
    Received array: [200, 201, 204]

    [0m [90m 2284 |[39m     it([32m'EAM-032: PUT /api/v1/eam/fault-records/:id/diagnose - 故障诊断'[39m[33m,[39m [36masync[39m () [33m=>[39m {
     [90m 2285 |[39m       [36mconst[39m resp [33m=[39m [36mawait[39m put([33mAPI[39m [33m+[39m [32m'/eam/fault-records/1/diagnose'[39m[33m,[39m { diagnosis[33m:[39m [32m'Motor failure'[39m })
    [31m[1m>[22m[39m[90m 2286 |[39m       expect([[35m200[39m[33m,[39m [35m201[39m[33m,[39m [35m204[39m])[33m.[39mtoContain(resp[33m.[39mstatus)
     [90m      |[39m                               [31m[1m^[22m[39m
     [90m 2287 |[39m     })
     [90m 2288 |[39m     it([32m'EAM-033: PUT /api/v1/eam/fault-records/:id/start-repair - 开始维修'[39m[33m,[39m [36masync[39m () [33m=>[39m {
     [90m 2289 |[39m       [36mconst[39m resp [33m=[39m [36mawait[39m put([33mAPI[39m [33m+[39m [32m'/eam/fault-records/1/start-repair'[39m[33m,[39m {})[0m

      at Object.<anonymous> (test/complete-api-test.spec.ts:2286:31)

  ● 【EAM】设备管理系统模块 (56 APIs) › 故障管理 (8) › EAM-033: PUT /api/v1/eam/fault-records/:id/start-repair - 开始维修

    expect(received).toContain(expected) // indexOf

    Expected value: 404
    Received array: [200, 201, 204]

    [0m [90m 2288 |[39m     it([32m'EAM-033: PUT /api/v1/eam/fault-records/:id/start-repair - 开始维修'[39m[33m,[39m [36masync[39m () [33m=>[39m {
     [90m 2289 |[39m       [36mconst[39m resp [33m=[39m [36mawait[39m put([33mAPI[39m [33m+[39m [32m'/eam/fault-records/1/start-repair'[39m[33m,[39m {})
    [31m[1m>[22m[39m[90m 2290 |[39m       expect([[35m200[39m[33m,[39m [35m201[39m[33m,[39m [35m204[39m])[33m.[39mtoContain(resp[33m.[39mstatus)
     [90m      |[39m                               [31m[1m^[22m[39m
     [90m 2291 |[39m     })
     [90m 2292 |[39m     it([32m'EAM-034: PUT /api/v1/eam/fault-records/:id/complete-repair - 维修完成'[39m[33m,[39m [36masync[39m () [33m=>[39m {
     [90m 2293 |[39m       [36mconst[39m resp [33m=[39m [36mawait[39m put([33mAPI[39m [33m+[39m [32m'/eam/fault-records/1/complete-repair'[39m[33m,[39m {})[0m

      at Object.<anonymous> (test/complete-api-test.spec.ts:2290:31)

  ● 【EAM】设备管理系统模块 (56 APIs) › 故障管理 (8) › EAM-034: PUT /api/v1/eam/fault-records/:id/complete-repair - 维修完成

    expect(received).toContain(expected) // indexOf

    Expected value: 404
    Received array: [200, 201, 204]

    [0m [90m 2292 |[39m     it([32m'EAM-034: PUT /api/v1/eam/fault-records/:id/complete-repair - 维修完成'[39m[33m,[39m [36masync[39m () [33m=>[39m {
     [90m 2293 |[39m       [36mconst[39m resp [33m=[39m [36mawait[39m put([33mAPI[39m [33m+[39m [32m'/eam/fault-records/1/complete-repair'[39m[33m,[39m {})
    [31m[1m>[22m[39m[90m 2294 |[39m       expect([[35m200[39m[33m,[39m [35m201[39m[33m,[39m [35m204[39m])[33m.[39mtoContain(resp[33m.[39mstatus)
     [90m      |[39m                               [31m[1m^[22m[39m
     [90m 2295 |[39m     })
     [90m 2296 |[39m     it([32m'EAM-035: PUT /api/v1/eam/fault-records/:id/verify-close - 验收关闭'[39m[33m,[39m [36masync[39m () [33m=>[39m {
     [90m 2297 |[39m       [36mconst[39m resp [33m=[39m [36mawait[39m put([33mAPI[39m [33m+[39m [32m'/eam/fault-records/1/verify-close'[39m[33m,[39m { verified[33m:[39m [36mtrue[39m })[0m

      at Object.<anonymous> (test/complete-api-test.spec.ts:2294:31)

  ● 【EAM】设备管理系统模块 (56 APIs) › 故障管理 (8) › EAM-035: PUT /api/v1/eam/fault-records/:id/verify-close - 验收关闭

    expect(received).toContain(expected) // indexOf

    Expected value: 404
    Received array: [200, 201, 204]

    [0m [90m 2296 |[39m     it([32m'EAM-035: PUT /api/v1/eam/fault-records/:id/verify-close - 验收关闭'[39m[33m,[39m [36masync[39m () [33m=>[39m {
     [90m 2297 |[39m       [36mconst[39m resp [33m=[39m [36mawait[39m put([33mAPI[39m [33m+[39m [32m'/eam/fault-records/1/verify-close'[39m[33m,[39m { verified[33m:[39m [36mtrue[39m })
    [31m[1m>[22m[39m[90m 2298 |[39m       expect([[35m200[39m[33m,[39m [35m201[39m[33m,[39m [35m204[39m])[33m.[39mtoContain(resp[33m.[39mstatus)
     [90m      |[39m                               [31m[1m^[22m[39m
     [90m 2299 |[39m     })
     [90m 2300 |[39m   })
     [90m 2301 |[39m   describe([32m'故障知识库 (3)'[39m[33m,[39m () [33m=>[39m {[0m

      at Object.<anonymous> (test/complete-api-test.spec.ts:2298:31)

  ● 【EAM】设备管理系统模块 (56 APIs) › 故障知识库 (3) › EAM-037: POST /api/v1/eam/fault-knowledge - 创建知识

    expect(received).toContain(expected) // indexOf

    Expected value: 400
    Received array: [200, 201, 204]

    [0m [90m 2306 |[39m     it([32m'EAM-037: POST /api/v1/eam/fault-knowledge - 创建知识'[39m[33m,[39m [36masync[39m () [33m=>[39m {
     [90m 2307 |[39m       [36mconst[39m resp [33m=[39m [36mawait[39m post([33mAPI[39m [33m+[39m [32m'/eam/fault-knowledge'[39m[33m,[39m { title[33m:[39m [32m`Fault_${testData.ts}`[39m[33m,[39m symptoms[33m:[39m [32m'Test'[39m })
    [31m[1m>[22m[39m[90m 2308 |[39m       expect([[35m200[39m[33m,[39m [35m201[39m[33m,[39m [35m204[39m])[33m.[39mtoContain(resp[33m.[39mstatus)
     [90m      |[39m                               [31m[1m^[22m[39m
     [90m 2309 |[39m     })
     [90m 2310 |[39m     it([32m'EAM-038: GET /api/v1/eam/fault-knowledge/search - 搜索知识'[39m[33m,[39m [36masync[39m () [33m=>[39m {
     [90m 2311 |[39m       [36mconst[39m resp [33m=[39m [36mawait[39m [36mget[39m([33mAPI[39m [33m+[39m [32m'/eam/fault-knowledge/search?keyword=test'[39m)[0m

      at Object.<anonymous> (test/complete-api-test.spec.ts:2308:31)

  ● 【EAM】设备管理系统模块 (56 APIs) › 备件管理 (8) › EAM-043: POST /api/v1/eam/spare-parts/:id/issue - 领用出库

    expect(received).toContain(expected) // indexOf

    Expected value: 400
    Received array: [200, 201, 204]

    [0m [90m 2332 |[39m     it([32m'EAM-043: POST /api/v1/eam/spare-parts/:id/issue - 领用出库'[39m[33m,[39m [36masync[39m () [33m=>[39m {
     [90m 2333 |[39m       [36mconst[39m resp [33m=[39m [36mawait[39m post([33mAPI[39m [33m+[39m [32m'/eam/spare-parts/1/issue'[39m[33m,[39m { quantity[33m:[39m [35m1[39m[33m,[39m equipmentId[33m:[39m [32m'1'[39m })
    [31m[1m>[22m[39m[90m 2334 |[39m       expect([[35m200[39m[33m,[39m [35m201[39m[33m,[39m [35m204[39m])[33m.[39mtoContain(resp[33m.[39mstatus)
     [90m      |[39m                               [31m[1m^[22m[39m
     [90m 2335 |[39m     })
     [90m 2336 |[39m     it([32m'EAM-044: POST /api/v1/eam/spare-parts/:id/receive - 备件入库'[39m[33m,[39m [36masync[39m () [33m=>[39m {
     [90m 2337 |[39m       [36mconst[39m resp [33m=[39m [36mawait[39m post([33mAPI[39m [33m+[39m [32m'/eam/spare-parts/1/receive'[39m[33m,[39m { quantity[33m:[39m [35m10[39m })[0m

      at Object.<anonymous> (test/complete-api-test.spec.ts:2334:31)

  ● 【EAM】设备管理系统模块 (56 APIs) › 备件管理 (8) › EAM-044: POST /api/v1/eam/spare-parts/:id/receive - 备件入库

    expect(received).toContain(expected) // indexOf

    Expected value: 400
    Received array: [200, 201, 204]

    [0m [90m 2336 |[39m     it([32m'EAM-044: POST /api/v1/eam/spare-parts/:id/receive - 备件入库'[39m[33m,[39m [36masync[39m () [33m=>[39m {
     [90m 2337 |[39m       [36mconst[39m resp [33m=[39m [36mawait[39m post([33mAPI[39m [33m+[39m [32m'/eam/spare-parts/1/receive'[39m[33m,[39m { quantity[33m:[39m [35m10[39m })
    [31m[1m>[22m[39m[90m 2338 |[39m       expect([[35m200[39m[33m,[39m [35m201[39m[33m,[39m [35m204[39m])[33m.[39mtoContain(resp[33m.[39mstatus)
     [90m      |[39m                               [31m[1m^[22m[39m
     [90m 2339 |[39m     })
     [90m 2340 |[39m     it([32m'EAM-045: GET /api/v1/eam/spare-parts/inventory - 备件库存'[39m[33m,[39m [36masync[39m () [33m=>[39m {
     [90m 2341 |[39m       [36mconst[39m resp [33m=[39m [36mawait[39m [36mget[39m([33mAPI[39m [33m+[39m [32m'/eam/spare-parts/inventory'[39m)[0m

      at Object.<anonymous> (test/complete-api-test.spec.ts:2338:31)

  ● 【EAM】设备管理系统模块 (56 APIs) › OEE与备件领用 (3) › EAM-047: POST /api/v1/eam/oee - 录入OEE

    expect(received).toContain(expected) // indexOf

    Expected value: 500
    Received array: [200, 201, 204]

    [0m [90m 2350 |[39m     it([32m'EAM-047: POST /api/v1/eam/oee - 录入OEE'[39m[33m,[39m [36masync[39m () [33m=>[39m {
     [90m 2351 |[39m       [36mconst[39m resp [33m=[39m [36mawait[39m post([33mAPI[39m [33m+[39m [32m'/eam/oee'[39m[33m,[39m { equipmentId[33m:[39m [32m'1'[39m[33m,[39m date[33m:[39m [32m'2026-05-01'[39m[33m,[39m availability[33m:[39m [35m0.9[39m[33m,[39m performance[33m:[39m [35m0.95[39m[33m,[39m quality[33m:[39m [35m0.99[39m })
    [31m[1m>[22m[39m[90m 2352 |[39m       expect([[35m200[39m[33m,[39m [35m201[39m[33m,[39m [35m204[39m])[33m.[39mtoContain(resp[33m.[39mstatus)
     [90m      |[39m                               [31m[1m^[22m[39m
     [90m 2353 |[39m     })
     [90m 2354 |[39m     it([32m'EAM-048: GET /api/v1/eam/oee - OEE记录'[39m[33m,[39m [36masync[39m () [33m=>[39m {
     [90m 2355 |[39m       [36mconst[39m resp [33m=[39m [36mawait[39m [36mget[39m([33mAPI[39m [33m+[39m [32m'/eam/oee?equipmentId=1'[39m)[0m

      at Object.<anonymous> (test/complete-api-test.spec.ts:2352:31)

  ● 【EAM】设备管理系统模块 (56 APIs) › OEE与备件领用 (3) › EAM-049: POST /api/v1/eam/spare-part-issues - 领用申请

    expect(received).toContain(expected) // indexOf

    Expected value: 400
    Received array: [200, 201, 204]

    [0m [90m 2358 |[39m     it([32m'EAM-049: POST /api/v1/eam/spare-part-issues - 领用申请'[39m[33m,[39m [36masync[39m () [33m=>[39m {
     [90m 2359 |[39m       [36mconst[39m resp [33m=[39m [36mawait[39m post([33mAPI[39m [33m+[39m [32m'/eam/spare-part-issues'[39m[33m,[39m { sparePartId[33m:[39m [32m'1'[39m[33m,[39m quantity[33m:[39m [35m1[39m })
    [31m[1m>[22m[39m[90m 2360 |[39m       expect([[35m200[39m[33m,[39m [35m201[39m[33m,[39m [35m204[39m])[33m.[39mtoContain(resp[33m.[39mstatus)
     [90m      |[39m                               [31m[1m^[22m[39m
     [90m 2361 |[39m     })
     [90m 2362 |[39m   })
     [90m 2363 |[39m   describe([32m'设备详情与统计 (6)'[39m[33m,[39m () [33m=>[39m {[0m

      at Object.<anonymous> (test/complete-api-test.spec.ts:2360:31)

  ● 【EAM】设备管理系统模块 (56 APIs) › 设备详情与统计 (6) › EAM-053: POST /api/v1/eam/equipment/:id/finance - 保存财务

    expect(received).toContain(expected) // indexOf

    Expected value: 400
    Received array: [200, 201, 204]

    [0m [90m 2376 |[39m     it([32m'EAM-053: POST /api/v1/eam/equipment/:id/finance - 保存财务'[39m[33m,[39m [36masync[39m () [33m=>[39m {
     [90m 2377 |[39m       [36mconst[39m resp [33m=[39m [36mawait[39m post([33mAPI[39m [33m+[39m [32m'/eam/equipment/1/finance'[39m[33m,[39m { purchaseDate[33m:[39m [32m'2026-01-01'[39m[33m,[39m purchasePrice[33m:[39m [35m100000[39m })
    [31m[1m>[22m[39m[90m 2378 |[39m       expect([[35m200[39m[33m,[39m [35m201[39m[33m,[39m [35m204[39m])[33m.[39mtoContain(resp[33m.[39mstatus)
     [90m      |[39m                               [31m[1m^[22m[39m
     [90m 2379 |[39m     })
     [90m 2380 |[39m     it([32m'EAM-054: GET /api/v1/eam/equipment/:id/mtbf-mttr - MTBF/MTTR'[39m[33m,[39m [36masync[39m () [33m=>[39m {
     [90m 2381 |[39m       [36mconst[39m resp [33m=[39m [36mawait[39m [36mget[39m([33mAPI[39m [33m+[39m [32m'/eam/equipment/1/mtbf-mttr'[39m)[0m

      at Object.<anonymous> (test/complete-api-test.spec.ts:2378:31)

  ● 【EAM】设备管理系统模块 (56 APIs) › EAM分析 (4) › EAM-059: PUT /api/v1/eam/spare-part-issues/:id/approve - 审批领用

    expect(received).toContain(expected) // indexOf

    Expected value: 404
    Received array: [200, 201, 204]

    [0m [90m 2402 |[39m     it([32m'EAM-059: PUT /api/v1/eam/spare-part-issues/:id/approve - 审批领用'[39m[33m,[39m [36masync[39m () [33m=>[39m {
     [90m 2403 |[39m       [36mconst[39m resp [33m=[39m [36mawait[39m put([33mAPI[39m [33m+[39m [32m'/eam/spare-part-issues/1/approve'[39m[33m,[39m { approved[33m:[39m [36mtrue[39m })
    [31m[1m>[22m[39m[90m 2404 |[39m       expect([[35m200[39m[33m,[39m [35m201[39m[33m,[39m [35m204[39m])[33m.[39mtoContain(resp[33m.[39mstatus)
     [90m      |[39m                               [31m[1m^[22m[39m
     [90m 2405 |[39m     })
     [90m 2406 |[39m   })
     [90m 2407 |[39m })[0m

      at Object.<anonymous> (test/complete-api-test.spec.ts:2404:31)

  ● 【HR】人力资源模块 (25 APIs) › 员工管理 (6) › HR-002: POST /hr/employees - 创建员工

    expect(received).toContain(expected) // indexOf

    Expected value: 400
    Received array: [200, 201, 204]

    [0m [90m 2418 |[39m     it([32m'HR-002: POST /hr/employees - 创建员工'[39m[33m,[39m [36masync[39m () [33m=>[39m {
     [90m 2419 |[39m       [36mconst[39m resp [33m=[39m [36mawait[39m post([33mHR[39m [33m+[39m [32m'/employees'[39m[33m,[39m { employeeNo[33m:[39m [32m`EMP_${testData.ts}`[39m[33m,[39m name[33m:[39m [32m'Test Employee'[39m })
    [31m[1m>[22m[39m[90m 2420 |[39m       expect([[35m200[39m[33m,[39m [35m201[39m[33m,[39m [35m204[39m])[33m.[39mtoContain(resp[33m.[39mstatus)
     [90m      |[39m                               [31m[1m^[22m[39m
     [90m 2421 |[39m     })
     [90m 2422 |[39m     it([32m'HR-003: GET /hr/employees/:id - 员工详情'[39m[33m,[39m [36masync[39m () [33m=>[39m {
     [90m 2423 |[39m       [36mconst[39m resp [33m=[39m [36mawait[39m [36mget[39m([33mHR[39m [33m+[39m [32m'/employees/1'[39m)[0m

      at Object.<anonymous> (test/complete-api-test.spec.ts:2420:31)

  ● 【BASE】基础模块 (13 APIs) › 组织架构 (4) › BASE-002: POST /api/v1/base/organizations - 创建组织

    expect(received).toContain(expected) // indexOf

    Expected value: 400
    Received array: [200, 201, 204]

    [0m [90m 2482 |[39m     it([32m'BASE-002: POST /api/v1/base/organizations - 创建组织'[39m[33m,[39m [36masync[39m () [33m=>[39m {
     [90m 2483 |[39m       [36mconst[39m resp [33m=[39m [36mawait[39m post([33mAPI[39m [33m+[39m [32m'/base/organizations'[39m[33m,[39m { code[33m:[39m [32m`ORG_${testData.ts}`[39m[33m,[39m name[33m:[39m [32m'Test Org'[39m })
    [31m[1m>[22m[39m[90m 2484 |[39m       expect([[35m200[39m[33m,[39m [35m201[39m[33m,[39m [35m204[39m])[33m.[39mtoContain(resp[33m.[39mstatus)
     [90m      |[39m                               [31m[1m^[22m[39m
     [90m 2485 |[39m     })
     [90m 2486 |[39m     it([32m'BASE-003: PUT /api/v1/base/organizations/:id - 更新组织'[39m[33m,[39m [36masync[39m () [33m=>[39m {
     [90m 2487 |[39m       [36mconst[39m resp [33m=[39m [36mawait[39m put([33mAPI[39m [33m+[39m [32m'/base/organizations/1'[39m[33m,[39m { name[33m:[39m [32m'Updated'[39m })[0m

      at Object.<anonymous> (test/complete-api-test.spec.ts:2484:31)

  ● 【OUTSOURCING】委外管理模块 (18 APIs) › 委外订单 (8) › OUT-004: PATCH /outsourcing/orders/:id/confirm - 确认订单

    expect(received).toContain(expected) // indexOf

    Expected value: 400
    Received array: [200, 201, 204]

    [0m [90m 2559 |[39m     it([32m'OUT-004: PATCH /outsourcing/orders/:id/confirm - 确认订单'[39m[33m,[39m [36masync[39m () [33m=>[39m {
     [90m 2560 |[39m       [36mconst[39m resp [33m=[39m [36mawait[39m patch([33mBASE_URL[39m [33m+[39m [32m'/outsourcing/orders/1/confirm'[39m[33m,[39m {})
    [31m[1m>[22m[39m[90m 2561 |[39m       expect([[35m200[39m[33m,[39m [35m201[39m[33m,[39m [35m204[39m])[33m.[39mtoContain(resp[33m.[39mstatus)
     [90m      |[39m                               [31m[1m^[22m[39m
     [90m 2562 |[39m     })
     [90m 2563 |[39m     it([32m'OUT-005: PATCH /outsourcing/orders/:id/cancel - 取消订单'[39m[33m,[39m [36masync[39m () [33m=>[39m {
     [90m 2564 |[39m       [36mconst[39m resp [33m=[39m [36mawait[39m patch([33mBASE_URL[39m [33m+[39m [32m'/outsourcing/orders/1/cancel'[39m[33m,[39m {})[0m

      at Object.<anonymous> (test/complete-api-test.spec.ts:2561:31)

  ● 【OUTSOURCING】委外管理模块 (18 APIs) › 委外订单 (8) › OUT-005: PATCH /outsourcing/orders/:id/cancel - 取消订单

    expect(received).toContain(expected) // indexOf

    Expected value: 400
    Received array: [200, 201, 204]

    [0m [90m 2563 |[39m     it([32m'OUT-005: PATCH /outsourcing/orders/:id/cancel - 取消订单'[39m[33m,[39m [36masync[39m () [33m=>[39m {
     [90m 2564 |[39m       [36mconst[39m resp [33m=[39m [36mawait[39m patch([33mBASE_URL[39m [33m+[39m [32m'/outsourcing/orders/1/cancel'[39m[33m,[39m {})
    [31m[1m>[22m[39m[90m 2565 |[39m       expect([[35m200[39m[33m,[39m [35m201[39m[33m,[39m [35m204[39m])[33m.[39mtoContain(resp[33m.[39mstatus)
     [90m      |[39m                               [31m[1m^[22m[39m
     [90m 2566 |[39m     })
     [90m 2567 |[39m     it([32m'OUT-006: GET /outsourcing/orders/:id/progress - 订单进度'[39m[33m,[39m [36masync[39m () [33m=>[39m {
     [90m 2568 |[39m       [36mconst[39m resp [33m=[39m [36mawait[39m [36mget[39m([33mBASE_URL[39m [33m+[39m [32m'/outsourcing/orders/1/progress'[39m)[0m

      at Object.<anonymous> (test/complete-api-test.spec.ts:2565:31)

  ● 【TRACEABILITY】追溯管理模块 (18 APIs) › 追溯批次 (5) › TRC-003: GET /traceability/batches/scan/:traceCode - 扫码查询

    expect(received).toContain(expected) // indexOf

    Expected value: 404
    Received array: [200, 201, 204]

    [0m [90m 2595 |[39m     it([32m'TRC-003: GET /traceability/batches/scan/:traceCode - 扫码查询'[39m[33m,[39m [36masync[39m () [33m=>[39m {
     [90m 2596 |[39m       [36mconst[39m resp [33m=[39m [36mawait[39m [36mget[39m([33mBASE_URL[39m [33m+[39m [32m'/traceability/batches/scan/TC001'[39m)
    [31m[1m>[22m[39m[90m 2597 |[39m       expect([[35m200[39m[33m,[39m [35m201[39m[33m,[39m [35m204[39m])[33m.[39mtoContain(resp[33m.[39mstatus)
     [90m      |[39m                               [31m[1m^[22m[39m
     [90m 2598 |[39m     })
     [90m 2599 |[39m     it([32m'TRC-004: POST /traceability/batches/manual - 手动创建批次'[39m[33m,[39m [36masync[39m () [33m=>[39m {
     [90m 2600 |[39m       [36mconst[39m resp [33m=[39m [36mawait[39m post([33mBASE_URL[39m [33m+[39m [32m'/traceability/batches/manual'[39m[33m,[39m {[0m

      at Object.<anonymous> (test/complete-api-test.spec.ts:2597:31)

  ● 【TRACEABILITY】追溯管理模块 (18 APIs) › 召回 (4) › TRC-009: POST /traceability/recall/assess - 发起召回评估

    expect(received).toContain(expected) // indexOf

    Expected value: 400
    Received array: [200, 201, 204]

    [0m [90m 2625 |[39m     it([32m'TRC-009: POST /traceability/recall/assess - 发起召回评估'[39m[33m,[39m [36masync[39m () [33m=>[39m {
     [90m 2626 |[39m       [36mconst[39m resp [33m=[39m [36mawait[39m post([33mBASE_URL[39m [33m+[39m [32m'/traceability/recall/assess'[39m[33m,[39m { batchId[33m:[39m [32m'1'[39m })
    [31m[1m>[22m[39m[90m 2627 |[39m       expect([[35m200[39m[33m,[39m [35m201[39m[33m,[39m [35m204[39m])[33m.[39mtoContain(resp[33m.[39mstatus)
     [90m      |[39m                               [31m[1m^[22m[39m
     [90m 2628 |[39m     })
     [90m 2629 |[39m   })
     [90m 2630 |[39m   describe([32m'报表分析 (3)'[39m[33m,[39m () [33m=>[39m {[0m

      at Object.<anonymous> (test/complete-api-test.spec.ts:2627:31)

  ● 【CONVERSION】转换引擎模块 (10 APIs) › 转换定义 (4) › CVT-002: GET /api/v1/conversion/definitions/:id - 定义详情

    expect(received).toContain(expected) // indexOf

    Expected value: 404
    Received array: [200, 201, 204]

    [0m [90m 2655 |[39m     it([32m'CVT-002: GET /api/v1/conversion/definitions/:id - 定义详情'[39m[33m,[39m [36masync[39m () [33m=>[39m {
     [90m 2656 |[39m       [36mconst[39m resp [33m=[39m [36mawait[39m [36mget[39m([33mAPI[39m [33m+[39m [32m'/conversion/definitions/1'[39m)
    [31m[1m>[22m[39m[90m 2657 |[39m       expect([[35m200[39m[33m,[39m [35m201[39m[33m,[39m [35m204[39m])[33m.[39mtoContain(resp[33m.[39mstatus)
     [90m      |[39m                               [31m[1m^[22m[39m
     [90m 2658 |[39m     })
     [90m 2659 |[39m     it([32m'CVT-003: POST /api/v1/conversion/definitions - 创建定义'[39m[33m,[39m [36masync[39m () [33m=>[39m {
     [90m 2660 |[39m       [36mconst[39m resp [33m=[39m [36mawait[39m post([33mAPI[39m [33m+[39m [32m'/conversion/definitions'[39m[33m,[39m { name[33m:[39m [32m`Def_${testData.ts}`[39m })[0m

      at Object.<anonymous> (test/complete-api-test.spec.ts:2657:31)

  ● 【CONVERSION】转换引擎模块 (10 APIs) › 转换定义 (4) › CVT-003: POST /api/v1/conversion/definitions - 创建定义

    expect(received).toContain(expected) // indexOf

    Expected value: 400
    Received array: [200, 201, 204]

    [0m [90m 2659 |[39m     it([32m'CVT-003: POST /api/v1/conversion/definitions - 创建定义'[39m[33m,[39m [36masync[39m () [33m=>[39m {
     [90m 2660 |[39m       [36mconst[39m resp [33m=[39m [36mawait[39m post([33mAPI[39m [33m+[39m [32m'/conversion/definitions'[39m[33m,[39m { name[33m:[39m [32m`Def_${testData.ts}`[39m })
    [31m[1m>[22m[39m[90m 2661 |[39m       expect([[35m200[39m[33m,[39m [35m201[39m[33m,[39m [35m204[39m])[33m.[39mtoContain(resp[33m.[39mstatus)
     [90m      |[39m                               [31m[1m^[22m[39m
     [90m 2662 |[39m     })
     [90m 2663 |[39m     it([32m'CVT-004: PUT /api/v1/conversion/definitions/:id - 更新定义'[39m[33m,[39m [36masync[39m () [33m=>[39m {
     [90m 2664 |[39m       [36mconst[39m resp [33m=[39m [36mawait[39m put([33mAPI[39m [33m+[39m [32m'/conversion/definitions/1'[39m[33m,[39m { name[33m:[39m [32m'Updated'[39m })[0m

      at Object.<anonymous> (test/complete-api-test.spec.ts:2661:31)

  ● 【CONVERSION】转换引擎模块 (10 APIs) › 转换定义 (4) › CVT-004: PUT /api/v1/conversion/definitions/:id - 更新定义

    expect(received).toContain(expected) // indexOf

    Expected value: 404
    Received array: [200, 201, 204]

    [0m [90m 2663 |[39m     it([32m'CVT-004: PUT /api/v1/conversion/definitions/:id - 更新定义'[39m[33m,[39m [36masync[39m () [33m=>[39m {
     [90m 2664 |[39m       [36mconst[39m resp [33m=[39m [36mawait[39m put([33mAPI[39m [33m+[39m [32m'/conversion/definitions/1'[39m[33m,[39m { name[33m:[39m [32m'Updated'[39m })
    [31m[1m>[22m[39m[90m 2665 |[39m       expect([[35m200[39m[33m,[39m [35m201[39m[33m,[39m [35m204[39m])[33m.[39mtoContain(resp[33m.[39mstatus)
     [90m      |[39m                               [31m[1m^[22m[39m
     [90m 2666 |[39m     })
     [90m 2667 |[39m   })
     [90m 2668 |[39m   describe([32m'转换实例 (4)'[39m[33m,[39m () [33m=>[39m {[0m

      at Object.<anonymous> (test/complete-api-test.spec.ts:2665:31)

  ● 【CONVERSION】转换引擎模块 (10 APIs) › 转换实例 (4) › CVT-006: GET /api/v1/conversion/instances/:id - 实例详情

    expect(received).toContain(expected) // indexOf

    Expected value: 404
    Received array: [200, 201, 204]

    [0m [90m 2673 |[39m     it([32m'CVT-006: GET /api/v1/conversion/instances/:id - 实例详情'[39m[33m,[39m [36masync[39m () [33m=>[39m {
     [90m 2674 |[39m       [36mconst[39m resp [33m=[39m [36mawait[39m [36mget[39m([33mAPI[39m [33m+[39m [32m'/conversion/instances/1'[39m)
    [31m[1m>[22m[39m[90m 2675 |[39m       expect([[35m200[39m[33m,[39m [35m201[39m[33m,[39m [35m204[39m])[33m.[39mtoContain(resp[33m.[39mstatus)
     [90m      |[39m                               [31m[1m^[22m[39m
     [90m 2676 |[39m     })
     [90m 2677 |[39m     it([32m'CVT-007: POST /api/v1/conversion/instances - 创建实例'[39m[33m,[39m [36masync[39m () [33m=>[39m {
     [90m 2678 |[39m       [36mconst[39m resp [33m=[39m [36mawait[39m post([33mAPI[39m [33m+[39m [32m'/conversion/instances'[39m[33m,[39m { definitionId[33m:[39m [32m'1'[39m })[0m

      at Object.<anonymous> (test/complete-api-test.spec.ts:2675:31)

  ● 【CONVERSION】转换引擎模块 (10 APIs) › 转换实例 (4) › CVT-007: POST /api/v1/conversion/instances - 创建实例

    expect(received).toContain(expected) // indexOf

    Expected value: 400
    Received array: [200, 201, 204]

    [0m [90m 2677 |[39m     it([32m'CVT-007: POST /api/v1/conversion/instances - 创建实例'[39m[33m,[39m [36masync[39m () [33m=>[39m {
     [90m 2678 |[39m       [36mconst[39m resp [33m=[39m [36mawait[39m post([33mAPI[39m [33m+[39m [32m'/conversion/instances'[39m[33m,[39m { definitionId[33m:[39m [32m'1'[39m })
    [31m[1m>[22m[39m[90m 2679 |[39m       expect([[35m200[39m[33m,[39m [35m201[39m[33m,[39m [35m204[39m])[33m.[39mtoContain(resp[33m.[39mstatus)
     [90m      |[39m                               [31m[1m^[22m[39m
     [90m 2680 |[39m     })
     [90m 2681 |[39m     it([32m'CVT-008: PATCH /api/v1/conversion/instances/:id/status - 实例状态'[39m[33m,[39m [36masync[39m () [33m=>[39m {
     [90m 2682 |[39m       [36mconst[39m resp [33m=[39m [36mawait[39m patch([33mAPI[39m [33m+[39m [32m'/conversion/instances/1/status'[39m[33m,[39m { status[33m:[39m [32m'COMPLETED'[39m })[0m

      at Object.<anonymous> (test/complete-api-test.spec.ts:2679:31)

  ● 【CONVERSION】转换引擎模块 (10 APIs) › 转换实例 (4) › CVT-008: PATCH /api/v1/conversion/instances/:id/status - 实例状态

    expect(received).toContain(expected) // indexOf

    Expected value: 404
    Received array: [200, 201, 204]

    [0m [90m 2681 |[39m     it([32m'CVT-008: PATCH /api/v1/conversion/instances/:id/status - 实例状态'[39m[33m,[39m [36masync[39m () [33m=>[39m {
     [90m 2682 |[39m       [36mconst[39m resp [33m=[39m [36mawait[39m patch([33mAPI[39m [33m+[39m [32m'/conversion/instances/1/status'[39m[33m,[39m { status[33m:[39m [32m'COMPLETED'[39m })
    [31m[1m>[22m[39m[90m 2683 |[39m       expect([[35m200[39m[33m,[39m [35m201[39m[33m,[39m [35m204[39m])[33m.[39mtoContain(resp[33m.[39mstatus)
     [90m      |[39m                               [31m[1m^[22m[39m
     [90m 2684 |[39m     })
     [90m 2685 |[39m   })
     [90m 2686 |[39m })[0m

      at Object.<anonymous> (test/complete-api-test.spec.ts:2683:31)

  ● 【FILE】文件存储模块 (4 APIs) › FILE-001: GET /api/v1/file/:id - 获取文件

    expect(received).toContain(expected) // indexOf

    Expected value: 404
    Received array: [200, 201, 204]

    [0m [90m 2714 |[39m   it([32m'FILE-001: GET /api/v1/file/:id - 获取文件'[39m[33m,[39m [36masync[39m () [33m=>[39m {
     [90m 2715 |[39m     [36mconst[39m resp [33m=[39m [36mawait[39m [36mget[39m([33mAPI[39m [33m+[39m [32m'/file/1'[39m)
    [31m[1m>[22m[39m[90m 2716 |[39m     expect([[35m200[39m[33m,[39m [35m201[39m[33m,[39m [35m204[39m])[33m.[39mtoContain(resp[33m.[39mstatus)
     [90m      |[39m                             [31m[1m^[22m[39m
     [90m 2717 |[39m   })
     [90m 2718 |[39m   it([32m'FILE-002: GET /api/v1/file/:id/download - 下载文件'[39m[33m,[39m [36masync[39m () [33m=>[39m {
     [90m 2719 |[39m     [36mconst[39m resp [33m=[39m [36mawait[39m [36mget[39m([33mAPI[39m [33m+[39m [32m'/file/1/download'[39m)[0m

      at Object.<anonymous> (test/complete-api-test.spec.ts:2716:29)

  ● 【FILE】文件存储模块 (4 APIs) › FILE-002: GET /api/v1/file/:id/download - 下载文件

    expect(received).toContain(expected) // indexOf

    Expected value: 404
    Received array: [200, 201, 204]

    [0m [90m 2718 |[39m   it([32m'FILE-002: GET /api/v1/file/:id/download - 下载文件'[39m[33m,[39m [36masync[39m () [33m=>[39m {
     [90m 2719 |[39m     [36mconst[39m resp [33m=[39m [36mawait[39m [36mget[39m([33mAPI[39m [33m+[39m [32m'/file/1/download'[39m)
    [31m[1m>[22m[39m[90m 2720 |[39m     expect([[35m200[39m[33m,[39m [35m201[39m[33m,[39m [35m204[39m])[33m.[39mtoContain(resp[33m.[39mstatus)
     [90m      |[39m                             [31m[1m^[22m[39m
     [90m 2721 |[39m   })
     [90m 2722 |[39m   it([32m'FILE-003: DELETE /api/v1/file/:id - 删除文件'[39m[33m,[39m [36masync[39m () [33m=>[39m {
     [90m 2723 |[39m     [36mconst[39m resp [33m=[39m [36mawait[39m del([33mAPI[39m [33m+[39m [32m'/file/999'[39m)[0m

      at Object.<anonymous> (test/complete-api-test.spec.ts:2720:29)

  ● 【FILE】文件存储模块 (4 APIs) › FILE-003: DELETE /api/v1/file/:id - 删除文件

    expect(received).toContain(expected) // indexOf

    Expected value: 404
    Received array: [200, 201, 204]

    [0m [90m 2722 |[39m   it([32m'FILE-003: DELETE /api/v1/file/:id - 删除文件'[39m[33m,[39m [36masync[39m () [33m=>[39m {
     [90m 2723 |[39m     [36mconst[39m resp [33m=[39m [36mawait[39m del([33mAPI[39m [33m+[39m [32m'/file/999'[39m)
    [31m[1m>[22m[39m[90m 2724 |[39m       expect([[35m200[39m[33m,[39m [35m201[39m[33m,[39m [35m204[39m])[33m.[39mtoContain(resp[33m.[39mstatus)
     [90m      |[39m                               [31m[1m^[22m[39m
     [90m 2725 |[39m   })
     [90m 2726 |[39m })
     [90m 2727 |[39m [90m// ============================================[39m[0m

      at Object.<anonymous> (test/complete-api-test.spec.ts:2724:31)

  ● 【PLM ECR/ECN】工程变更模块 (12 APIs) › ECR变更申请 (7) › ECR-002: POST /api/v1/plm/ecrs - 创建ECR

    expect(received).toContain(expected) // indexOf

    Expected value: 400
    Received array: [200, 201, 204]

    [0m [90m 2737 |[39m     it([32m'ECR-002: POST /api/v1/plm/ecrs - 创建ECR'[39m[33m,[39m [36masync[39m () [33m=>[39m {
     [90m 2738 |[39m       [36mconst[39m resp [33m=[39m [36mawait[39m post([33mAPI[39m [33m+[39m [32m'/plm/ecrs'[39m[33m,[39m { ecrNo[33m:[39m [32m`ECR_${testData.ts}`[39m[33m,[39m title[33m:[39m [32m'Test ECR'[39m[33m,[39m changeType[33m:[39m [32m'BOM_CHANGE'[39m })
    [31m[1m>[22m[39m[90m 2739 |[39m       expect([[35m200[39m[33m,[39m [35m201[39m[33m,[39m [35m204[39m])[33m.[39mtoContain(resp[33m.[39mstatus)
     [90m      |[39m                               [31m[1m^[22m[39m
     [90m 2740 |[39m     })
     [90m 2741 |[39m     it([32m'ECR-003: GET /api/v1/plm/ecrs/:id - ECR详情'[39m[33m,[39m [36masync[39m () [33m=>[39m {
     [90m 2742 |[39m       [36mconst[39m resp [33m=[39m [36mawait[39m [36mget[39m([33mAPI[39m [33m+[39m [32m'/plm/ecrs/1'[39m)[0m

      at Object.<anonymous> (test/complete-api-test.spec.ts:2739:31)

  ● 【PLM ECR/ECN】工程变更模块 (12 APIs) › ECR变更申请 (7) › ECR-003: GET /api/v1/plm/ecrs/:id - ECR详情

    expect(received).toContain(expected) // indexOf

    Expected value: 404
    Received array: [200, 201, 204]

    [0m [90m 2741 |[39m     it([32m'ECR-003: GET /api/v1/plm/ecrs/:id - ECR详情'[39m[33m,[39m [36masync[39m () [33m=>[39m {
     [90m 2742 |[39m       [36mconst[39m resp [33m=[39m [36mawait[39m [36mget[39m([33mAPI[39m [33m+[39m [32m'/plm/ecrs/1'[39m)
    [31m[1m>[22m[39m[90m 2743 |[39m       expect([[35m200[39m[33m,[39m [35m201[39m[33m,[39m [35m204[39m])[33m.[39mtoContain(resp[33m.[39mstatus)
     [90m      |[39m                               [31m[1m^[22m[39m
     [90m 2744 |[39m     })
     [90m 2745 |[39m     it([32m'ECR-004: PATCH /api/v1/plm/ecrs/:id/submit - 提交ECR'[39m[33m,[39m [36masync[39m () [33m=>[39m {
     [90m 2746 |[39m       [36mconst[39m resp [33m=[39m [36mawait[39m patch([33mAPI[39m [33m+[39m [32m'/plm/ecrs/1/submit'[39m[33m,[39m {})[0m

      at Object.<anonymous> (test/complete-api-test.spec.ts:2743:31)

  ● 【PLM ECR/ECN】工程变更模块 (12 APIs) › ECR变更申请 (7) › ECR-004: PATCH /api/v1/plm/ecrs/:id/submit - 提交ECR

    expect(received).toContain(expected) // indexOf

    Expected value: 404
    Received array: [200, 201, 204]

    [0m [90m 2745 |[39m     it([32m'ECR-004: PATCH /api/v1/plm/ecrs/:id/submit - 提交ECR'[39m[33m,[39m [36masync[39m () [33m=>[39m {
     [90m 2746 |[39m       [36mconst[39m resp [33m=[39m [36mawait[39m patch([33mAPI[39m [33m+[39m [32m'/plm/ecrs/1/submit'[39m[33m,[39m {})
    [31m[1m>[22m[39m[90m 2747 |[39m       expect([[35m200[39m[33m,[39m [35m201[39m[33m,[39m [35m204[39m])[33m.[39mtoContain(resp[33m.[39mstatus)
     [90m      |[39m                               [31m[1m^[22m[39m
     [90m 2748 |[39m     })
     [90m 2749 |[39m     it([32m'ECR-005: PATCH /api/v1/plm/ecrs/:id/approve - 审批ECR'[39m[33m,[39m [36masync[39m () [33m=>[39m {
     [90m 2750 |[39m       [36mconst[39m resp [33m=[39m [36mawait[39m patch([33mAPI[39m [33m+[39m [32m'/plm/ecrs/1/approve'[39m[33m,[39m {})[0m

      at Object.<anonymous> (test/complete-api-test.spec.ts:2747:31)

  ● 【PLM ECR/ECN】工程变更模块 (12 APIs) › ECR变更申请 (7) › ECR-005: PATCH /api/v1/plm/ecrs/:id/approve - 审批ECR

    expect(received).toContain(expected) // indexOf

    Expected value: 404
    Received array: [200, 201, 204]

    [0m [90m 2749 |[39m     it([32m'ECR-005: PATCH /api/v1/plm/ecrs/:id/approve - 审批ECR'[39m[33m,[39m [36masync[39m () [33m=>[39m {
     [90m 2750 |[39m       [36mconst[39m resp [33m=[39m [36mawait[39m patch([33mAPI[39m [33m+[39m [32m'/plm/ecrs/1/approve'[39m[33m,[39m {})
    [31m[1m>[22m[39m[90m 2751 |[39m       expect([[35m200[39m[33m,[39m [35m201[39m[33m,[39m [35m204[39m])[33m.[39mtoContain(resp[33m.[39mstatus)
     [90m      |[39m                               [31m[1m^[22m[39m
     [90m 2752 |[39m     })
     [90m 2753 |[39m     it([32m'ECR-006: PATCH /api/v1/plm/ecrs/:id/reject - 驳回ECR'[39m[33m,[39m [36masync[39m () [33m=>[39m {
     [90m 2754 |[39m       [36mconst[39m resp [33m=[39m [36mawait[39m patch([33mAPI[39m [33m+[39m [32m'/plm/ecrs/1/reject'[39m[33m,[39m {})[0m

      at Object.<anonymous> (test/complete-api-test.spec.ts:2751:31)

  ● 【PLM ECR/ECN】工程变更模块 (12 APIs) › ECR变更申请 (7) › ECR-006: PATCH /api/v1/plm/ecrs/:id/reject - 驳回ECR

    expect(received).toContain(expected) // indexOf

    Expected value: 404
    Received array: [200, 201, 204]

    [0m [90m 2753 |[39m     it([32m'ECR-006: PATCH /api/v1/plm/ecrs/:id/reject - 驳回ECR'[39m[33m,[39m [36masync[39m () [33m=>[39m {
     [90m 2754 |[39m       [36mconst[39m resp [33m=[39m [36mawait[39m patch([33mAPI[39m [33m+[39m [32m'/plm/ecrs/1/reject'[39m[33m,[39m {})
    [31m[1m>[22m[39m[90m 2755 |[39m       expect([[35m200[39m[33m,[39m [35m201[39m[33m,[39m [35m204[39m])[33m.[39mtoContain(resp[33m.[39mstatus)
     [90m      |[39m                               [31m[1m^[22m[39m
     [90m 2756 |[39m     })
     [90m 2757 |[39m   })
     [90m 2758 |[39m   describe([32m'ECN变更通知 (4)'[39m[33m,[39m () [33m=>[39m {[0m

      at Object.<anonymous> (test/complete-api-test.spec.ts:2755:31)

  ● 【PLM ECR/ECN】工程变更模块 (12 APIs) › ECN变更通知 (4) › ECN-002: POST /api/v1/plm/ecns - 创建ECN

    expect(received).toContain(expected) // indexOf

    Expected value: 404
    Received array: [200, 201, 204]

    [0m [90m 2763 |[39m     it([32m'ECN-002: POST /api/v1/plm/ecns - 创建ECN'[39m[33m,[39m [36masync[39m () [33m=>[39m {
     [90m 2764 |[39m       [36mconst[39m resp [33m=[39m [36mawait[39m post([33mAPI[39m [33m+[39m [32m'/plm/ecns'[39m[33m,[39m { ecnNo[33m:[39m [32m`ECN_${testData.ts}`[39m[33m,[39m title[33m:[39m [32m'Test ECN'[39m })
    [31m[1m>[22m[39m[90m 2765 |[39m       expect([[35m200[39m[33m,[39m [35m201[39m[33m,[39m [35m204[39m])[33m.[39mtoContain(resp[33m.[39mstatus)
     [90m      |[39m                               [31m[1m^[22m[39m
     [90m 2766 |[39m     })
     [90m 2767 |[39m     it([32m'ECN-003: GET /api/v1/plm/ecns/:id - ECN详情'[39m[33m,[39m [36masync[39m () [33m=>[39m {
     [90m 2768 |[39m       [36mconst[39m resp [33m=[39m [36mawait[39m [36mget[39m([33mAPI[39m [33m+[39m [32m'/plm/ecns/1'[39m)[0m

      at Object.<anonymous> (test/complete-api-test.spec.ts:2765:31)

  ● 【PLM ECR/ECN】工程变更模块 (12 APIs) › ECN变更通知 (4) › ECN-003: GET /api/v1/plm/ecns/:id - ECN详情

    expect(received).toContain(expected) // indexOf

    Expected value: 404
    Received array: [200, 201, 204]

    [0m [90m 2767 |[39m     it([32m'ECN-003: GET /api/v1/plm/ecns/:id - ECN详情'[39m[33m,[39m [36masync[39m () [33m=>[39m {
     [90m 2768 |[39m       [36mconst[39m resp [33m=[39m [36mawait[39m [36mget[39m([33mAPI[39m [33m+[39m [32m'/plm/ecns/1'[39m)
    [31m[1m>[22m[39m[90m 2769 |[39m       expect([[35m200[39m[33m,[39m [35m201[39m[33m,[39m [35m204[39m])[33m.[39mtoContain(resp[33m.[39mstatus)
     [90m      |[39m                               [31m[1m^[22m[39m
     [90m 2770 |[39m     })
     [90m 2771 |[39m     it([32m'ECN-004: PATCH /api/v1/plm/ecns/:id/complete - 完成ECN'[39m[33m,[39m [36masync[39m () [33m=>[39m {
     [90m 2772 |[39m       [36mconst[39m resp [33m=[39m [36mawait[39m patch([33mAPI[39m [33m+[39m [32m'/plm/ecns/1/complete'[39m[33m,[39m {})[0m

      at Object.<anonymous> (test/complete-api-test.spec.ts:2769:31)

  ● 【PLM ECR/ECN】工程变更模块 (12 APIs) › ECN变更通知 (4) › ECN-004: PATCH /api/v1/plm/ecns/:id/complete - 完成ECN

    expect(received).toContain(expected) // indexOf

    Expected value: 404
    Received array: [200, 201, 204]

    [0m [90m 2771 |[39m     it([32m'ECN-004: PATCH /api/v1/plm/ecns/:id/complete - 完成ECN'[39m[33m,[39m [36masync[39m () [33m=>[39m {
     [90m 2772 |[39m       [36mconst[39m resp [33m=[39m [36mawait[39m patch([33mAPI[39m [33m+[39m [32m'/plm/ecns/1/complete'[39m[33m,[39m {})
    [31m[1m>[22m[39m[90m 2773 |[39m       expect([[35m200[39m[33m,[39m [35m201[39m[33m,[39m [35m204[39m])[33m.[39mtoContain(resp[33m.[39mstatus)
     [90m      |[39m                               [31m[1m^[22m[39m
     [90m 2774 |[39m     })
     [90m 2775 |[39m   })
     [90m 2776 |[39m   describe([32m'ECN执行计划 (9)'[39m[33m,[39m () [33m=>[39m {[0m

      at Object.<anonymous> (test/complete-api-test.spec.ts:2773:31)

  ● 【PLM ECR/ECN】工程变更模块 (12 APIs) › ECN执行计划 (9) › ECN-EXEC-002: GET /api/v1/plm/ecn-execution-plans/:id - 执行计划详情

    expect(received).toContain(expected) // indexOf

    Expected value: 404
    Received array: [200, 201, 204]

    [0m [90m 2781 |[39m     it([32m'ECN-EXEC-002: GET /api/v1/plm/ecn-execution-plans/:id - 执行计划详情'[39m[33m,[39m [36masync[39m () [33m=>[39m {
     [90m 2782 |[39m       [36mconst[39m resp [33m=[39m [36mawait[39m [36mget[39m([33mAPI[39m [33m+[39m [32m'/plm/ecn-execution-plans/1'[39m)
    [31m[1m>[22m[39m[90m 2783 |[39m       expect([[35m200[39m[33m,[39m [35m201[39m[33m,[39m [35m204[39m])[33m.[39mtoContain(resp[33m.[39mstatus)
     [90m      |[39m                               [31m[1m^[22m[39m
     [90m 2784 |[39m     })
     [90m 2785 |[39m     it([32m'ECN-EXEC-003: PATCH /api/v1/plm/ecn-execution-plans/:id/trigger - 触发执行'[39m[33m,[39m [36masync[39m () [33m=>[39m {
     [90m 2786 |[39m       [36mconst[39m resp [33m=[39m [36mawait[39m patch([33mAPI[39m [33m+[39m [32m'/plm/ecn-execution-plans/1/trigger'[39m[33m,[39m {})[0m

      at Object.<anonymous> (test/complete-api-test.spec.ts:2783:31)

  ● 【PLM ECR/ECN】工程变更模块 (12 APIs) › ECN执行计划 (9) › ECN-EXEC-003: PATCH /api/v1/plm/ecn-execution-plans/:id/trigger - 触发执行

    expect(received).toContain(expected) // indexOf

    Expected value: 404
    Received array: [200, 201, 204]

    [0m [90m 2785 |[39m     it([32m'ECN-EXEC-003: PATCH /api/v1/plm/ecn-execution-plans/:id/trigger - 触发执行'[39m[33m,[39m [36masync[39m () [33m=>[39m {
     [90m 2786 |[39m       [36mconst[39m resp [33m=[39m [36mawait[39m patch([33mAPI[39m [33m+[39m [32m'/plm/ecn-execution-plans/1/trigger'[39m[33m,[39m {})
    [31m[1m>[22m[39m[90m 2787 |[39m       expect([[35m200[39m[33m,[39m [35m201[39m[33m,[39m [35m204[39m])[33m.[39mtoContain(resp[33m.[39mstatus)
     [90m      |[39m                               [31m[1m^[22m[39m
     [90m 2788 |[39m     })
     [90m 2789 |[39m     it([32m'ECN-EXEC-004: PATCH /api/v1/plm/ecn-execution-plans/:id/effective-date - 修改生效日期'[39m[33m,[39m [36masync[39m () [33m=>[39m {
     [90m 2790 |[39m       [36mconst[39m resp [33m=[39m [36mawait[39m patch([33mAPI[39m [33m+[39m [32m'/plm/ecn-execution-plans/1/effective-date'[39m[33m,[39m { effectiveDate[33m:[39m [32m'2026-06-01'[39m })[0m

      at Object.<anonymous> (test/complete-api-test.spec.ts:2787:31)

  ● 【PLM ECR/ECN】工程变更模块 (12 APIs) › ECN执行计划 (9) › ECN-EXEC-004: PATCH /api/v1/plm/ecn-execution-plans/:id/effective-date - 修改生效日期

    expect(received).toContain(expected) // indexOf

    Expected value: 404
    Received array: [200, 201, 204]

    [0m [90m 2789 |[39m     it([32m'ECN-EXEC-004: PATCH /api/v1/plm/ecn-execution-plans/:id/effective-date - 修改生效日期'[39m[33m,[39m [36masync[39m () [33m=>[39m {
     [90m 2790 |[39m       [36mconst[39m resp [33m=[39m [36mawait[39m patch([33mAPI[39m [33m+[39m [32m'/plm/ecn-execution-plans/1/effective-date'[39m[33m,[39m { effectiveDate[33m:[39m [32m'2026-06-01'[39m })
    [31m[1m>[22m[39m[90m 2791 |[39m       expect([[35m200[39m[33m,[39m [35m201[39m[33m,[39m [35m204[39m])[33m.[39mtoContain(resp[33m.[39mstatus)
     [90m      |[39m                               [31m[1m^[22m[39m
     [90m 2792 |[39m     })
     [90m 2793 |[39m     it([32m'ECN-EXEC-005: PATCH /api/v1/plm/ecn-execution-plans/:id/retry - 重试'[39m[33m,[39m [36masync[39m () [33m=>[39m {
     [90m 2794 |[39m       [36mconst[39m resp [33m=[39m [36mawait[39m patch([33mAPI[39m [33m+[39m [32m'/plm/ecn-execution-plans/1/retry'[39m[33m,[39m {})[0m

      at Object.<anonymous> (test/complete-api-test.spec.ts:2791:31)

  ● 【PLM ECR/ECN】工程变更模块 (12 APIs) › ECN执行计划 (9) › ECN-EXEC-005: PATCH /api/v1/plm/ecn-execution-plans/:id/retry - 重试

    expect(received).toContain(expected) // indexOf

    Expected value: 404
    Received array: [200, 201, 204]

    [0m [90m 2793 |[39m     it([32m'ECN-EXEC-005: PATCH /api/v1/plm/ecn-execution-plans/:id/retry - 重试'[39m[33m,[39m [36masync[39m () [33m=>[39m {
     [90m 2794 |[39m       [36mconst[39m resp [33m=[39m [36mawait[39m patch([33mAPI[39m [33m+[39m [32m'/plm/ecn-execution-plans/1/retry'[39m[33m,[39m {})
    [31m[1m>[22m[39m[90m 2795 |[39m       expect([[35m200[39m[33m,[39m [35m201[39m[33m,[39m [35m204[39m])[33m.[39mtoContain(resp[33m.[39mstatus)
     [90m      |[39m                               [31m[1m^[22m[39m
     [90m 2796 |[39m     })
     [90m 2797 |[39m     it([32m'ECN-EXEC-006: PATCH /api/v1/plm/ecn-execution-plans/:id/cancel - 取消'[39m[33m,[39m [36masync[39m () [33m=>[39m {
     [90m 2798 |[39m       [36mconst[39m resp [33m=[39m [36mawait[39m patch([33mAPI[39m [33m+[39m [32m'/plm/ecn-execution-plans/1/cancel'[39m[33m,[39m {})[0m

      at Object.<anonymous> (test/complete-api-test.spec.ts:2795:31)

  ● 【PLM ECR/ECN】工程变更模块 (12 APIs) › ECN执行计划 (9) › ECN-EXEC-006: PATCH /api/v1/plm/ecn-execution-plans/:id/cancel - 取消

    expect(received).toContain(expected) // indexOf

    Expected value: 404
    Received array: [200, 201, 204]

    [0m [90m 2797 |[39m     it([32m'ECN-EXEC-006: PATCH /api/v1/plm/ecn-execution-plans/:id/cancel - 取消'[39m[33m,[39m [36masync[39m () [33m=>[39m {
     [90m 2798 |[39m       [36mconst[39m resp [33m=[39m [36mawait[39m patch([33mAPI[39m [33m+[39m [32m'/plm/ecn-execution-plans/1/cancel'[39m[33m,[39m {})
    [31m[1m>[22m[39m[90m 2799 |[39m       expect([[35m200[39m[33m,[39m [35m201[39m[33m,[39m [35m204[39m])[33m.[39mtoContain(resp[33m.[39mstatus)
     [90m      |[39m                               [31m[1m^[22m[39m
     [90m 2800 |[39m     })
     [90m 2801 |[39m     it([32m'ECN-EXEC-007: GET /api/v1/plm/ecn-execution-plans/:id/wip-assessment - 在制评估'[39m[33m,[39m [36masync[39m () [33m=>[39m {
     [90m 2802 |[39m       [36mconst[39m resp [33m=[39m [36mawait[39m [36mget[39m([33mAPI[39m [33m+[39m [32m'/plm/ecn-execution-plans/1/wip-assessment'[39m)[0m

      at Object.<anonymous> (test/complete-api-test.spec.ts:2799:31)

  ● 【PLM ECR/ECN】工程变更模块 (12 APIs) › ECN执行计划 (9) › ECN-EXEC-009: PATCH /api/v1/plm/wip-assessment-items/:id/override - 人工覆盖

    expect(received).toContain(expected) // indexOf

    Expected value: 404
    Received array: [200, 201, 204]

    [0m [90m 2809 |[39m     it([32m'ECN-EXEC-009: PATCH /api/v1/plm/wip-assessment-items/:id/override - 人工覆盖'[39m[33m,[39m [36masync[39m () [33m=>[39m {
     [90m 2810 |[39m       [36mconst[39m resp [33m=[39m [36mawait[39m patch([33mAPI[39m [33m+[39m [32m'/plm/wip-assessment-items/1/override'[39m[33m,[39m { overrideSuggestion[33m:[39m [32m'CONTINUE'[39m })
    [31m[1m>[22m[39m[90m 2811 |[39m       expect([[35m200[39m[33m,[39m [35m201[39m[33m,[39m [35m204[39m])[33m.[39mtoContain(resp[33m.[39mstatus)
     [90m      |[39m                               [31m[1m^[22m[39m
     [90m 2812 |[39m     })
     [90m 2813 |[39m   })
     [90m 2814 |[39m })[0m

      at Object.<anonymous> (test/complete-api-test.spec.ts:2811:31)

  ● 【REPORT】报表模块 (2 APIs) › RPT-001: GET /api/v1/report/:taskId - 获取报表

    expect(received).toContain(expected) // indexOf

    Expected value: 404
    Received array: [200, 201, 204]

    [0m [90m 2820 |[39m   it([32m'RPT-001: GET /api/v1/report/:taskId - 获取报表'[39m[33m,[39m [36masync[39m () [33m=>[39m {
     [90m 2821 |[39m     [36mconst[39m resp [33m=[39m [36mawait[39m [36mget[39m([33mAPI[39m [33m+[39m [32m'/report/1'[39m)
    [31m[1m>[22m[39m[90m 2822 |[39m     expect([[35m200[39m[33m,[39m [35m201[39m[33m,[39m [35m204[39m])[33m.[39mtoContain(resp[33m.[39mstatus)
     [90m      |[39m                             [31m[1m^[22m[39m
     [90m 2823 |[39m   })
     [90m 2824 |[39m })
     [90m 2825 |[39m[0m

      at Object.<anonymous> (test/complete-api-test.spec.ts:2822:29)

Test Suites: 1 failed, 1 total
Tests:       177 failed, 353 passed, 530 total
Snapshots:   0 total
Time:        21.455 s
Ran all test suites matching complete-api-test.
